~EET/EET.TP2~ #7 #0 // EET核心组件（资源导入）: v14.0
~EEEX/EEEX.TP2~ #0 #0 // EEex: devel
~EEEX/EEEX.TP2~ #0 #1 // Experimental - Use LuaJIT (can help stuttering): devel
~EEEX/EEEX.TP2~ #0 #2 // Enable effect menu module - LShift-on-hover to view spells affecting creature: devel
~EEEX/EEEX.TP2~ #0 #3 // Enable empty container module - Highlight empty containers in gray instead of cyan: devel
~EEEX/EEEX.TP2~ #0 #4 // Enable timer module - Visual indicators for modal actions, contingencies, and spell/item cooldowns: devel
~EEEX/EEEX.TP2~ #0 #5 // Timer module - Show modal actions (red bar): devel
~EEEX/EEEX.TP2~ #0 #6 // Timer module - Show contingencies (green bar): devel
~EEEX/EEEX.TP2~ #0 #7 // Timer module - Show spell/item cooldowns (cyan bar): devel
~EEEX/EEEX.TP2~ #0 #8 // Enable time step module - Advance 1 game tick on keypress: devel
~EEEX/EEEX.TP2~ #0 #9 // Enable hotkey module - Edit override/B3Hotkey.lua to create advanced spell hotkeys: devel
~LEUI-SOD/LEUI-SOD.TP2~ #0 #0 // lefreut's Enhanced UI (SoD skin) - Core component: 4.9.1
~EEUITWEAKS/EEUITWEAKS.TP2~ #0 #1030 // Portrait Selectors -> BillyYank's Multi-Portrait Mod: 4.0.7
~EEUITWEAKS/EEUITWEAKS.TP2~ #0 #1070 // Faydark's Abilities Auto-Roller/GrimLefourbe's BG2 UI: 4.0.7
~EEUITWEAKS/EEUITWEAKS.TP2~ #0 #1100 // Display max proficiency limits: 4.0.7
~EEUITWEAKS/EEUITWEAKS.TP2~ #0 #2000 // Transparent Sidebars: 4.0.7
~UOT/SETUP-UOT.TP2~ #0 #0 // Umbra of T.R.O.W.: v2.3
~BGQE/SETUP-BGQE.TP2~ #7 #0 // 贝尔苟斯特的果冻怪: 29
~BGQE/SETUP-BGQE.TP2~ #7 #1 // 贝尔苟斯特的家庭: 29
~BGQE/SETUP-BGQE.TP2~ #7 #2 // 临时保姆与嘉年华的遭遇: 29
~BGQE/SETUP-BGQE.TP2~ #7 #3 // 那西凯的怪物: 29
~BGQE/SETUP-BGQE.TP2~ #7 #4 // 堕落的圣武士: 29
~BGQE/SETUP-BGQE.TP2~ #7 #5 // 不朽的爱情: 29
~BGQE/SETUP-BGQE.TP2~ #7 #6 // 陷入苦恋的半兽人: 29
~BGQE/SETUP-BGQE.TP2~ #7 #7 // 意想不到的帮助: 29
~BGQE/SETUP-BGQE.TP2~ #7 #8 // 许多只小爪子: 29
~BGQE/SETUP-BGQE.TP2~ #7 #9 // 贝尔苟斯特神殿附近的醉鬼: 29
~BGQE/SETUP-BGQE.TP2~ #7 #10 // 努波的温柔乡: 29
~BGQE/SETUP-BGQE.TP2~ #7 #11 // 布雷吉的剑: 29
~BGQE/SETUP-BGQE.TP2~ #7 #12 // 合法的海图来源: 29
~BGQE/SETUP-BGQE.TP2~ #7 #13 // 女神大殿与贱后神殿的扩展: 29
~BGQE/SETUP-BGQE.TP2~ #7 #14 // 一位担忧的农夫: 29
~BGQE/SETUP-BGQE.TP2~ #7 #15 // 理由正当的尸体: 29
~BGQE/SETUP-BGQE.TP2~ #7 #16 // 不用杀死水妖精就可以完成柯达的任务: 29
~BG1NPC/BG1NPC.TP2~ #7 #0 // BG1 NPC 计划：必要组件: v32
~BG1NPC/BG1NPC.TP2~ #7 #10 // BG1 NPC 计划：交谈、任务及插话: v32
~BG1NPC/BG1NPC.TP2~ #7 #200 // BG1 NPC 计划：玩家发起的对话: v32
~DARKHORIZONS/SETUP-DARKHORIZONS.TP2~ #0 #0 // "Dark Horizons" Mod: 3.02
~DH_TWEAKS/DH_TWEAKS.TP2~ #0 #0 // Dark Horizons Balancing for EE: v1.3
~DSOTSC/DSOTSC.TP2~ #6 #0 // Dark Side of the Sword Coast (DSotSC): v4.2
~DSOTSC/DSOTSC.TP2~ #6 #3 // More common encounters in vanilla areas: v4.2
~DSOTSC/DSOTSC.TP2~ #6 #4 // Distribute DSotSC items also in vanilla content: v4.2
~NTOTSC/NTOTSC.TP2~ #7 #0 // 北部剑湾: 5.0.0
~NTOTSC/NTOTSC.TP2~ #7 #1 // 根据游戏难度减少怪物数量: 5.0.0
~NTOTSC/NTOTSC.TP2~ #7 #2 // 侏儒克勒: 5.0.0
~NTOTSC/NTOTSC.TP2~ #7 #3 // 林德林的幸运箭: 5.0.0
~NTOTSC/NTOTSC.TP2~ #7 #5 // 派拉和盖德哈尔: 5.0.0
~NTOTSC/NTOTSC.TP2~ #7 #7 // 威尔·奥哈拉NPC: 5.0.0
~NTOTSC/NTOTSC.TP2~ #7 #8 // 威尔·奥哈拉安装英语语音: 5.0.0
~NTOTSC/NTOTSC.TP2~ #7 #9 // 战斗遭遇: 5.0.0
~NTOTSC/NTOTSC.TP2~ #7 #10 // 增强的小恶魔: 5.0.0
~NTOTSC/NTOTSC.TP2~ #7 #11 // 增强的希勃尔: 5.0.0
~NTOTSC/NTOTSC.TP2~ #7 #12 // 增强的高特尔: 5.0.0
~NTOTSC/NTOTSC.TP2~ #7 #14 // 减少萨满斗篷的数量 -> 不再掉落斗篷: 5.0.0
~NTOTSC/NTOTSC.TP2~ #7 #16 // 法术卷轴 -> 原始版本（7/8级法术）: 5.0.0
~TGC1E/TGC1E.TP2~ #8 #0 // 暗灰帮三部曲第一部：烛光 BGT-WeiDU/EET/BG:EE 版本 v1.9 -> 普通版本: v1.9
~C#ENDLESSBG1/C#ENDLESSBG1.TP2~ #8 #0 // 无尽的BG1：主要组件（必需）: 20
~C#ENDLESSBG1/C#ENDLESSBG1.TP2~ #8 #1 // 给博德之门的英雄增添更多风味（包括PC在宫殿内的住所）: 20
~C#ENDLESSBG1/C#ENDLESSBG1.TP2~ #8 #2 // 简短的公共英雄致敬: 20
~C#ENDLESSBG1/C#ENDLESSBG1.TP2~ #8 #3 // 沙洛佛克的独特物品: 20
~C#ENDLESSBG1/C#ENDLESSBG1.TP2~ #8 #4 // 沙洛佛克的剑: 20
~C#ENDLESSBG1/C#ENDLESSBG1.TP2~ #8 #5 // 爱蒙和詹纳斯大公（爱蒙在宫殿内有住所）: 20
~C#ENDLESSBG1/C#ENDLESSBG1.TP2~ #8 #6 // 伊尔坦公爵在宫殿内: 20
~C#ENDLESSBG1/C#ENDLESSBG1.TP2~ #8 #7 // 最终战斗后的焰拳: 20
~C#ENDLESSBG1/C#ENDLESSBG1.TP2~ #8 #8 // 伊尔明斯特露面 -> Jastey的版本: 20
~C#ENDLESSBG1/C#ENDLESSBG1.TP2~ #8 #10 // 第一批难民来到博德之门: 20
~C#ENDLESSBG1/C#ENDLESSBG1.TP2~ #8 #11 // 财务官欧菲利斯在宫殿地牢内: 20
~C#ENDLESSBG1/C#ENDLESSBG1.TP2~ #8 #12 // 丹考德在盗贼公会评论沙洛佛克的死亡: 20
~C#ENDLESSBG1/C#ENDLESSBG1.TP2~ #8 #13 // 在沙洛佛克死后跳过盗贼迷宫一次: 20
~C#ENDLESSBG1/C#ENDLESSBG1.TP2~ #8 #14 // 克拉兹地牢位于BG1中: 20
~C#ENDLESSBG1/C#ENDLESSBG1.TP2~ #8 #15 // 宫殿治疗师芬斯特在宫殿内: 20
~C#ENDLESSBG1/C#ENDLESSBG1.TP2~ #8 #16 // 科温队长在宫殿内: 20
~BONEHILLEET/SETUP-BONEHILLEET.TP2~ #6 #0 // 埋骨丘的秘密v34 (EET): v34
~SOTSC/SOTSC.TP2~ #7 #0 // 剑湾之影 —— 博德之门增强版扩展包: v9.0
~ASCENSION/ASCENSION.TP2~ #4 #0 // 重写巴尔王座的最终章: 2.1.0
~ASCENSION/ASCENSION.TP2~ #4 #10 // 巴萨札可以被救赎: 2.1.0
~ASCENSION/ASCENSION.TP2~ #4 #20 // 增强沙洛佛克与玩家的互动: 2.1.0
~ASCENSION/ASCENSION.TP2~ #4 #30 // 增强爱蒙在巴尔王座中与玩家的互动: 2.1.0
~ASCENSION/ASCENSION.TP2~ #4 #40 // 还原巴尔之子的能力: 2.1.0
~ASCENSION/ASCENSION.TP2~ #4 #50 // 增强杀戮者的变形: 2.1.0
~ASCENSION/ASCENSION.TP2~ #4 #61 // 扩展原版 Bioware NPC 的结局 -> Shawne 的原版 Bioware NPC 结局: 2.1.0
~ASCENSION/ASCENSION.TP2~ #4 #1000 // 更强的阿巴济戈: 2.1.0
~ASCENSION/ASCENSION.TP2~ #4 #1100 // 更强的巴萨札: 2.1.0
~ASCENSION/ASCENSION.TP2~ #4 #1200 // 更强的狄摩高根: 2.1.0
~ASCENSION/ASCENSION.TP2~ #4 #1300 // 更强的葛罗姆尼尔: 2.1.0
~ASCENSION/ASCENSION.TP2~ #4 #1400 // 更强的伊菈赛菈: 2.1.0
~ASCENSION/ASCENSION.TP2~ #4 #1500 // 更强的雅加苏拉: 2.1.0
~ASCENSION/ASCENSION.TP2~ #4 #2200 // Shawne 的增强版 Beamdog NPC 结局: 2.1.0
~ASCENSION/ASCENSION.TP2~ #4 #2400 // 稍微增强过场动画: 2.1.0
~LONGERROAD/LONGERROAD.TP2~ #5 #0 // 悠久旅途: 2.0.7
~UB/SETUP-UB.TP2~ #7 #0 // 被诱拐的小布: v29
~UB/SETUP-UB.TP2~ #7 #1 // 恢复苏娜·塞妮与瓦里格的关系: v29
~UB/SETUP-UB.TP2~ #7 #2 // 卡拉和他许下的愿望: v29
~UB/SETUP-UB.TP2~ #7 #3 // “猫和老鼠”（芭荻在禁魔监狱中追杀你）: v29
~UB/SETUP-UB.TP2~ #7 #4 // 高杰·希尔达克与扩充的伊利希银任务: v29
~UB/SETUP-UB.TP2~ #7 #5 // 派娜与灭蛛剑: v29
~UB/SETUP-UB.TP2~ #7 #6 // 复原弯颈鹤旅店: v29
~UB/SETUP-UB.TP2~ #7 #7 // 恢复遭遇战: v29
~UB/SETUP-UB.TP2~ #7 #8 // 阿提密斯·恩崔立出现在芭荻巢穴: v29
~UB/SETUP-UB.TP2~ #7 #9 // 修正“萨尔的造物”: v29
~UB/SETUP-UB.TP2~ #7 #10 // 恢复地狱中艾瑞尼卡斯之战的喽罗: v29
~UB/SETUP-UB.TP2~ #7 #12 // 物品恢复: v29
~UB/SETUP-UB.TP2~ #7 #15 // NPC头像恢复: v29
~UB/SETUP-UB.TP2~ #7 #17 // 正确的人物名称和特性: v29
~UB/SETUP-UB.TP2~ #7 #18 // 少量对话恢复: v29
~UB/SETUP-UB.TP2~ #7 #19 // 恢复巴尔之子的特殊能力: v29
~UB/SETUP-UB.TP2~ #7 #20 // 扩展ToB的物品描述: v29
~UB/SETUP-UB.TP2~ #7 #21 // ToB附加修正: v29
~UB/SETUP-UB.TP2~ #7 #24 // 沙洛佛克的忏悔: v29
~UB/SETUP-UB.TP2~ #7 #25 // 艾克顿·巴西斯谋杀案 作者：Kulyok: v29
~ARESTORATIONP/ARESTORATIONP.TP2~ #6 #0 // 区域补全(作者:Almateria. 汉化:c4_angel v8.0.2): v10.1
~ARESTORATIONP/ARESTORATIONP.TP2~ #6 #1 // 生物及对话补全: v10.1
~ARESTORATIONP/ARESTORATIONP.TP2~ #6 #2 // 声音补全: v10.1
~ARESTORATIONP/ARESTORATIONP.TP2~ #6 #3 // 物品补全: v10.1
~ARESTORATIONP/ARESTORATIONP.TP2~ #6 #4 // 许愿术条目补全: v10.1
~ARESTORATIONP/ARESTORATIONP.TP2~ #6 #5 // 经验值细节补全: v10.1
~ARESTORATIONP/ARESTORATIONP.TP2~ #6 #6 // 巫妖德瑞尔: v10.1
~ARESTORATIONP/ARESTORATIONP.TP2~ #6 #7 // 随机遭遇战补全: v10.1
~ARESTORATIONP/ARESTORATIONP.TP2~ #6 #8 // 细节补全: v10.1
~ARESTORATIONP/ARESTORATIONP.TP2~ #6 #11 // 杀戮者梦境补全: v10.1
~ARESTORATIONP/ARESTORATIONP.TP2~ #6 #12 // 杀戮者变身调整: v10.1
~ARESTORATIONP/ARESTORATIONP.TP2~ #6 #13 // 渥金商场动画补全: v10.1
~CTB/CTB.TP2~ #6 #0 // 检查身体: 3.1
~SOS/SOS.TP2~ #5 #0 // 笼罩索巴的阴影: 2.1.4
~SOS/SOS.TP2~ #5 #4 // 备选的索巴区域（by Cuttooth）: 2.1.4
~SOS/SOS.TP2~ #5 #1 // 在贫民窟与盖兰会面后赛伦丝抵达渥金大道: 2.1.4
~BLOODIEDSTINGSOFBAROVIA/BLOODIEDSTINGSOFBAROVIA.TP2~ #1 #0 // 巴洛维亚的血腥骗局——适用于博德之门2增强版的黑暗魔域冒险: v2.5
~GODCALL/SETUP-GODCALL.TP2~ #2 #0 // Call Of The Lost Goddess V 2.4
~GODCALL/SETUP-GODCALL.TP2~ #2 #50 // Install portraits for the major NPCs of the mod
~GODCALL/SETUP-GODCALL.TP2~ #2 #200 // Install AI voiceover for major NPCs of the mod (mostly in English)
~SIRINESCALL/SETUP-SIRINESCALL.TP2~ #7 #0 // 海妖女的呼唤: v16.4
~SIRINESCALL/SETUP-SIRINESCALL.TP2~ #7 #1 // 扩展的灯塔地区: v16.4
~GORGON/SETUP-GORGON.TP2~ #1 #0 // 安装戈尔贡之眼: v4.8
~GORGON/SETUP-GORGON.TP2~ #1 #1 // NPC人物头像 -> 给该mod添加的所有人物增加头像: v4.8
~GORGON/SETUP-GORGON.TP2~ #1 #4 // 增加更多可以偷窃的物品: v4.8
~AC_QUEST/AC_QUEST.TP2~ #6 #0 // 一份报酬丰厚的工作: 6.1
~AC_QUEST/AC_QUEST.TP2~ #6 #1 // 地精的盛宴: 6.1
~AC_QUEST/AC_QUEST.TP2~ #6 #3 // “蹦蹦” -> 兼容性替代方案：乌格和“蹦蹦”在外部。: 6.1
~AC_QUEST/AC_QUEST.TP2~ #6 #4 // 失踪的儿子: 6.1
~AC_QUEST/AC_QUEST.TP2~ #6 #5 // 狼与人 -> 任务使用位于高篱堡附近的小屋。: 6.1
~AC_QUEST/AC_QUEST.TP2~ #6 #7 // 伟大的卡尔里尼: 6.1
~AC_QUEST/AC_QUEST.TP2~ #6 #8 // 为狂猿找一个家: 6.1
~AC_QUEST/AC_QUEST.TP2~ #6 #9 // 狂热女粉丝: 6.1
~AC_QUEST/AC_QUEST.TP2~ #6 #11 // 阿巴索之蛇 -> 调整版本：任务可以在BG1中完成。: 6.1
~AC_QUEST/AC_QUEST.TP2~ #6 #12 // 盲眼邪教中的半身人: 6.1
~BG1AERIE/SETUP-BG1AERIE.TP2~ #0 #5000 // Aerie for BG:EE: 2.5
~C#SB_SILBER/SETUP-C#SB_SILBER.TP2~ #8 #0 // 艾达隆之血 - 博德之门2的修改 by Gandalf the white: 17.2
~TOD/TOD.TP2~ #8 #0 // 欺骗之塔: v4.1.0
~TOD/TOD.TP2~ #8 #1 // 强化星界碎片守卫: v4.1.0
~TOD/TOD.TP2~ #8 #2 // 遭遇乌斯崔恩: v4.1.0
~TOD/TOD.TP2~ #8 #3 // 修复曙光战刃的加速状态: v4.1.0
~DC/DC.TP2~ #5 #0 // 地城爬行者: v13.1
~A7-TESTYOURMETTLE/A7-TESTYOURMETTLE.TP2~ #4 #0 // 勇气挑战！: 1.6
~A7-TESTYOURMETTLE/A7-TESTYOURMETTLE.TP2~ #4 #20 // 使“空间扭曲”可在商店购买: 1.6
~PLANARSPHEREMOD/SETUP-PLANARSPHEREMOD.TP2~ #2 #0 // PlanarSphereMod, main component(CHS): v2.9
~PLANARSPHEREMOD/SETUP-PLANARSPHEREMOD.TP2~ #2 #623 // Planar Sphere Store(CHS): v2.9
~PLANARSPHEREMOD/SETUP-PLANARSPHEREMOD.TP2~ #2 #624 // Waukeen's Promenade Store(CHS): v2.9
~PLANARSPHEREMOD/SETUP-PLANARSPHEREMOD.TP2~ #2 #625 // Planar Sphere Return v2(CHS): v2.9
~ASSASSINATIONS/ASSASSINATIONS.TP2~ #7 #0 // 刺杀合约: v19
~BACKBRYNNLAW/BACKBRYNNLAW.TP2~ #3 #0 // 重返布林罗岛: v9
~SELLSWORDS/SELLSWORDS.TP2~ #3 #0 // 佣兵生涯: v9.1
~REUNION/REUNION.TP2~ #2 #0 // 再度重聚: v7
~TOTDG/TOTDG.TP2~ #7 #0 // 无限颜色系列：深渊庭院的传说 -> 是的，但不要修改存档文件: 12.94
~SEATOWER/SETUP-SEATOWER.TP2~ #0 #0 // Balduran's Sea Tower Quests: V1.2
~SEATOWER/SETUP-SEATOWER.TP2~ #0 #1 // Increase mind flayer dungeon difficulty: V1.2
~SEATOWER/SETUP-SEATOWER.TP2~ #0 #2 // Ghost Knights at Ulcaster: V1.2
~SEATOWER/SETUP-SEATOWER.TP2~ #0 #3 // Hull's Sword extension: V1.2
~SEATOWER/SETUP-SEATOWER.TP2~ #0 #4 // Baldur's Gate Arms and Armour Emporium: V1.2
~SEATOWER/SETUP-SEATOWER.TP2~ #0 #5 // Extra Encounters: V1.2
~EXTRAEXPANDEDENHANCEDENCOUNTERS/EXTRAEXPANDEDENHANCEDENCOUNTERS.TP2~ #3 #0 // EEEE：美利亚·快夜，十字路口: 4.3
~EXTRAEXPANDEDENHANCEDENCOUNTERS/EXTRAEXPANDEDENHANCEDENCOUNTERS.TP2~ #3 #1 // EEEE：比米的烦人强盗: 4.3
~EXTRAEXPANDEDENHANCEDENCOUNTERS/EXTRAEXPANDEDENHANCEDENCOUNTERS.TP2~ #3 #2 // EEEE：增强的豺狼人要塞: 4.3
~EXTRAEXPANDEDENHANCEDENCOUNTERS/EXTRAEXPANDEDENHANCEDENCOUNTERS.TP2~ #3 #3 // EEEE：豺狼人要塞附近熊遭遇战: 4.3
~EXTRAEXPANDEDENHANCEDENCOUNTERS/EXTRAEXPANDEDENHANCEDENCOUNTERS.TP2~ #3 #4 // EEEE：撒恩的新物品（木拉山洞里的新物品）: 4.3
~EXTRAEXPANDEDENHANCEDENCOUNTERS/EXTRAEXPANDEDENHANCEDENCOUNTERS.TP2~ #3 #5 // EEEE：丹妮的桥头强盗: 4.3
~EXTRAEXPANDEDENHANCEDENCOUNTERS/EXTRAEXPANDEDENHANCEDENCOUNTERS.TP2~ #3 #6 // EEEE：翼龙山洞里的火龙: 4.3
~EXTRAEXPANDEDENHANCEDENCOUNTERS/EXTRAEXPANDEDENHANCEDENCOUNTERS.TP2~ #3 #7 // EEEE：地下城市岩浆堡垒遭遇战：红骷髅 - （U.M.B.E.R.S.）: 4.3
~BLACKHEARTS/SETUP-BLACKHEARTS.TP2~ #1 #1 // 在BGEE或包含BGEE和BG2EE的EET中安装黑心: v2.03
~VAULTEET/SETUP-VAULTEET.TP2~ #6 #0 // 地窟: v8.3
~VAULTEET/SETUP-VAULTEET.TP2~ #6 #1 // 物品可以升级: v8.3
~ARCHAIC/SETUP-ARCHAIC.TP2~ #0 #0 // 古旧神殿: 3.4
~ARCHAIC/SETUP-ARCHAIC.TP2~ #0 #1 // 替换恐怖黑洞+5的属性为触发暗影门: 3.4
~MELTING/SETUP-MELTING.TP2~ #0 #0 // 熔化旅店: 3.5
~LORETAKERS/SETUP-LORETAKERS.TP2~ #2 #0 // Loretakers V 1.9: V 1.9
~INNERSHADE/SETUP-INNERSHADE.TP2~ #6 #0 // 无限颜色系列：遮蔽村庄 -> 是的，但不要修改存档文件: v11.13
~WHITEQUEEN/WHITEQUEEN.TP2~ #6 #0 // 无限颜色系列：洁白女王 -> 是的，但不要修改存档文件: v7.3.1
~SOUTHERNEDGE/SOUTHERNEDGE.TP2~ #2 #0 // 市郊区：阿斯卡特拉的新地区 -> 是的，但不要修改存档文件: v5.2.1
~ALABASTERSANDS/ALABASTERSANDS.TP2~ #4 #0 // 阿斯卡特拉新地区：雪花石海滩 -> 是的，但不要修改存档文件: v1.8.1
~OOZE/OOZE.TP2~ #1 #0 // 软泥会客厅：阿斯卡特拉贫民区的新地区: v2.98
~ISNF/ISNF.TP2~ #5 #0 // 无限颜色系列：矢志不渝的爱: 6.3
~TANGLEDISLE/TANGLEDISLE.TP2~ #2 #0 // 缠绕橡树岛：阿斯卡特拉的新地区 -> 是的，但不要修改存档文件: v4.5.3
~EILISTRAEE/SETUP-EILISTRAEE.TP2~ #6 #0 // 伊莉丝翠之歌 -> 是的，但不要修改存档文件: v7.5.1
~TIDINGS/SETUP-TIDINGS.TP2~ #4 #0 // Dark Tidings(CHS): 2.4
~FISHINGFORTROUBLE/FISHINGFORTROUBLE.TP2~ #2 #0 // FishingForTrouble(CHS): v3.2.11
~FISHINGFORTROUBLE/FISHINGFORTROUBLE.TP2~ #2 #1 // FishingForTrouble:Major character portraits: v3.2.11
~INLOVEUNDEATH/INLOVEUNDEATH.TP2~ #1 #0 // 恐怖故事：爱与不朽 - BG2EE的新任务和新伙伴 -> 是的，但不要修改存档文件: v1.8.2
~INLOVEUNDEATH/INLOVEUNDEATH.TP2~ #1 #2 // 克斯莱：玩家发起的对话: v1.8.2
~JUNIPERANDTHESTONELEECH/JUNIPERANDTHESTONELEECH.TP2~ #1 #0 // 恐怖故事：杜松与石水蛭 - BG2EE ToB的同伴和任务Mod: v1.8.1
~JUNIPERANDTHESTONELEECH/JUNIPERANDTHESTONELEECH.TP2~ #1 #1 // 恐怖故事：杜松和石水蛭 - 杜松的玩家发起对话: v1.8.1
~WHINHILL/WHINHILL.TP2~ #1 #0 // 惠恩山之旅 - BG2：EE任务 -> 是的，但不要修改存档文件: v1.3.1
~WHINHILL/WHINHILL.TP2~ #1 #2 // 惠恩山之旅：添加可选的可加入的小伙伴 - 阿福·祖维: v1.3.1
~WHINHILL/WHINHILL.TP2~ #1 #3 // 惠恩山之旅：为可选的伙伴增加玩家发起的对话 - 阿福·祖维: v1.3.1
~AJOCMOD/SETUP-AJOCMOD.TP2~ #5 #0 // 拉伦的归途(布鲁斯介绍的工作): v1.8
~DOFD/SETUP-DOFD.TP2~ #5 #0 // 可怖之域: v3.5
~DOFD/SETUP-DOFD.TP2~ #5 #100 // 添加访问“可怖之域”的另一种更简单的方式: v3.5
~VAMPIRETALES/SETUP-VAMPIRETALES.TP2~ #5 #0 // 吸血鬼的故事（需要《巴尔王座》）: v108
~VAMPIRETALES/SETUP-VAMPIRETALES.TP2~ #5 #1 // 增强的盲目之眼教派: v108
~VAMPIRETALES/SETUP-VAMPIRETALES.TP2~ #5 #2 // 增强的竖琴手战斗: v108
~VAMPIRETALES/SETUP-VAMPIRETALES.TP2~ #5 #3 // CoM商店1: v108
~AZENGAARD/SETUP-AZENGAARD.TP2~ #3 #0 // 阿桢噶德(Azengaard)战术遭遇战: v7.1
~AZENGAARD/SETUP-AZENGAARD.TP2~ #3 #1 // 强化崔米镇墓穴: v7.1
~COM_ENCOUNTERS/SETUP-COM_ENCOUNTERS.TP2~ #7 #0 // 蜜斯特拉选民遭遇战（需要巴尔王座）: v1.22
~COM_ENCOUNTERS/SETUP-COM_ENCOUNTERS.TP2~ #7 #1 // 安装改进的德鲁伊遭遇战？: v1.22
~COM_ENCOUNTERS/SETUP-COM_ENCOUNTERS.TP2~ #7 #2 // 安装改进的夏格贝格遭遇吗？: v1.22
~IMPASYLUM/SETUP-IMPASYLUM.TP2~ #0 #0 // Detectable Spells (Required for the Other Components): v101
~IMPASYLUM/SETUP-IMPASYLUM.TP2~ #0 #1 // Improved Asylum Mod for BG2:ToB: v101
~IMPASYLUM/SETUP-IMPASYLUM.TP2~ #0 #2 // Spellhold Lich: v101
~IMPASYLUM/SETUP-IMPASYLUM.TP2~ #0 #3 // Improved Player Scripts: v101
~COWLEDMENACE/SETUP-COWLEDMENACE.TP2~ #2 #1000 // 主要组件: 1.0.3
~COWLEDMENACE/SETUP-COWLEDMENACE.TP2~ #2 #2100 // 适合高级别法师的合适物品: 1.0.3
~COWLEDMENACE/SETUP-COWLEDMENACE.TP2~ #2 #3000 // 法师们远离自己施放的传送门: 1.0.3
~THALAN/THALAN.TP2~ #7 #0 // 泰蓝提尔物品升级: v4.5.1
~ITEMUPGRADE/ITEMUPGRADE.TP2~ #7 #0 // 安姆阴影物品强化 -> 原始版本（以名单形式列出所有新增物品强化）: v55
~ITEMUPGRADE/ITEMUPGRADE.TP2~ #7 #1 // 巴尔王座物品强化 -> 原始版本（以名单形式列出所有新增物品强化）: v55
~TTSQ/SETUP-TTSQ.TP2~ #0 #0 // The Tortured Soul Quest - WeiDU: v7
~HIDDENADVENTURE/HIDDENADVENTURE.TP2~ #5 #0 // 艾吉亚女士的扩展剧情: Beta_9
~HIDDENADVENTURE/HIDDENADVENTURE.TP2~ #5 #1 // 阿诺门的扩展剧情: Beta_9
~HIDDENADVENTURE/HIDDENADVENTURE.TP2~ #5 #2 // 洁利雅的矿石商店: Beta_9
~HIDDENADVENTURE/HIDDENADVENTURE.TP2~ #5 #3 // 洛山达神殿的精灵圣水: Beta_9
~HIDDENADVENTURE/HIDDENADVENTURE.TP2~ #5 #4 // 国库中的波涛戟刃: Beta_9
~HIDDENADVENTURE/HIDDENADVENTURE.TP2~ #5 #5 // 艾瑞尼卡斯地牢里的银匕首: Beta_9
~HIDDENADVENTURE/HIDDENADVENTURE.TP2~ #5 #6 // 吟游诗人可以在他们的据点过夜（五酒壶旅店）: Beta_9
~HIDDENADVENTURE/HIDDENADVENTURE.TP2~ #5 #7 // 吟游诗人据点里的吟游诗人: Beta_9
~HIDDENADVENTURE/HIDDENADVENTURE.TP2~ #5 #8 // 银剑: Beta_9
~HIDDENADVENTURE/HIDDENADVENTURE.TP2~ #5 #9 // 萨拉督许的隧道: Beta_9
~HIDDENADVENTURE/HIDDENADVENTURE.TP2~ #5 #10 // 码头区的马斯克神殿: Beta_9
~ROLLES/ROLLES.TP2~ #5 #0 // 洛斯·萨佛的商店: v5.0.5
~RUAD/RUAD.TP2~ #6 #0 // 罗德物品升级（SoA）: v29.4.0
~RUAD/RUAD.TP2~ #6 #10 // 罗德物品升级（ToB）: v29.4.0
~LUCY/LUCY.TP2~ #7 #0 // 翼龙露西: v5.0
~SLANDOR/SLANDOR.TP2~ #7 #0 // 牛头人和利拉寇尔: 2.1
~SHARDSOFICE/SETUP-SHARDSOFICE.TP2~ #5 #0 // 友谊的代价: v8
~SHARDSOFICE/SETUP-SHARDSOFICE.TP2~ #5 #1 // 我最好的朋友其中一些是史莱姆: v8
~SHARDSOFICE/SETUP-SHARDSOFICE.TP2~ #5 #2 // 你可以回复召唤母牛魔法，但是为什么呢？: v8
~G3ANNIVERSARY/SETUP-G3ANNIVERSARY.TP2~ #0 #0 // The Gibberlings Three Anniversary Mod: v13
~THECALLING/THECALLING.TP2~ #9 #0 // 召唤: v5
~THECALLING/THECALLING.TP2~ #9 #40 // 珍奇的物品: v5
~THOGHMA/SETUP-THOGHMA.TP2~ #2 #0 // A Quest in the service of Oghma: v1.8
~SAGAMAN/SETUP-SAGAMAN.TP2~ #0 #0 // Ulrien of Cormyr - SagaMaster
~ALTERNATIVES/SETUP-ALTERNATIVES.TP2~ #4 #0 // 替代方案: v15
~FADINGPROMISES/SETUP-FADINGPROMISES.TP2~ #6 #0 // 褪色的承诺 汉化：Archenemy: v9
~TURNABOUT/SETUP-TURNABOUT.TP2~ #0 #0 // Ascension: Turnabout: v1.8
~BRIDGESBLOCK/BRIDGESBLOCK.TP2~ #7 #0 // 阿斯卡特拉新地区：大桥街区: v2.01
~DEEPGNOMES/SETUP-DEEPGNOMES.TP2~ #0 #0 // Deepgnomes of the Sword Coast for EET: v0.4
~THERUNE/SETUP-THERUNE.TP2~ #0 #0 // Oberan's Secret: V0.4
~THERUNE/SETUP-THERUNE.TP2~ #0 #1 // Dragonspear Rune: V0.4
~THERUNE/SETUP-THERUNE.TP2~ #0 #2 // Athkatla Rune: V0.4
~BP_IN_BG/BP_IN_BG.TP2~ #2 #100 // 在BGEE/EET中添加访问“死斗黑坑”: 1.2.1
~TOA/SETUP-TOA.TP2~ #4 #1 // 阿内格异闻录（Weidu）: v2.6
~TOA/SETUP-TOA.TP2~ #4 #10 // 怪物平衡性修正: v2.6
~TOA/SETUP-TOA.TP2~ #4 #20 // 区域平衡性修正: v2.6
~TOA/SETUP-TOA.TP2~ #4 #30 // 对话&脚本平衡性修正: v2.6
~TOA/SETUP-TOA.TP2~ #4 #40 // 商店平衡性修正: v2.6
~TOA/SETUP-TOA.TP2~ #4 #50 // 物品平衡性修正: v2.6
~THRONEOFTHEMADGOD/SETUP-THRONEOFTHEMADGOD.TP2~ #2 #0 // Throne of the Mad God V 1.5: V 1.5
~PALADINS-OF-FAERUN/SETUP-PALADINS-OF-FAERUN.TP2~ #1 #1 // Paladins of Faerun Quest Pack: 4.0
~AUTUMNS_TWILIGHT/AUTUMNS_TWILIGHT.TP2~ #7 #0 // 秋暮MOD: v1.3
~AUTUMNS_TWILIGHT/AUTUMNS_TWILIGHT.TP2~ #7 #1 // Enemy Difficulty: Hard: v1.3
~ROT/SETUP-ROT.TP2~ #4 #0 // 恐怖地带: pre-v6.0
~ROT/SETUP-ROT.TP2~ #4 #3 // 可替代的马里布尔地区（by Cuttooth）: pre-v6.0
~ZBPOD/ZBPOD.TP2~ #1 #0 // 用于增强版的绝望深渊 警告！这会破坏默认的“黑坑2”独立战役。如果你尝试在安装此模组的情况下进行该战役，我们不对你发现的任何Bug或安装此模组而受到的任何影响负责。: 0.2
~ZBPOD/ZBPOD.TP2~ #1 #1 // 改进的声音: 0.2
~ZBPOD/ZBPOD.TP2~ #1 #9 // 奈菲泰尔的替代肖像 -> by Keldorn's Simp: 0.2
~TORTUREDSOULSLITE/TORTUREDSOULSLITE.TP2~ #0 #0 // Tortured Souls Lite: 0.3
~TORTUREDSOULSLITE/TORTUREDSOULSLITE.TP2~ #0 #11 // Kachiko Spawn Point -> Kachiko appears after talking with Renal: 0.3
~TORTUREDSOULSLITE/TORTUREDSOULSLITE.TP2~ #0 #20 // Kachiko Portrait -> Kachiko Original Portrait (poemmaker2): 0.3
~TORTUREDSOULSLITE/TORTUREDSOULSLITE.TP2~ #0 #30 // Kachiko Soundset -> Kachiko Default Soundset: 0.3
~TORTUREDSOULSLITE/TORTUREDSOULSLITE.TP2~ #0 #40 // Kachiko Legacy Voicelines: 0.3
~TORTUREDSOULSLITE/TORTUREDSOULSLITE.TP2~ #0 #50 // Add Portraits to Island NPCs?: 0.3
~TORTUREDSOULSLITE/TORTUREDSOULSLITE.TP2~ #0 #60 // Crossmod Content: 0.3
~TDD/TDD.TP2~ #7 #0 // TDD - 任务与新NPC: v2.0 alpha
~TDD/TDD.TP2~ #7 #1 // TDD - BG1 NPCs: v2.0 alpha
~BGGO/BGGO.TP2~ #0 #0 // BGGO for EET, BGT, BGEE, BG2EE, ToB and Tutu -> Baldurs Gate Graphical Overhaul for Windows: v3.4
~QUESTPACK/SETUP-QUESTPACK.TP2~ #6 #0 // 普通AI增强: v3.5
~QUESTPACK/SETUP-QUESTPACK.TP2~ #6 #1 // 生物和区域改进 -> 所有生物和区域改进: v3.5
~QUESTPACK/SETUP-QUESTPACK.TP2~ #6 #4 // 杂项增强 -> 附加随机遭遇: v3.5
~QUESTPACK/SETUP-QUESTPACK.TP2~ #6 #5 // 额外的影贼内容: v3.5
~QUESTPACK/SETUP-QUESTPACK.TP2~ #6 #6 // 竖琴手/萨尔的备选剧情: v3.5
~QUESTPACK/SETUP-QUESTPACK.TP2~ #6 #7 // 雷诺尔事件的扩展: v3.5
~QUESTPACK/SETUP-QUESTPACK.TP2~ #6 #8 // 铜冠旅店里的阴谋: v3.5
~QUESTPACK/SETUP-QUESTPACK.TP2~ #6 #9 // 药剂任务 By Rahul Kanakia: v3.5
~QUESTPACK/SETUP-QUESTPACK.TP2~ #6 #10 // 地狱试炼修改: v3.5
~QUESTPACK/SETUP-QUESTPACK.TP2~ #6 #11 // 增强的绿洲II -> IO2对话&战斗增强: v3.5
~QUESTPACK/SETUP-QUESTPACK.TP2~ #6 #13 // 在布林罗岛拯救沙尼克: v3.5
~QUESTPACK/SETUP-QUESTPACK.TP2~ #6 #14 // 书店老板遭窃案: v3.5
~QUESTPACK/SETUP-QUESTPACK.TP2~ #6 #15 // 树精橡实的新命运: v3.5
~QUESTPACK/SETUP-QUESTPACK.TP2~ #6 #16 // 贝萨曼的悲剧: v3.5
~QUESTPACK/SETUP-QUESTPACK.TP2~ #6 #17 // 奴隶的进一步参与: v3.5
~QUESTPACK/SETUP-QUESTPACK.TP2~ #6 #18 // 送索兰尼亚骑士回家: v3.5
~QUESTPACK/SETUP-QUESTPACK.TP2~ #6 #19 // 巫妖纳扎里尔: v3.5
~QUESTPACK/SETUP-QUESTPACK.TP2~ #6 #20 // 协商奖励: v3.5
~QUESTPACK/SETUP-QUESTPACK.TP2~ #6 #21 // 地狱难度的盗窃: v3.5
~STRATAGEMS/SETUP-STRATAGEMS.TP2~ #8 #1500 // 包括冰风谷增强版中的法师法术: 35.21
~STRATAGEMS/SETUP-STRATAGEMS.TP2~ #8 #1510 // 包括冰风谷增强版中的牧师神术: 35.21
~RR/SETUP-RR.TP2~ #8 #1 // 盗贼职业修订: v4.92
~RR/SETUP-RR.TP2~ #8 #2 // 盗贼高阶技能修订: v4.92
~RR/SETUP-RR.TP2~ #8 #3 // 调整种族对盗贼技能的影响: v4.92
~RR/SETUP-RR.TP2~ #8 #4 // 吟游诗人职业修订: v4.92
~RR/SETUP-RR.TP2~ #8 #5 // 吟游诗人高阶技能修订: v4.92
~RR/SETUP-RR.TP2~ #8 #6 // 吟游诗人法术升级列表修订: v4.92
~RR/SETUP-RR.TP2~ #8 #7 // 额外的盗贼和吟游诗人专用装备: v4.92
~RR/SETUP-RR.TP2~ #8 #11 // 希瑞克选民遭遇战: v4.92
~RR/SETUP-RR.TP2~ #8 #12 // 增强影贼公会: v4.92
~RR/SETUP-RR.TP2~ #8 #999 // BG2风格的RR图标: v4.92
~IWD1_EET/SETUP-IWD1_EET.TP2~ #5 #0 // Use <CHARNAME> instead of <GABBER> etc.: 1.1
~IWD1_EET/SETUP-IWD1_EET.TP2~ #5 #3 // Icewind Dale: Heart of Winter in Baldur's Gate Enhanced Edition Trilogy: 1.1
~A7-TOTLM-BG2EE/A7-TOTLM-BG2EE.TP2~ #8 #0 // 用于《博德之门》的《谜语大师的试炼》: 4.3
~A7-TOTLM-BG2EE/A7-TOTLM-BG2EE.TP2~ #8 #40 // 允许在开始冒险前与霍巴进行交易: 4.3
~IWD2_EET/SETUP-IWD2_EET.TP2~ #4 #0 // Icewind Dale 2 in Baldur's Gate Enhanced Edition Trilogy: 1.0
~NWNFORBG/SETUP-NWNFORBG.TP2~ #7 #0 // NWN For BG: 0.99
~NWNFORBG/SETUP-NWNFORBG.TP2~ #7 #10 // NWN For BG - Worldmap select (EE-games only) -> Place NWN locations on BP-BGT Worldmap: 0.99
~CRUCIBLE/CRUCIBLE.TP2~ #3 #1 // 命运熔炉 -> NPC完整AI配音版本: v4.4.1
~HAMMERS/SETUP-HAMMERS.TP2~ #0 #0 // Thrown Hammers: v6.1.2
~HAMMERS/SETUP-HAMMERS.TP2~ #0 #15 // Thrown Spiritual Hammers: v6.1.2
~HAMMERS/SETUP-HAMMERS.TP2~ #0 #25 // Normal throwing hammers: v6.1.2
~HAMMERS/SETUP-HAMMERS.TP2~ #0 #35 // +1 throwing weapons: v6.1.2
~HAMMERS/SETUP-HAMMERS.TP2~ #0 #50 // Additional magic items: v6.1.2
~FORGOTTEN-ARMAMENT/FORGOTTEN-ARMAMENT.TP2~ #1 #20 // 向游戏中添加新物品: v4.6
~FORGOTTEN-ARMAMENT/FORGOTTEN-ARMAMENT.TP2~ #1 #21 // 更新游戏中的现有物品: v4.6
~FORGOTTEN-ARMAMENT/FORGOTTEN-ARMAMENT.TP2~ #1 #11 // 在Sorcerous Sundries添加破解术卷轴: v4.6
~FORGOTTEN-ARMAMENT/FORGOTTEN-ARMAMENT.TP2~ #1 #27 // 在Trademeet Store添加红宝石射线卷轴: v4.6
~CD_PROJECT_JAVELIN/CD_PROJECT_JAVELIN.TP2~ #0 #1 // Project Javelin: Beta 1
~TACTICS-KITS/SETUP-TACTICS-KITS.TP2~ #0 #0 // 类弓箭手: v1
~TACTICS-KITS/SETUP-TACTICS-KITS.TP2~ #0 #1 // 反圣骑: v1
~ZG_BGNPC_VOICES/ZG_BGNPC_VOICES.TP2~ #0 #0 // Baldur's Gate NPC Voice Pack for EE 2.6+: 0.3.1
~THEPICTURESTANDARD/THEPICTURESTANDARD.TP2~ #0 #1000 // Main -> Vanilla: 0.71
~THEPICTURESTANDARD/THEPICTURESTANDARD.TP2~ #0 #2000 // Followers -> Vanilla: 0.71
~THEPICTURESTANDARD/THEPICTURESTANDARD.TP2~ #0 #3000 // BG1NPC -> Vanilla: 0.71
~THEPICTURESTANDARD/THEPICTURESTANDARD.TP2~ #0 #4000 // Dark Horizons -> Vanilla: 0.71
~THEPICTURESTANDARD/THEPICTURESTANDARD.TP2~ #0 #5000 // Drizzt Saga -> Vanilla: 0.71
~THEPICTURESTANDARD/THEPICTURESTANDARD.TP2~ #0 #6000 // Dark Side of the Sword Coast -> Vanilla: 0.71
~THEPICTURESTANDARD/THEPICTURESTANDARD.TP2~ #0 #7000 // Eilistraee's Song -> Vanilla: 0.71
~THEPICTURESTANDARD/THEPICTURESTANDARD.TP2~ #0 #8000 // Innershade -> Vanilla: 0.71
~THEPICTURESTANDARD/THEPICTURESTANDARD.TP2~ #0 #9000 // I Shall Never Forget -> Vanilla: 0.71
~THEPICTURESTANDARD/THEPICTURESTANDARD.TP2~ #0 #10000 // Rogue Rebalancing -> Vanilla: 0.71
~THEPICTURESTANDARD/THEPICTURESTANDARD.TP2~ #0 #11000 // Sellswords -> Vanilla: 0.71
~THEPICTURESTANDARD/THEPICTURESTANDARD.TP2~ #0 #12000 // Tales Of The Deep Gardens -> Vanilla: 0.71
~THEPICTURESTANDARD/THEPICTURESTANDARD.TP2~ #0 #13000 // T'was A Slow Boat -> Vanilla: 0.71
~THEPICTURESTANDARD/THEPICTURESTANDARD.TP2~ #0 #19000 // The White Queen -> Vanilla: 0.71
~THEPICTURESTANDARD/THEPICTURESTANDARD.TP2~ #0 #20000 // The Darkest Day -> Vanilla: 0.71
~THEPICTURESTANDARD/THEPICTURESTANDARD.TP2~ #0 #21000 // Tower of Deception: 0.71
~THEPICTURESTANDARD/THEPICTURESTANDARD.TP2~ #0 #22000 // Siege of Dragonspear -> Vanilla: 0.71
~PPE/SETUP-PPE.TP2~ #0 #0 // Portraits Portraits Everywhere (PPE) - core component: 1.02
~PPE/SETUP-PPE.TP2~ #0 #100 // Category Portraits (Recommended) -> Sequenced: 1.02
~PPE/SETUP-PPE.TP2~ #0 #10 // Isandir's CHARNAME Portraits: 1.02
~PPE/SETUP-PPE.TP2~ #0 #20 // Replace Low Quality TOB & SOA Portraits: 1.02
~PPE/SETUP-PPE.TP2~ #0 #25 // Edwin/Edwina: 1.02
~PPE/SETUP-PPE.TP2~ #0 #30 // Ust Natha Drow NPCs: 1.02
~PPE/SETUP-PPE.TP2~ #0 #40 // Vampire NPCs: 1.02
~IWD_EET_END/SETUP-IWD_EET_END.TP2~ #4 #0 // IWD_EET_End: 1.0
~BUBB_SPELL_MENU_EXTENDED/BUBB_SPELL_MENU_EXTENDED.TP2~ #5 #0 // Bubb的法术菜单扩展: v5.1
~BP-BGT-WORLDMAP/SETUP-BP-BGT-WORLDMAP.TP2~ #7 #0 // 博德之门全景地图 —— 包括地区图标: v13.1.1
~BP-BGT-WORLDMAP/SETUP-BP-BGT-WORLDMAP.TP2~ #7 #5 // 为世界地图使用更大的屏幕窗口 menu.ui -> 龙矛围攻样式: v13.1.1
~HIDDENGAMEPLAYOPTIONS/HIDDENGAMEPLAYOPTIONS.TP2~ #8 #200 // 增强的作弊菜单: 4.7
~HIDDENGAMEPLAYOPTIONS/HIDDENGAMEPLAYOPTIONS.TP2~ #8 #10 // 增加选项-开启作弊模式: 4.7
~HIDDENGAMEPLAYOPTIONS/HIDDENGAMEPLAYOPTIONS.TP2~ #8 #13 // 增加选项-在工具栏显示快捷键: 4.7
~HIDDENGAMEPLAYOPTIONS/HIDDENGAMEPLAYOPTIONS.TP2~ #8 #14 // 增加选项-Tab键显示更多互动图标: 4.7
~HIDDENGAMEPLAYOPTIONS/HIDDENGAMEPLAYOPTIONS.TP2~ #8 #18 // 增加选项-致命一击时屏幕摇晃: 4.7
~HIDDENGAMEPLAYOPTIONS/HIDDENGAMEPLAYOPTIONS.TP2~ #8 #19 // 增加选项-显示额外战斗信息: 4.7
~HIDDENGAMEPLAYOPTIONS/HIDDENGAMEPLAYOPTIONS.TP2~ #8 #20 // 增加选项-暂停时显示游戏数据和时间: 4.7
~HIDDENGAMEPLAYOPTIONS/HIDDENGAMEPLAYOPTIONS.TP2~ #8 #23 // 增加选项-在打开地图时暂停游戏: 4.7
~HIDDENGAMEPLAYOPTIONS/HIDDENGAMEPLAYOPTIONS.TP2~ #8 #25 // 增加选项-禁止显示影片: 4.7
~HIDDENGAMEPLAYOPTIONS/HIDDENGAMEPLAYOPTIONS.TP2~ #8 #27 // 增加选项-噩梦难度提供额外经验值: 4.7
~HIDDENGAMEPLAYOPTIONS/HIDDENGAMEPLAYOPTIONS.TP2~ #8 #32 // 增加选项-施法范围可视化: 4.7
~HIDDENGAMEPLAYOPTIONS/HIDDENGAMEPLAYOPTIONS.TP2~ #8 #33 // 增加选项-增强寻路: 4.7
~HIDDENGAMEPLAYOPTIONS/HIDDENGAMEPLAYOPTIONS.TP2~ #8 #34 // 增加选项-陷阱的高亮显示终止: 4.7
~HIDDENGAMEPLAYOPTIONS/HIDDENGAMEPLAYOPTIONS.TP2~ #8 #35 // 增加选项-显示可学习法术: 4.7
~HIDDENGAMEPLAYOPTIONS/HIDDENGAMEPLAYOPTIONS.TP2~ #8 #36 // 增加选项-显示探索地图: 4.7
~HIDDENGAMEPLAYOPTIONS/HIDDENGAMEPLAYOPTIONS.TP2~ #8 #37 // 增加选项-显示动态探索地图: 4.7
~HIDDENGAMEPLAYOPTIONS/HIDDENGAMEPLAYOPTIONS.TP2~ #8 #39 // 增加选项-强制对话暂停: 4.7
~HIDDENGAMEPLAYOPTIONS/HIDDENGAMEPLAYOPTIONS.TP2~ #8 #103 // 更新键绑定 -> 牧师神术和法师法术: 4.7
~KLATU/SETUP-KLATU.TP2~ #0 #1000 // The Gloves of Goodman Hayes: 1.7.4
~KLATU/SETUP-KLATU.TP2~ #0 #1010 // The Manual of War: 1.7.4
~KLATU/SETUP-KLATU.TP2~ #0 #1020 // Prepared Wishes: 1.7.4
~KLATU/SETUP-KLATU.TP2~ #0 #1040 // Give Hexxat an Inactive Fighter Class: 1.7.4
~KLATU/SETUP-KLATU.TP2~ #0 #1050 // Appropriate XP Rewards for Cowled Enforcers: 1.7.4
~KLATU/SETUP-KLATU.TP2~ #0 #1070 // CtB: Remove Venereal Disease: 1.7.4
~KLATU/SETUP-KLATU.TP2~ #0 #1080 // CtB: Fixed Harp of Myth Drannor: 1.7.4
~KLATU/SETUP-KLATU.TP2~ #0 #1090 // RoT: Remove cutscenes from Chateau Irenicus: 1.7.4
~KLATU/SETUP-KLATU.TP2~ #0 #2040 // Fix Wild Mage Items and Spells: 1.7.4
~KLATU/SETUP-KLATU.TP2~ #0 #2050 // Prevent Wish Spells from Interrupting Caster: 1.7.4
~KLATU/SETUP-KLATU.TP2~ #0 #2060 // Standardize Poison Immunity: 1.7.4
~KLATU/SETUP-KLATU.TP2~ #0 #2070 // Free Action does not prevent Haste or Movement Rate Bonus: 1.7.4
~KLATU/SETUP-KLATU.TP2~ #0 #2080 // Drop Equipment on Disintegration: 1.7.4
~KLATU/SETUP-KLATU.TP2~ #0 #2090 // Drop Equipment on Petrification: 1.7.4
~KLATU/SETUP-KLATU.TP2~ #0 #2100 // Drop Equipment on Imprisonment: 1.7.4
~KLATU/SETUP-KLATU.TP2~ #0 #2110 // Treat all Innate Abilities as Non-Magical (Unaffected by Wild/Dead Magic and Silence): 1.7.4
~KLATU/SETUP-KLATU.TP2~ #0 #2120 // Treat all Psionic Abilities as Non-Magical (Unaffected by Wild/Dead Magic and Silence): 1.7.4
~KLATU/SETUP-KLATU.TP2~ #0 #2130 // Treat all Bardsong Effects as Non-Magical (Unaffected by Wild/Dead Magic): 1.7.4
~KLATU/SETUP-KLATU.TP2~ #0 #2140 // Allow Arcane Spellcasting in Armor: 1.7.4
~KLATU/SETUP-KLATU.TP2~ #0 #2160 // Remove Delay from Improved Haste Spells: 1.7.4
~KLATU/SETUP-KLATU.TP2~ #0 #2190 // Modal Buff AI Script: 1.7.4
~KLATU/SETUP-KLATU.TP2~ #0 #2200 // Familiars can sort magical scrolls: 1.7.4
~KLATU/SETUP-KLATU.TP2~ #0 #3114 // Change Appearance of Robe of Vecna -> Chain Mail appearance for Robe of Vecna: 1.7.4
~STRATAGEMS/SETUP-STRATAGEMS.TP2~ #8 #2520 // 修订元素和元素召唤: 35.21
~STRATAGEMS/SETUP-STRATAGEMS.TP2~ #8 #2900 // 移动或修改过强的魔法物品: 35.21
~STRATAGEMS/SETUP-STRATAGEMS.TP2~ #8 #3010 // 将+1的箭支改换为普通的精良版本: 35.21
~STRATAGEMS/SETUP-STRATAGEMS.TP2~ #8 #3015 // 恢复游戏原有的超级强效医疗药水: 35.21
~STRATAGEMS/SETUP-STRATAGEMS.TP2~ #8 #3021 // 把多种+1的附魔武器替换为无附魔的精制武器 -> 精制武器不受铁矿危机的影响: 35.21
~STRATAGEMS/SETUP-STRATAGEMS.TP2~ #8 #3041 // 减少商店中破魔箭的数量 -> 商店出售的破魔箭最大数量只有5支: 35.21
~STRATAGEMS/SETUP-STRATAGEMS.TP2~ #8 #3505 // 扩展随机卷轴的覆盖范围: 35.21
~STRATAGEMS/SETUP-STRATAGEMS.TP2~ #8 #4000 // 速度更合适的熊: 35.21
~STRATAGEMS/SETUP-STRATAGEMS.TP2~ #8 #4030 // 强化变形术: 35.21
~STRATAGEMS/SETUP-STRATAGEMS.TP2~ #8 #4115 // 盗贼将以五倍的水平分配技能点（只是方便性的调整）: 35.21
~STRATAGEMS/SETUP-STRATAGEMS.TP2~ #8 #4130 // 修改了对死亡效果的处理，如解体、石化和监禁（被解体的队员可以复活；被监禁或石化的角色自动重新加入队伍；如果主角被石化或监禁，游戏不会结束）: 35.21
~STRATAGEMS/SETUP-STRATAGEMS.TP2~ #8 #4164 // 提高阿斯卡特拉施法许可证的价格 -> 许可证花费50000枚金币: 35.21
~STRATAGEMS/SETUP-STRATAGEMS.TP2~ #8 #4174 // 增加盖兰·贝尔的要价 -> 盖兰要价120000枚金币: 35.21
~STRATAGEMS/SETUP-STRATAGEMS.TP2~ #8 #4215 // 移除特定区域中不应存在的协助类物品: 35.21
~STRATAGEMS/SETUP-STRATAGEMS.TP2~ #8 #4218 // 移除特定区域中不应存在的弹药 -> 移除随机容器中所有弹药: 35.21
~STRATAGEMS/SETUP-STRATAGEMS.TP2~ #8 #4240 // 法师和牧师的高阶技能改为天生能力，不需记忆就能使用（但每天只能使用一次）: 35.21
~STRATAGEMS/SETUP-STRATAGEMS.TP2~ #8 #5080 // 增强BG的章节过场: 35.21
~STRATAGEMS/SETUP-STRATAGEMS.TP2~ #8 #5900 // 初始化 AI 组件（其他战术或 AI 组件的必备前置组件）: 35.21
~STRATAGEMS/SETUP-STRATAGEMS.TP2~ #8 #6010 // 更好的呼救系统: 35.21
~STRATAGEMS/SETUP-STRATAGEMS.TP2~ #8 #7020 // 强化刺杀小队出现的部署: 35.21
~STRATAGEMS/SETUP-STRATAGEMS.TP2~ #8 #7040 // 重新分配赏金猎人的位置: 35.21
~STRATAGEMS/SETUP-STRATAGEMS.TP2~ #8 #7150 // 增强卡莎/喀尔可的交互: 35.21
~STRATAGEMS/SETUP-STRATAGEMS.TP2~ #8 #8040 // 难度关联等级的怪物也关联游戏难度选项: 35.21
~ATWEAKS/SETUP-ATWEAKS.TP2~ #7 #100 // 恢复半兽人角色天生的夜视能力: v4.53_TotoR
~ATWEAKS/SETUP-ATWEAKS.TP2~ #7 #101 // 使骷髅和非实体形态的亡灵生物不受灵吸怪的噬脑术攻击的影响: v4.53_TotoR
~ATWEAKS/SETUP-ATWEAKS.TP2~ #7 #102 // 将灵锤改为远程武器: v4.53_TotoR
~ATWEAKS/SETUP-ATWEAKS.TP2~ #7 #103 // 让法术无效结界可以被解除/移除魔法破解: v4.53_TotoR
~ATWEAKS/SETUP-ATWEAKS.TP2~ #7 #104 // PnP 七彩喷射: v4.53_TotoR
~ATWEAKS/SETUP-ATWEAKS.TP2~ #7 #105 // PnP 任意门: v4.53_TotoR
~ATWEAKS/SETUP-ATWEAKS.TP2~ #7 #110 // 让魔法箭矢获得与它们附魔等级一样的伤害加成: v4.53_TotoR
~ATWEAKS/SETUP-ATWEAKS.TP2~ #7 #115 // 允许法师把记忆中的法术抄写到卷轴上 -> 可以随处抄写卷轴: v4.53_TotoR
~ATWEAKS/SETUP-ATWEAKS.TP2~ #7 #152 // PnP 恶魔 -> Mod 中的恶魔也受影响: v4.53_TotoR
~ATWEAKS/SETUP-ATWEAKS.TP2~ #7 #154 // 修订恶魔召唤: v4.53_TotoR
~ATWEAKS/SETUP-ATWEAKS.TP2~ #7 #155 // 进一步修订召唤恶魔: v4.53_TotoR
~ATWEAKS/SETUP-ATWEAKS.TP2~ #7 #156 // 恶魔之门: v4.53_TotoR
~ATWEAKS/SETUP-ATWEAKS.TP2~ #7 #160 // PnP 亡灵: v4.53_TotoR
~ATWEAKS/SETUP-ATWEAKS.TP2~ #7 #180 // PnP 魔蝠: v4.53_TotoR
~ATWEAKS/SETUP-ATWEAKS.TP2~ #7 #185 // PnP 精类生物: v4.53_TotoR
~ATWEAKS/SETUP-ATWEAKS.TP2~ #7 #186 // 修订召唤林地生物术: v4.53_TotoR
~ATWEAKS/SETUP-ATWEAKS.TP2~ #7 #200 // 让破解术能够破坏由物品获得的石肤术效果: v4.53_TotoR
~ATWEAKS/SETUP-ATWEAKS.TP2~ #7 #201 // 无法打断战士系职业施展的技能: v4.53_TotoR
~ATWEAKS/SETUP-ATWEAKS.TP2~ #7 #203 // 无法打断德鲁伊的变身: v4.53_TotoR
~ATWEAKS/SETUP-ATWEAKS.TP2~ #7 #204 // 不允许误导术制造出的吟游诗人幻象吟唱战歌: v4.53_TotoR
~ATWEAKS/SETUP-ATWEAKS.TP2~ #7 #205 // 不允许拟像和投影使用已装备的魔法物品: v4.53_TotoR
~ATWEAKS/SETUP-ATWEAKS.TP2~ #7 #211 // 让防死结界可以免疫斩首效果: v4.53_TotoR
~ATWEAKS/SETUP-ATWEAKS.TP2~ #7 #210 // 让解除/移除魔法能够秒杀霓吸雾和哈克沙（PnP规则）: v4.53_TotoR
~ATWEAKS/SETUP-ATWEAKS.TP2~ #7 #212 // 让明了阵营魔法更准确: v4.53_TotoR
~ATWEAKS/SETUP-ATWEAKS.TP2~ #7 #216 // 已经隐身的吟游诗人在吟唱时会显形 -> 只有小丑在吟唱时会显形: v4.53_TotoR
~ATWEAKS/SETUP-ATWEAKS.TP2~ #7 #262 // 调整开锁，解除陷阱和抄录卷轴时获得的经验值 -> 开锁，解除陷阱和抄录卷轴无经验值: v4.53_TotoR
~ATWEAKS/SETUP-ATWEAKS.TP2~ #7 #270 // 更公正的任务报酬: v4.53_TotoR
~ATWEAKS/SETUP-ATWEAKS.TP2~ #7 #220 // 简易盗贼脚本: v4.53_TotoR
~ATWEAKS/SETUP-ATWEAKS.TP2~ #7 #230 // 简易诗人脚本: v4.53_TotoR
~ATWEAKS/SETUP-ATWEAKS.TP2~ #7 #239 // 简易牧师/圣武士脚本: v4.53_TotoR
~ATWEAKS/SETUP-ATWEAKS.TP2~ #7 #300 // 将博德之门的次元门动画改为冰风谷风格 -> 快速的动画（冰风谷风格）: v4.53_TotoR
~ATWEAKS/SETUP-ATWEAKS.TP2~ #7 #301 // 改变寇萨拉家传之甲的外观: v4.53_TotoR
~ATWEAKS/SETUP-ATWEAKS.TP2~ #7 #310 // 独特的生物外观着色: v4.53_TotoR
~ATWEAKS/SETUP-ATWEAKS.TP2~ #7 #315 // 独特的生物声音集: v4.53_TotoR
~ATWEAKS/SETUP-ATWEAKS.TP2~ #7 #510 // 多样化的神殿服务: v4.53_TotoR
~ATWEAKS/SETUP-ATWEAKS.TP2~ #7 #999 // 让 aTweaks 使用博德之门2风格的图标: v4.53_TotoR
~ITEM_REV/ITEM_REV.TP2~ #3 #1030 // 商店修订: V4 Beta 10
~ITEM_REV/ITEM_REV.TP2~ #3 #1060 // 剑圣可装备护腕（护手、手套仍无法装备）: V4 Beta 10
~CDTWEAKS/SETUP-CDTWEAKS.TP2~ #9 #50 // 更改人物形象脚本: v16
~CDTWEAKS/SETUP-CDTWEAKS.TP2~ #9 #60 // 武器动画调整: v16
~CDTWEAKS/SETUP-CDTWEAKS.TP2~ #9 #70 // 冰风谷施法动画 [Andyr]: v16
~CDTWEAKS/SETUP-CDTWEAKS.TP2~ #9 #90 // 去除装备在人物头像上添加的图标: v16
~CDTWEAKS/SETUP-CDTWEAKS.TP2~ #9 #100 // 平民的衣服变为土褐色: v16
~CDTWEAKS/SETUP-CDTWEAKS.TP2~ #9 #110 // 图标的改善: v16
~CDTWEAKS/SETUP-CDTWEAKS.TP2~ #9 #130 // 对话时自动暂停游戏: v16
~CDTWEAKS/SETUP-CDTWEAKS.TP2~ #9 #140 // 修正布布的叫声: v16
~CDTWEAKS/SETUP-CDTWEAKS.TP2~ #9 #171 // 独特的图标 [Lava] -> 替换所有图标: v16
~CDTWEAKS/SETUP-CDTWEAKS.TP2~ #9 #181 // 独特的容器[Miloch] -> 只有独特的图标: v16
~CDTWEAKS/SETUP-CDTWEAKS.TP2~ #9 #190 // 使用人物配色取代物品配色 -> 作用于所有盾牌和头盔: v16
~CDTWEAKS/SETUP-CDTWEAKS.TP2~ #9 #200 // 移除装备中令人厌烦的视觉效果 -> 移除物品的朦胧特效，例如--位移斗篷: v16
~CDTWEAKS/SETUP-CDTWEAKS.TP2~ #9 #2010 // 防护火焰和寒冷的图标显示成两个不同的图标 [Angel]: v16
~CDTWEAKS/SETUP-CDTWEAKS.TP2~ #9 #240 // 辅助功能的白色法术图标轮廓 -> 增加黑色轮廓: v16
~CDTWEAKS/SETUP-CDTWEAKS.TP2~ #9 #260 // 隐藏看不见的敌人的视觉特效[Luke, EEex]: v16
~CDTWEAKS/SETUP-CDTWEAKS.TP2~ #9 #1010 // 更多的插话: v16
~CDTWEAKS/SETUP-CDTWEAKS.TP2~ #9 #1020 // 更改NPC受伤对话的触发条件: v16
~CDTWEAKS/SETUP-CDTWEAKS.TP2~ #9 #1030 // 在第六章之前显示野外地区: v16
~CDTWEAKS/SETUP-CDTWEAKS.TP2~ #9 #1036 // 在完成强盗营地任务前打开斗篷森林地区 -> 除了铁矿外斗篷森林的全部地区: v16
~CDTWEAKS/SETUP-CDTWEAKS.TP2~ #9 #1040 // 增强阿斯卡特拉城的警卫: v16
~CDTWEAKS/SETUP-CDTWEAKS.TP2~ #9 #1060 // 可毁坏的铁制非魔法盾牌、头盔和装甲 -> 可毁坏的铁制非魔法盾牌、头盔和装甲: v16
~CDTWEAKS/SETUP-CDTWEAKS.TP2~ #9 #1070 // 改进多人游戏的队友离队时的对话: v16
~CDTWEAKS/SETUP-CDTWEAKS.TP2~ #9 #1075 // 将游戏NPC送往旅馆 [DavidW/Zed Nocear]: v16
~CDTWEAKS/SETUP-CDTWEAKS.TP2~ #9 #1080 // 增加储物袋: v16
~CDTWEAKS/SETUP-CDTWEAKS.TP2~ #9 #1100 // 进入地区时显示城市地图: v16
~CDTWEAKS/SETUP-CDTWEAKS.TP2~ #9 #1120 // 商店出售更大捆的物品: v16
~CDTWEAKS/SETUP-CDTWEAKS.TP2~ #9 #1150 // 变形者平衡 [Weimer]: v16
~CDTWEAKS/SETUP-CDTWEAKS.TP2~ #9 #1160 // 多个据点 [Sabre, Baldurdash, Weimer] -> 无限制: v16
~CDTWEAKS/SETUP-CDTWEAKS.TP2~ #9 #1180 // 女性爱德温 [Davide Carte, Wendy Yung, Weimer]: v16
~CDTWEAKS/SETUP-CDTWEAKS.TP2~ #9 #1220 // 允许克伦威尔升级观察者堡垒的物品: v16
~CDTWEAKS/SETUP-CDTWEAKS.TP2~ #9 #1225 // 调整克伦威尔铸造物品的时间 -> 立刻完成 （原版BG2默认）: v16
~CDTWEAKS/SETUP-CDTWEAKS.TP2~ #9 #1230 // 允许塞斯潘纳升级克伦威尔的配方: v16
~CDTWEAKS/SETUP-CDTWEAKS.TP2~ #9 #1257 // 移动NPC到更方便的位置：阿罗拉、亚多士、奎里、莎尔-蒂尔、提亚斯、维康尼亚移: v16
~CDTWEAKS/SETUP-CDTWEAKS.TP2~ #9 #1270 // 斗篷森林矿坑章节结尾触发改变为非剑湾传奇的方式 [plainab]: v16
~CDTWEAKS/SETUP-CDTWEAKS.TP2~ #9 #1353 // 卡罗葛武器脆弱点调整 -> 选项1和3: v16
~CDTWEAKS/SETUP-CDTWEAKS.TP2~ #9 #2040 // 通用棍棒: v16
~CDTWEAKS/SETUP-CDTWEAKS.TP2~ #9 #2060 // 武器模式通用: v16
~CDTWEAKS/SETUP-CDTWEAKS.TP2~ #9 #2090 // 更改经验上限 -> 去掉经验上限: v16
~CDTWEAKS/SETUP-CDTWEAKS.TP2~ #9 #2152 // 装备多个魔法保护物品 -> 允许魔法护甲和1个魔法保护物品同时装备 [Angel]: v16
~CDTWEAKS/SETUP-CDTWEAKS.TP2~ #9 #2160 // 更改武器熟练系统 -> 平衡武器精通: v16
~CDTWEAKS/SETUP-CDTWEAKS.TP2~ #9 #2170 // 使用卷轴（或其它物品）施法时按人物自身等级计算: v16
~CDTWEAKS/SETUP-CDTWEAKS.TP2~ #9 #2220 // 魔法创造的武器重量为0: v16
~CDTWEAKS/SETUP-CDTWEAKS.TP2~ #9 #2330 // 取消魔法陷阱的延迟 [Ardanis/GeN1e]: v16
~CDTWEAKS/SETUP-CDTWEAKS.TP2~ #9 #2339 // 取消召唤普通生物的个数限制 [Ardanis/GeN1e]: v16
~CDTWEAKS/SETUP-CDTWEAKS.TP2~ #9 #2340 // 取消召唤异界神侍的个数限制 [Ardanis/GeN1e]: v16
~CDTWEAKS/SETUP-CDTWEAKS.TP2~ #9 #2360 // 移除单一职业种族限制: v16
~CDTWEAKS/SETUP-CDTWEAKS.TP2~ #9 #2380 // 移除宗派的种族限制: v16
~CDTWEAKS/SETUP-CDTWEAKS.TP2~ #9 #2371 // 改变转职限制 -> 允许非人类转职: v16
~CDTWEAKS/SETUP-CDTWEAKS.TP2~ #9 #2440 // 任意职业都可从武器专精获得每轮攻击次数奖励 [subtledoctor]: v16
~CDTWEAKS/SETUP-CDTWEAKS.TP2~ #9 #2500 // 负重超重限制改变 [sarevok57]: v16
~CDTWEAKS/SETUP-CDTWEAKS.TP2~ #9 #2520 // 允许法师装备小圆盾，盗贼装备小型盾 [Angel]: v16
~CDTWEAKS/SETUP-CDTWEAKS.TP2~ #9 #2540 // 缩短德阿尼斯堡据点任务之间的时间间隔: v16
~CDTWEAKS/SETUP-CDTWEAKS.TP2~ #9 #2562 // 扩展武僧可用的装备 -> 允许武僧佩戴头盔和使用杖: v16
~CDTWEAKS/SETUP-CDTWEAKS.TP2~ #9 #2590 // 盗贼可以在拥有万能巧手能力或转职/兼职的情况下使用更多的武器进行背刺: v16
~CDTWEAKS/SETUP-CDTWEAKS.TP2~ #9 #2620 // 使特定的生物可以免疫背刺/偷袭[Luke]: v16
~CDTWEAKS/SETUP-CDTWEAKS.TP2~ #9 #2630 // 改进的治疗/造成伤害[Luke]: v16
~CDTWEAKS/SETUP-CDTWEAKS.TP2~ #9 #2650 // 使油脂可燃[Luke]: v16
~CDTWEAKS/SETUP-CDTWEAKS.TP2~ #9 #2693 // 替代集中鉴定 [Luke (EEex)] -> v4（详阅ReadMe文件）: v16
~CDTWEAKS/SETUP-CDTWEAKS.TP2~ #9 #2700 // 修订的巨魔再生[Luke (EEex)]: v16
~CDTWEAKS/SETUP-CDTWEAKS.TP2~ #9 #2999 // 等级1时获得HP最大值: v16
~CDTWEAKS/SETUP-CDTWEAKS.TP2~ #9 #3000 // 升级时获得更多的HP -> 最大值: v16
~CDTWEAKS/SETUP-CDTWEAKS.TP2~ #9 #3010 // NPC的HP最大化 [the bigg] -> 游戏中所有生物均有效: v16
~CDTWEAKS/SETUP-CDTWEAKS.TP2~ #9 #3020 // 所有物品均不需要鉴定: v16
~CDTWEAKS/SETUP-CDTWEAKS.TP2~ #9 #3031 // 简单的法术学习 -> 100%学会法术且无数量限制: v16
~CDTWEAKS/SETUP-CDTWEAKS.TP2~ #9 #3040 // 储物袋的容量无限: v16
~CDTWEAKS/SETUP-CDTWEAKS.TP2~ #9 #3050 // 施展复原术后不会疲劳: v16
~CDTWEAKS/SETUP-CDTWEAKS.TP2~ #9 #3060 // 让“你必须集合你的队伍……”这句话住口 [Weimer]: v16
~CDTWEAKS/SETUP-CDTWEAKS.TP2~ #9 #3080 // 提高弹药堆叠数量 -> 弹药无限堆叠: v16
~CDTWEAKS/SETUP-CDTWEAKS.TP2~ #9 #3091 // 提高宝石和珠宝堆叠数量 -> 每组40: v16
~CDTWEAKS/SETUP-CDTWEAKS.TP2~ #9 #3101 // 提高药剂堆叠数量 -> 每组40: v16
~CDTWEAKS/SETUP-CDTWEAKS.TP2~ #9 #3121 // 快乐补丁（队伍中的NPC不会打架或抱怨名誉） -> NPC会对名誉不满，但不会离开队伍 [Salk]: v16
~CDTWEAKS/SETUP-CDTWEAKS.TP2~ #9 #3123 // NPC不会打架: v16
~CDTWEAKS/SETUP-CDTWEAKS.TP2~ #9 #3131 // 无陷阱或锁 [Weimer, argent77] -> 仅移除有害的陷阱效果: v16
~CDTWEAKS/SETUP-CDTWEAKS.TP2~ #9 #3140 // 快速第1和2章过场动画和梦境 -> 安逸的原始版本 [Karzak, Blucher, aVENGER, Weimer]: v16
~CDTWEAKS/SETUP-CDTWEAKS.TP2~ #9 #3160 // 保留崔斯特的装备，马尔可·哈贝尔不会出现: v16
~CDTWEAKS/SETUP-CDTWEAKS.TP2~ #9 #3170 // 在幽暗地域中不会变成黑暗精灵的形象: v16
~CDTWEAKS/SETUP-CDTWEAKS.TP2~ #9 #3200 // 可贩卖的物品 [icelus]: v16
~CDTWEAKS/SETUP-CDTWEAKS.TP2~ #9 #3205 // 商店购买所有类型的物品: v16
~CDTWEAKS/SETUP-CDTWEAKS.TP2~ #9 #3230 // 泰龙可以制造额外的掘地虫铠甲 [Icendoan/grogerson]: v16
~CDTWEAKS/SETUP-CDTWEAKS.TP2~ #9 #3280 // 全部职业/宗派拥有四个武器栏: v16
~CDTWEAKS/SETUP-CDTWEAKS.TP2~ #9 #3300 // 显示主角死亡镜头: v16
~CDTWEAKS/SETUP-CDTWEAKS.TP2~ #9 #3310 // 开始新游戏时将团队AI设置为默认关闭: v16
~CDTWEAKS/SETUP-CDTWEAKS.TP2~ #9 #3320 // 禁用商店收购价打折: v16
~CDTWEAKS/SETUP-CDTWEAKS.TP2~ #9 #3330 // 队友不易成为无法复活状态: v16
~CDTWEAKS/SETUP-CDTWEAKS.TP2~ #9 #3412 // 明确施法警告 -> 所有法术（请查看自述文件）: v16
~CDTWEAKS/SETUP-CDTWEAKS.TP2~ #9 #3440 // 额外的驱散反馈[Luke (EEex)]: v16
~CDTWEAKS/SETUP-CDTWEAKS.TP2~ #9 #3450 // 更合理的火盾[Luke (EEex)]: v16
~CDTWEAKS/SETUP-CDTWEAKS.TP2~ #9 #3460 // 更合理的剑刃屏障[Luke (EEex)]: v16
~CDTWEAKS/SETUP-CDTWEAKS.TP2~ #9 #3470 // 动态FPS更改[Luke (EEex)]: v16
~CDTWEAKS/SETUP-CDTWEAKS.TP2~ #9 #4000 // 调整可加入邪恶NPC的反应掷骰: v16
~CDTWEAKS/SETUP-CDTWEAKS.TP2~ #9 #4020 // ToB风格的NPC: v16
~CDTWEAKS/SETUP-CDTWEAKS.TP2~ #9 #4025 // 允许成对的队友分开（例如贾希拉和卡立德，戴娜黑和明斯克，萨尔和蒙塔罗等）: v16
~CDTWEAKS/SETUP-CDTWEAKS.TP2~ #9 #4031 // 属性一致的艾德温 -> 使用BG2属性: v16
~CDTWEAKS/SETUP-CDTWEAKS.TP2~ #9 #4041 // 属性一致的贾希拉 -> 使用BG2属性: v16
~CDTWEAKS/SETUP-CDTWEAKS.TP2~ #9 #4061 // 属性一致的明斯克 -> 使用BG2属性: v16
~CDTWEAKS/SETUP-CDTWEAKS.TP2~ #9 #4071 // 属性一致的维康妮亚 -> 使用BG2属性: v16
~CDTWEAKS/SETUP-CDTWEAKS.TP2~ #9 #4080 // 卡立德的职业改为战士/法师[Domi]: v16
~CDTWEAKS/SETUP-CDTWEAKS.TP2~ #9 #4090 // 蒙塔罗的职业改为刺客 [Andyr]: v16
~CDTWEAKS/SETUP-CDTWEAKS.TP2~ #9 #4100 // 寇根变为中立邪恶阵营: v16
~CDTWEAKS/SETUP-CDTWEAKS.TP2~ #9 #4110 // 凯根的体质变为19: v16
~CDTWEAKS/SETUP-CDTWEAKS.TP2~ #9 #4120 // 柯朗的敏捷变为19: v16
~CDTWEAKS/SETUP-CDTWEAKS.TP2~ #9 #4150 // 把小布移动到明斯克的背包中: v16
~CDTWEAKS/SETUP-CDTWEAKS.TP2~ #9 #4170 // 确保莎儿-蒂尔在挑战中不会死亡: v16
~CDTWEAKS/SETUP-CDTWEAKS.TP2~ #9 #4180 // 可移除的NPC物品: v16
~CDTWEAKS/SETUP-CDTWEAKS.TP2~ #9 #4200 // 使 怨恨+1 更加可靠。: v16
~EET_END/EET_END.TP2~ #7 #0 // EET end（如无特殊情况，应当在安装整合中最后安装） -> 标准安装
~TACTICS-REMIX/TACTICS-REMIX.TP2~ #2 #2 // 酸剑圣黑井先生: v3.3
~TACTICS-REMIX/TACTICS-REMIX.TP2~ #2 #1 // 仪式: v3.3
~TACTICS-REMIX/TACTICS-REMIX.TP2~ #2 #3 // “红徽章”毒素遭遇战: v3.3
~TACTICS-REMIX/TACTICS-REMIX.TP2~ #2 #4 // 码头区的巫妖[GebhardBlucher]: v3.3
~TACTICS-REMIX/TACTICS-REMIX.TP2~ #2 #5 // 码头区的侏儒战士/幻术师[KensaiRyu]: v3.3
~TACTICS-REMIX/TACTICS-REMIX.TP2~ #2 #19 // 强化锐齿林道[MikeBarnes]: v3.3
~TACTICS-REMIX/TACTICS-REMIX.TP2~ #2 #870 // 强化依力奇 -> 梦魇模式: v3.3
~TACTICS-REMIX/TACTICS-REMIX.TP2~ #2 #8 // 强化沙华鱼人城市: v3.3
~TACTICS-REMIX/TACTICS-REMIX.TP2~ #2 #9 // 强化芭荻: v3.3
~TACTICS-REMIX/TACTICS-REMIX.TP2~ #2 #65 // 强化艾瑞尼卡斯 -> 梦魇模式: v3.3
~TACTICS-REMIX/TACTICS-REMIX.TP2~ #2 #11 // 强化神殿区守卫豪宅: v3.3
~TACTICS-REMIX/TACTICS-REMIX.TP2~ #2 #12 // 强化魔符会: v3.3
~TACTICS-REMIX/TACTICS-REMIX.TP2~ #2 #13 // 强化麦瓦[GebhardBlucher]: v3.3
~TACTICS-REMIX/TACTICS-REMIX.TP2~ #2 #14 // 强化恶魔武士[GebhardBlucher]: v3.3
~TACTICS-REMIX/TACTICS-REMIX.TP2~ #2 #15 // 康葛斯和守护者[KensaiRyu]: v3.3
~TACTICS-REMIX/TACTICS-REMIX.TP2~ #2 #6 // 强化墓穴之王[KensaiRyu]: v3.3
~TACTICS-REMIX/TACTICS-REMIX.TP2~ #2 #79 // 地城中生成最难的敌人[Ishan]: v3.3
~TACTICS-REMIX/TACTICS-REMIX.TP2~ #2 #78 // 随机城内遭遇战[GebhardBlucher]: v3.3
~TACTICS-REMIX/TACTICS-REMIX.TP2~ #2 #31 // 随机野外遭遇战[KensaiRyu]: v3.3
~TACTICS-REMIX/TACTICS-REMIX.TP2~ #2 #17 // 强化铜冠旅店[KensaiRyu]: v3.3
~TACTICS-REMIX/TACTICS-REMIX.TP2~ #2 #7 // 强化托盖尔和德阿尼斯堡: v3.3
~TACTICS-REMIX/TACTICS-REMIX.TP2~ #2 #34 // 莎米亚和风矛之丘的队伍[Morpheus562]: v3.3
~TACTICS-REMIX/TACTICS-REMIX.TP2~ #2 #35 // 强化次元监狱的赏金猎人[Morpheus562]: v3.3
~TACTICS-REMIX/TACTICS-REMIX.TP2~ #2 #22 // 强化德鲁伊森林: v3.3
~TACTICS-REMIX/TACTICS-REMIX.TP2~ #2 #47 // 强化次元球体中的战斗[Morpheus562]: v3.3
~TACTICS-REMIX/TACTICS-REMIX.TP2~ #2 #83 // 更艰难的乌玛丘陵地城[Morpheus562]: v3.3
~TACTICS-REMIX/TACTICS-REMIX.TP2~ #2 #20 // 强化北方森林[MikeBarnes]: v3.3
~TACTICS-REMIX/TACTICS-REMIX.TP2~ #2 #21 // 强化行军山脉[MikeBarnes]: v3.3
~TACTICS-REMIX/TACTICS-REMIX.TP2~ #2 #18 // 强化绿洲[SimDing0]: v3.3
~TACTICS-REMIX/TACTICS-REMIX.TP2~ #2 #84 // 更艰难的仙黛巢穴战斗[Morpheus562]: v3.3
~TACTICS-REMIX/TACTICS-REMIX.TP2~ #2 #85 // 更艰难的阿巴济戈巢穴战斗[Morpheus562]: v3.3
~TACTICS-REMIX/TACTICS-REMIX.TP2~ #2 #86 // 更艰难的观察者堡垒[Morpheus562]: v3.3
~TACTICS-REMIX/TACTICS-REMIX.TP2~ #2 #29 // 强化崔斯特（BGEE）[Morpheus562]: v3.3
~TACTICS-REMIX/TACTICS-REMIX.TP2~ #2 #39 // 强化崔斯特（BG2EE）[Morpheus562]: v3.3
~TACTICS-REMIX/TACTICS-REMIX.TP2~ #2 #41 // 强化穆塔明花园和石化蜥蜴[Morpheus562]: v3.3
~TACTICS-REMIX/TACTICS-REMIX.TP2~ #2 #43 // 强化豺狼人要塞和豺狼人[Morpheus562]: v3.3
~TACTICS-REMIX/TACTICS-REMIX.TP2~ #2 #45 // 强化山下地城拳击团[Morpheus562]: v3.3
~TACTICS-REMIX/TACTICS-REMIX.TP2~ #2 #94 // Morpheus562 的更坚固的巫尔卡斯特: v3.3
~TACTICS-REMIX/TACTICS-REMIX.TP2~ #2 #42 // 强化杜拉格之塔的恶魔骑士[Morpheus562]: v3.3
~TACTICS-REMIX/TACTICS-REMIX.TP2~ #2 #88 // BGEE 第2章: 最终地下城/Boss 强化: v3.3
~TACTICS-REMIX/TACTICS-REMIX.TP2~ #2 #89 // BGEE 第 3 章：改进的强盗营地: v3.3
~TACTICS-REMIX/TACTICS-REMIX.TP2~ #2 #90 // BGEE 第 4 章：改进的斗篷森林矿井: v3.3
~TACTICS-REMIX/TACTICS-REMIX.TP2~ #2 #91 // BGEE 第 5 章：铁王座总部 Boss 改进: v3.3
~TACTICS-REMIX/TACTICS-REMIX.TP2~ #2 #92 // BGEE 第 6 章：改进的返回烛堡: v3.3
~TACTICS-REMIX/TACTICS-REMIX.TP2~ #2 #93 // BGEE 第 7 章：改进的BGEE结局: v3.3
~TACTICS-REMIX/TACTICS-REMIX.TP2~ #2 #46 // 普通敌人强化[Morpheus562]: v3.3
~TACTICS-REMIX/TACTICS-REMIX.TP2~ #2 #48 // 强化不死生物: v3.3
~TACTICS-REMIX/TACTICS-REMIX.TP2~ #2 #52 // 强化魔像: v3.3
~TACTICS-REMIX/TACTICS-REMIX.TP2~ #2 #49 // 强化夺心魔[GebhardBlucher]: v3.3
~TACTICS-REMIX/TACTICS-REMIX.TP2~ #2 #16 // 更聪明的龙: v3.3
~TACTICS-REMIX/TACTICS-REMIX.TP2~ #2 #50 // 强化眼魔: v3.3
~TACTICS-REMIX/TACTICS-REMIX.TP2~ #2 #51 // 强化吸血鬼: v3.3
~TACTICS-REMIX/TACTICS-REMIX.TP2~ #2 #53 // 强化邪兽鬼[Morpheus562]: v3.3
~TACTICS-REMIX/TACTICS-REMIX.TP2~ #2 #54 // 强化天界生物[Morpheus562]: v3.3
~TACTICS-REMIX/TACTICS-REMIX.TP2~ #2 #56 // 强化恶魔: v3.3
~TACTICS-REMIX/TACTICS-REMIX.TP2~ #2 #76 // 强化巨灵[Morpheus562]: v3.3
~TACTICS-REMIX/TACTICS-REMIX.TP2~ #2 #23 // 强化火巨人: v3.3
~TACTICS-REMIX/TACTICS-REMIX.TP2~ #2 #32 // 强化吉斯洋基人[Morpheus562]: v3.3
~TACTICS-REMIX/TACTICS-REMIX.TP2~ #2 #33 // 强化蛇人[Morpheus562]: v3.3
~TACTICS-REMIX/TACTICS-REMIX.TP2~ #2 #80 // 强化狼[Morpheus562]: v3.3
~TACTICS-REMIX/TACTICS-REMIX.TP2~ #2 #77 // 高效率的巨魔战斗: v3.3
~TACTICS-REMIX/TACTICS-REMIX.TP2~ #2 #100 // 更聪明的法师 -> 为施法者添加额外法术: v3.3
~TACTICS-REMIX/TACTICS-REMIX.TP2~ #2 #102 // 更聪明的神术施法者 -> 为施法者添加额外法术: v3.3
~EET_TWEAKS/EET_TWEAKS.TP2~ #4 #2051 // 杀死生物获取经验 -> 降低至75%: 1.18
~EET_TWEAKS/EET_TWEAKS.TP2~ #4 #2061 // 任务经验 -> 降低至75%: 1.18
~EET_TWEAKS/EET_TWEAKS.TP2~ #4 #3000 // 在魅惑后禁用敌对反应: 1.18
~EET_TWEAKS/EET_TWEAKS.TP2~ #4 #3022 // 宠物死亡的影响 -> 禁用: 1.18
~EET_TWEAKS/EET_TWEAKS.TP2~ #4 #4020 // 支持更高的帧率: 1.18
~EET_TWEAKS/EET_TWEAKS.TP2~ #4 #4080 // 用《博德之门：增强版》的过场动画替换经典《博德之门1》的 -> 替换过场动画: 1.18
~ENHANCED-POWERGAMING-SCRIPTS/ENHANCED-POWERGAMING-SCRIPTS.TP2~ #5 #14 // 安装增强的强力游戏脚本 -> 正常的上buff速度: v15.2
~ENHANCED-POWERGAMING-SCRIPTS/ENHANCED-POWERGAMING-SCRIPTS.TP2~ #5 #9 // 安装增强的召唤神侍脚本: v15.2
~ENHANCED-POWERGAMING-SCRIPTS/ENHANCED-POWERGAMING-SCRIPTS.TP2~ #5 #10 // 安装增强的拟像术脚本: v15.2