// Log of Currently Installed WeiDU Mods
// The top of the file is the 'oldest' mod
// ~TP2_File~ #language_number #component_number // [Subcomponent Name -> ] Component Name [ : Version]
~EET/EET.TP2~ #0 #0 // EET core (resource importation): V13.4
~LEUI/LEUI.TP2~ #0 #0 // lefreut's Enhanced UI - Core component: 4.9
~LEUI/LEUI.TP2~ #0 #1 // lefreut's Enhanced UI - BG2 vanilla bams for spells: 4.9
~LEUI/LEUI.TP2~ #0 #2 // lefreut's Enhanced UI - BG2 vanilla fonts for descriptions: 4.9
~BP_IN_BG/BP_IN_BG.TP2~ #0 #100 // add access to the Black Pits in BGEE/EET: 1.0
~C#ENDLESSBG1/C#ENDLESSBG1.TP2~ #0 #0 // Endless BG1: Main Component (Required): 19
~C#ENDLESSBG1/C#ENDLESSBG1.TP2~ #0 #1 // More Flavor to Hero of Baldur's Gate (Includes PC's Residence Inside Palace): 19
~C#ENDLESSBG1/C#ENDLESSBG1.TP2~ #0 #2 // Short Public Hero Tribute: 19
~C#ENDLESSBG1/C#ENDLESSBG1.TP2~ #0 #3 // Sarevok's Unique Items: 19
~C#ENDLESSBG1/C#ENDLESSBG1.TP2~ #0 #4 // Sarevok's Sword: 19
~C#ENDLESSBG1/C#ENDLESSBG1.TP2~ #0 #6 // Duke Eltan Is in the Palace: 19
~C#ENDLESSBG1/C#ENDLESSBG1.TP2~ #0 #8 // Elminster Makes an Appearance -> jastey's Version: 19
~C#ENDLESSBG1/C#ENDLESSBG1.TP2~ #0 #10 // First Refugees Come to Baldur's Gate: 19
~C#ENDLESSBG1/C#ENDLESSBG1.TP2~ #0 #11 // Ophyllis the Treasurer is Inside Palace Dungeon: 19
~C#ENDLESSBG1/C#ENDLESSBG1.TP2~ #0 #12 // Denkod in Thieves' Guild Comments on Sarevok's Death: 19
~C#ENDLESSBG1/C#ENDLESSBG1.TP2~ #0 #13 // Skip Thieves' Maze Once After Sarevok's Death: 19
~C#ENDLESSBG1/C#ENDLESSBG1.TP2~ #0 #15 // Fenster the Palace Healer Is in the Palace: 19
~C#ENDLESSBG1/C#ENDLESSBG1.TP2~ #0 #16 // Captain Corwin Is in the Palace: 19
~C#ANOTHERFINEHELL/C#ANOTHERFINEHELL.TP2~ #0 #0 // Another Fine Hell - Optional Ending for SoD and BGII Closure: Alpha_230919
~C#ANOTHERFINEHELL/C#ANOTHERFINEHELL.TP2~ #0 #1 // Get the Hells Out - Quest Option with Extended BGII Content: Alpha_230919
~C#ANOTHERFINEHELL/C#ANOTHERFINEHELL.TP2~ #0 #2 // PC's and Imoen's chest in Palace should have their content: Alpha_230919
~C#SODBOABRI/C#SODBOABRI.TP2~ #0 #0 // Scene at Boareskyr Bridge will be Acknowledged: Add NPC Reactions: v7
~C#SODBOABRI/C#SODBOABRI.TP2~ #0 #1 // Add Description Text to Original Scene at Bridge: v7
~C#SODBOABRI/C#SODBOABRI.TP2~ #0 #2 // Bridge Scene has Different Choices: v7
~C#SODBOABRI/C#SODBOABRI.TP2~ #0 #3 // Add Stat Changes to Choices at Bridge: v7
~C#SODTWEAKS/SETUP-C#SODTWEAKS.TP2~ #0 #2 // Do Not Miss NPC-PC Dialogues -> For NPCs in Party Only: v12.1
~C#SODTWEAKS/SETUP-C#SODTWEAKS.TP2~ #0 #5 // More Dialogue Choices & Prevent Dead Ends: v12.1
~C#SODTWEAKS/SETUP-C#SODTWEAKS.TP2~ #0 #20 // Make Portal Close from Dragonspear Castle (Aun Argent survives always): v12.1
~C#SODTWEAKS/SETUP-C#SODTWEAKS.TP2~ #0 #21 // Hephernaan takes Dragonspear Vault Key: v12.1
~IMOEN_FOREVER/IMOEN_FOREVER.TP2~ #0 #0 // Imoen 4 Ever in BGII: Imoen Returns after Talking to Gaelan in Chapter 2: v11.4
~IMOEN_FOREVER/IMOEN_FOREVER.TP2~ #0 #1 // Imoen 4 Ever in BGII: Give Imoen Dialogue Content in SoA: v11.4
~IMOEN_FOREVER/IMOEN_FOREVER.TP2~ #0 #2 // Imoen 4 Ever in BGII: Yoshimo Comes to Brynnlaw: v11.4
~IMOEN_FOREVER/IMOEN_FOREVER.TP2~ #0 #3 // Imoen 4 Ever in BGII: Give Imoen Protection Spell in Chapters 2 & 3: v11.4
~ASCENSION/ASCENSION.TP2~ #0 #0 // Rewritten Final Chapter of Throne of Bhaal: 2.0.28
~ASCENSION/ASCENSION.TP2~ #0 #10 // Balthazar can be redeemed: 2.0.28
~ASCENSION/ASCENSION.TP2~ #0 #20 // Improved Sarevok-Player Interactions: 2.0.28
~ASCENSION/ASCENSION.TP2~ #0 #30 // Improved Imoen-Player Interactions in Throne of Bhaal: 2.0.28
~ASCENSION/ASCENSION.TP2~ #0 #40 // Restored Bhaalspawn Powers: 2.0.28
~ASCENSION/ASCENSION.TP2~ #0 #50 // Improved Slayer Transformation: 2.0.28
~ASCENSION/ASCENSION.TP2~ #0 #60 // Expanded Epilogues for Bioware NPCs -> David Gaider's expanded epilogues for Bioware NPCs: 2.0.28
~ASCENSION/ASCENSION.TP2~ #0 #1000 // Tougher Abazigal: 2.0.28
~ASCENSION/ASCENSION.TP2~ #0 #1100 // Tougher Balthazar: 2.0.28
~ASCENSION/ASCENSION.TP2~ #0 #1200 // Tougher Demogorgon: 2.0.28
~ASCENSION/ASCENSION.TP2~ #0 #1300 // Tougher Gromnir: 2.0.28
~ASCENSION/ASCENSION.TP2~ #0 #1400 // Tougher Illasera: 2.0.28
~ASCENSION/ASCENSION.TP2~ #0 #1500 // Tougher Yaga-Shura: 2.0.28
~ASCENSION/ASCENSION.TP2~ #0 #2100 // Alternate Balthazar portrait, by Cuv: 2.0.28
~ASCENSION/ASCENSION.TP2~ #0 #2200 // Extended Epilogues for additional Beamdog NPCs, by shawne: 2.0.28
~ASCENSION/ASCENSION.TP2~ #0 #2300 // Sharper portraits of Abazigal and Gromnir for the Enhanced Edition, by DavidW: 2.0.28
~ASCENSION/ASCENSION.TP2~ #0 #2400 // Slightly improved cutscenes, by DavidW: 2.0.28
~UB/SETUP-UB.TP2~ #0 #0 // The Kidnapping of Boo by Cliffette: v28
~UB/SETUP-UB.TP2~ #0 #1 // The Suna Seni/Valygar Relationship: v28
~UB/SETUP-UB.TP2~ #0 #2 // Kalah and What He Was Promised: v28
~UB/SETUP-UB.TP2~ #0 #4 // Gorje Hilldark and the Extended Illithium Quest: v28
~UB/SETUP-UB.TP2~ #0 #5 // The Pai'Na/Spider's Bane Quest: v28
~UB/SETUP-UB.TP2~ #0 #6 // Restored Crooked Crane Inn: v28
~UB/SETUP-UB.TP2~ #0 #7 // Restored Encounters: v28
~UB/SETUP-UB.TP2~ #0 #8 // Artemis Entreri in Bodhi's Lair: v28
~UB/SETUP-UB.TP2~ #0 #9 // Corrected "Xzar's Creations": v28
~UB/SETUP-UB.TP2~ #0 #10 // Restored Hell Minions, by SimDing0: v28
~UB/SETUP-UB.TP2~ #0 #12 // Item Restorations: v28
~UB/SETUP-UB.TP2~ #0 #13 // Yoshimo's Original Portrait: v28
~UB/SETUP-UB.TP2~ #0 #17 // Corrected Character Names and Biographies: v28
~UB/SETUP-UB.TP2~ #0 #18 // Restored Minor Dialogs: v28
~UB/SETUP-UB.TP2~ #0 #19 // Restored Bhaalspawn Powers, by David Gaider: v28
~UB/SETUP-UB.TP2~ #0 #20 // Extended ToB Item Descriptions: v28
~UB/SETUP-UB.TP2~ #0 #21 // Throne of Bhaal Minor Restorations: v28
~UB/SETUP-UB.TP2~ #0 #22 // Justifier Kit: v28
~UB/SETUP-UB.TP2~ #0 #23 // Feralan Kit: v28
~UB/SETUP-UB.TP2~ #0 #24 // Sarevok's Remorse: v28
~UB/SETUP-UB.TP2~ #0 #25 // The Murder of Acton Balthis, by Kulyok: v28
~ARESTORATIONP/ARESTORATIONP.TP2~ #1 #0 // Restored Locations: v10.0
~ARESTORATIONP/ARESTORATIONP.TP2~ #1 #1 // Restored Characters and Dialogs: v10.0
~ARESTORATIONP/ARESTORATIONP.TP2~ #1 #2 // Restored Sounds: v10.0
~ARESTORATIONP/ARESTORATIONP.TP2~ #1 #3 // Restored Items: v10.0
~ARESTORATIONP/ARESTORATIONP.TP2~ #1 #4 // Restored Wish Options: v10.0
~ARESTORATIONP/ARESTORATIONP.TP2~ #1 #5 // Restored XP for Minor Things: v10.0
~ARESTORATIONP/ARESTORATIONP.TP2~ #1 #6 // Lich Deril: v10.0
~ARESTORATIONP/ARESTORATIONP.TP2~ #1 #8 // Minor Restorations: v10.0
~ARESTORATIONP/ARESTORATIONP.TP2~ #1 #11 // Restored Final Slayer Dream: v10.0
~ARESTORATIONP/ARESTORATIONP.TP2~ #1 #13 // Restored Waukeen's Promenade Cutscene: v10.0
~NTOTSC/NTOTSC.TP2~ #0 #0 // Northern Tales of the Sword Coast (NTotSC) for BGT-Weidu, BG:EE, and EET: 5.0.0
~NTOTSC/NTOTSC.TP2~ #0 #2 // Keelor the Dwarf: 5.0.0
~NTOTSC/NTOTSC.TP2~ #0 #3 // Llindellyn's Lucky Arrow: 5.0.0
~NTOTSC/NTOTSC.TP2~ #0 #5 // Pilar and Gheldehar: 5.0.0
~NTOTSC/NTOTSC.TP2~ #0 #9 // Fighting Encounters: 5.0.0
~NTOTSC/NTOTSC.TP2~ #0 #10 // Improved Lesser Fiends: 5.0.0
~NTOTSC/NTOTSC.TP2~ #0 #11 // Improved Haeball: 5.0.0
~NTOTSC/NTOTSC.TP2~ #0 #12 // Improved Ghotal: 5.0.0
~NTOTSC/NTOTSC.TP2~ #0 #14 // Reduce Number of Shaman Cloaks -> Make Cloaks Undroppable: 5.0.0
~CTB/SETUP-CTB.TP2~ #0 #0 // Check The Bodies: 3.0
~CTB/SETUP-CTB.TP2~ #0 #3 // Other Improvements: 3.0
~BG1RE/SETUP-BG1RE.TP2~ #0 #105 // Main Component: Amount of -ahem- details and BG-style vs. description text! (Required) -> Descriptive Version [Adult content] and Show/Install all Components with Warnings.: 12
~BG1RE/SETUP-BG1RE.TP2~ #0 #5 // No Starch in the Maypole: 12
~BG1RE/SETUP-BG1RE.TP2~ #0 #8 // Laurel's Post-Hunting, by jastey: 12
~BG1RE/SETUP-BG1RE.TP2~ #0 #14 // No Regrets: 12
~BG1RE/SETUP-BG1RE.TP2~ #0 #17 // Late Night with Jaheira, by Kulyok: 12
~BG1RE/SETUP-BG1RE.TP2~ #0 #18 // Sil's Blessing, by Lava: 12
~BG1RE/SETUP-BG1RE.TP2~ #0 #20 // Reading with Rinnie, by Western Paladin: 12
~BG1RE/SETUP-BG1RE.TP2~ #0 #21 // Molly the Husband-Grabber, by Kulyok: 12
~BG1RE/SETUP-BG1RE.TP2~ #0 #22 // The Mourning of Centeol, the Spider Lady, by Lava: 12
~BG1RE/SETUP-BG1RE.TP2~ #0 #23 // The Essential End, by Lava (WARNING - refer to the readme!): 12
~BG1RE/SETUP-BG1RE.TP2~ #0 #26 // The Messenger, by Thimblerig: 12
~BG1RE/SETUP-BG1RE.TP2~ #0 #28 // The Novelists, by Thimblerig: 12
~BG1RE/SETUP-BG1RE.TP2~ #0 #29 // The Honest Lies of Two Riversides, By Lava: 12
~BG1RE/SETUP-BG1RE.TP2~ #0 #30 // Necromancer's Trouble, by jastey: 12
~BG1RE/SETUP-BG1RE.TP2~ #0 #32 // Girdle of Gender Reactions, by Thimblerig, Kulyok, Domi, Lava, Lastknightleft, Twani, Jastey, Daisy Ninja Girl: 12
~BG1RE/SETUP-BG1RE.TP2~ #0 #37 // Della May from Thay, by Kulyok: 12
~BG1RE/SETUP-BG1RE.TP2~ #0 #41 // The Messenger 2: Rain or Snow or Gloom of Night, by Thimblerig and tibicina: 12
~BG1RE/SETUP-BG1RE.TP2~ #0 #42 // Camryn and Tamah, by tibicina: 12
~BG1RE/SETUP-BG1RE.TP2~ #0 #43 // Minor Disclosures, by jastey: 12
~BG1RE/SETUP-BG1RE.TP2~ #0 #44 // Cloakwood Lovers, by tibicina: 12
~BG1AERIE/SETUP-BG1AERIE.TP2~ #0 #5000 // Aerie for BG:EE: 2.5
~BG1AERIE/SETUP-BG1AERIE.TP2~ #0 #5001 // Install a lighter variant of the portrait for Aerie? (This changes her BG2 portrait as well in EET.): 2.5
~SIRINESCALL/SETUP-SIRINESCALL.TP2~ #0 #0 // The Lure of the Sirine's Call: v16.3
~SIRINESCALL/SETUP-SIRINESCALL.TP2~ #0 #1 // Extended Lighthouse Area: v16.3
~DW_LANTHORN/DW_LANTHORN.TP2~ #0 #20 // Restored Rhynn Lanthorn lens quest -> Expanded Version (adds four new locations where lenses can be found): v2
~ASSASSINATIONS/ASSASSINATIONS.TP2~ #0 #0 // Assassinations mod for Baldur's Gate II: v19
~FADINGPROMISES/SETUP-FADINGPROMISES.TP2~ #0 #0 // Fading Promises: v9
~BGQE/SETUP-BGQE.TP2~ #0 #0 // Slime Quest: 27
~BGQE/SETUP-BGQE.TP2~ #0 #1 // Beregost Family Quest: 27
~BGQE/SETUP-BGQE.TP2~ #0 #3 // Nashkel Monster Quest: 27
~BGQE/SETUP-BGQE.TP2~ #0 #4 // Fallen Paladin Quest: 27
~BGQE/SETUP-BGQE.TP2~ #0 #5 // Undying Love Quest: 27
~BGQE/SETUP-BGQE.TP2~ #0 #7 // Unexpected Help Quest: 27
~BGQE/SETUP-BGQE.TP2~ #0 #9 // Drunk near Beregost Temple: 27
~BGQE/SETUP-BGQE.TP2~ #0 #10 // A Warm Place for Noober: 27
~BGQE/SETUP-BGQE.TP2~ #0 #11 // Brage's Sword: 27
~BGQE/SETUP-BGQE.TP2~ #0 #12 // Legal Sea Charts Sources: 27
~BGQE/SETUP-BGQE.TP2~ #0 #13 // Additions to the Lady's Hall and the Bitch Queen's Temple: 27
~BGQE/SETUP-BGQE.TP2~ #0 #14 // A Worried Farmer: 27
~BGQE/SETUP-BGQE.TP2~ #0 #15 // Bodies for a Good Cause: 27
~BGQE/SETUP-BGQE.TP2~ #0 #16 // Finish Cordyr's Quest without killing Sil: 27
~RE/SETUP-RE.TP2~ #0 #0 // Aerie, Anomen, Jaheira and Viconia React to Romantic Encounters: v15
~RE/SETUP-RE.TP2~ #0 #1 // Storms and Lightning, by berelinde (Weathermistress Ada, adult content): v15
~RE/SETUP-RE.TP2~ #0 #3 // Anishai's Deft Hands, by cmorgan: v15
~RE/SETUP-RE.TP2~ #0 #6 // Bodhi's Allure, by Kulyok (adult content): v15
~RE/SETUP-RE.TP2~ #0 #7 // Trademeet with Guildmistress Busya, by magrat: v15
~RE/SETUP-RE.TP2~ #0 #13 // A Lonely Dryad, by Kulyok (adult content): v15
~RE/SETUP-RE.TP2~ #0 #22 // Ilona, a Merchant's Daughter, by Kulyok: v15
~RE/SETUP-RE.TP2~ #0 #24 // A Night with Lais in Imnesvale, by Kulyok: v15
~RE/SETUP-RE.TP2~ #0 #28 // Mira's Special Stock, by berelinde: v15
~RE/SETUP-RE.TP2~ #0 #30 // Rebecca the Gypsy, by Kulyok: v15
~RE/SETUP-RE.TP2~ #0 #35 // Dreaming of Sendai, by Kulyok: v15
~RE/SETUP-RE.TP2~ #0 #36 // Sheri the Bardess, by cmorgan (adult content): v15
~RE/SETUP-RE.TP2~ #0 #41 // Isabelle's Fears, by gertjanvh (adult content): v15
~RE/SETUP-RE.TP2~ #0 #42 // Anne's Rescue, by gertjanvh (adult content): v15
~RE/SETUP-RE.TP2~ #0 #43 // The Queen, by Domi: v15
~RE/SETUP-RE.TP2~ #0 #45 // Rehearsal with Chandra, by Western Paladin: v15
~RE/SETUP-RE.TP2~ #0 #54 // Date Night, by SisterVigilante: v15
~GORGON/SETUP-GORGON.TP2~ #0 #0 // Install The Gorgon's Eye: v4.6
~GORGON/SETUP-GORGON.TP2~ #0 #1 // NPC Character Portraits -> Give portraits to all characters added from this mod: v4.6
~GORGON/SETUP-GORGON.TP2~ #0 #4 // Add More Pickpocketable Items: v4.6
~BG1RE/SETUP-BG1RE.TP2~ #0 #3 // Kim's Preoccupation, by jastey (WARNING - refer to the readme!): 12
~BG1RE/SETUP-BG1RE.TP2~ #0 #10 // Lina's Massage, by jastey: 12
~BG1RE/SETUP-BG1RE.TP2~ #0 #15 // Purchased Love, by Thimblerig: 12
~BG1RE/SETUP-BG1RE.TP2~ #0 #36 // Arlene the Working Girl, by Kulyok: 12
~BG1RE/SETUP-BG1RE.TP2~ #0 #40 // Mikala the Monk, by Twani: 12
~BLACKHEARTS EET/SETUP-BLACKHEARTS EET.TP2~ #0 #0 // Install Blackhearts for EET: v1.0
~A7-TESTYOURMETTLE/A7-TESTYOURMETTLE.TP2~ #0 #0 // Test Your Mettle!: 1.5
~A7-TESTYOURMETTLE/A7-TESTYOURMETTLE.TP2~ #0 #12 // Reduced experience for killing monsters -> Reduce by 75% (recommended): 1.5
~A7-TESTYOURMETTLE/A7-TESTYOURMETTLE.TP2~ #0 #20 // Make "Spacewarp" available to stores: 1.5
~C#SB_SILBER/SETUP-C#SB_SILBER.TP2~ #0 #0 // Adalon's Blood - Modification for BGII by Gandalf the white: 15
~TOD/TOD.TP2~ #0 #0 // Tower of Deception: v4.0.8
~TOD/TOD.TP2~ #0 #1 // Improved Astral Shard Guardian: v4.0.8
~TOD/TOD.TP2~ #0 #2 // Encounter with Ustrain: v4.0.8
~EILISTRAEE/SETUP-EILISTRAEE.TP2~ #0 #0 // Eilistraee's Song -> Yes, but don't patch the existing save games: 7.5
~FISHINGFORTROUBLE/FISHINGFORTROUBLE.TP2~ #0 #0 // Fishing for Trouble by Yovaneth: v3.2.10
~FISHINGFORTROUBLE/FISHINGFORTROUBLE.TP2~ #0 #1 // Fishing for Trouble - Major character portraits: v3.2.10
~BST/SETUP-BST.TP2~ #0 #0 // The BS Company presents Balduran's Seatower: vEAOB.9
~BACKBRYNNLAW/BACKBRYNNLAW.TP2~ #0 #0 // Back to Brynnlaw mod for Baldur's Gate II: v9
~SELLSWORDS/SELLSWORDS.TP2~ #0 #0 // The Sellswords mod for Baldur's Gate II: v9.1
~REUNION/REUNION.TP2~ #0 #0 // The Reunion mod for Baldur's Gate II: v7
~OOZE/OOZE.TP2~ #0 #0 // Athkatlan Grounds: The Ooze's Lounge - a new area under Athkatlan Slums: 2.94
~SOUTHERNEDGE/SOUTHERNEDGE.TP2~ #0 #0 // Southern Edge: the new district of Athkatla -> Yes, but don't patch the existing save games: 5.2
~TANGLEDISLE/TANGLEDISLE.TP2~ #0 #0 // Athkatlan Grounds: The Tangled Oak Isle -> Yes, but don't patch existing save games: v4.5.1
~BRIDGESBLOCK/BRIDGESBLOCK.TP2~ #0 #0 // Athkatlan Grounds: The Bridge's Block: 2.0
~ALABASTERSANDS/ALABASTERSANDS.TP2~ #0 #0 // Alabaster Sands: the new area of Athkatla -> Yes, but don't patch existing save games: v1.7
~WHITEQUEEN/WHITEQUEEN.TP2~ #0 #0 // Colours of Infinity - The White Queen -> Yes, but don't patch the existing save games: 7.3
~ISNF/ISNF.TP2~ #0 #0 // Colours of Infinity: I Shall Never Forget: 6.3
~TIDINGS/SETUP-TIDINGS.TP2~ #1 #0 // Dark Tidings: 2.2
~GODCALL/SETUP-GODCALL.TP2~ #1 #0 // Call Of The Lost Goddess V 1.2
~GODCALL/SETUP-GODCALL.TP2~ #1 #50 // Install portraits for the major NPCs of the mod
~INLOVEUNDEATH/INLOVEUNDEATH.TP2~ #0 #0 // The Dreadful Tales: In Love, Undeath - a new quest and companion for BG2EE -> Yes, but don't patch existing save games: v1.8
~INLOVEUNDEATH/INLOVEUNDEATH.TP2~ #0 #2 // Xzele: Player-Initiated Dialogues: v1.8
~JUNIPERANDTHESTONELEECH/JUNIPERANDTHESTONELEECH.TP2~ #0 #0 // The Dreadful Tales: Juniper and the Stone Leech - companion and a quest mod for BG2EE ToB: v1.7
~JUNIPERANDTHESTONELEECH/JUNIPERANDTHESTONELEECH.TP2~ #0 #1 // The Dreadful Tales: Juniper and the Stone Leech - Player-Initiated Dialogues for Juniper: v1.7
~BLOODIEDSTINGSOFBAROVIA/BLOODIEDSTINGSOFBAROVIA.TP2~ #0 #0 // The Bloodied Stings of Barovia - a dark Ravenloft adventure for Baldur's Gate 2 EE: v2.2
~THECALLING/THECALLING.TP2~ #0 #0 // The Calling: v5
~THECALLING/THECALLING.TP2~ #0 #20 // Peaceful Werewolf Isle Resolution: v5
~THECALLING/THECALLING.TP2~ #0 #40 // Exotic Item Pack: v5
~REFLECTIONS/REFLECTIONS.TP2~ #0 #100 // Reflections of Destiny Part 1: The Mirror Shard: 0.3
~REFLECTIONS/REFLECTIONS.TP2~ #0 #200 // Reflections of Destiny Part 2: Back to the Future: 0.3
~REFLECTIONS/REFLECTIONS.TP2~ #0 #400 // Reflections of Destiny Part 4: Nothing to Feyr but Feyr Itself: 0.3
~LORETAKERS/SETUP-LORETAKERS.TP2~ #0 #0 // Loretakers V 1.3: V 1.3
~SOTSC/SOTSC.TP2~ #0 #0 // Shades of the Sword Coast - Expansion Pack for BGEE: v8.8
~THEVANISHINGOFSKIESILVERSHIELD/THEVANISHINGOFSKIESILVERSHIELD.TP2~ #0 #0 // The Vanishing of Skie Silvershield – a new quest for BGEE that lets Eldoth and Skie join your party sooner: v2.4
~SLANDOR/SLANDOR.TP2~ #1 #0 // The Minotaur and Lilacor: 2.1
~SETUP-D0QUESTPACK.TP2~ #0 #1 // Creature & Area Improvements -> All Creature & Area Improvements: v3.5
~SETUP-D0QUESTPACK.TP2~ #0 #4 // Miscellaneous Enhancements -> With Additional Random Encounters: v3.5
~SETUP-D0QUESTPACK.TP2~ #0 #5 // Additional Shadow Thieves Content: v3.5
~SETUP-D0QUESTPACK.TP2~ #0 #6 // Alternative Harper/Xzar Plot: v3.5
~SETUP-D0QUESTPACK.TP2~ #0 #7 // Extended Reynald Sequence: v3.5
~SETUP-D0QUESTPACK.TP2~ #0 #8 // Intrigue In The Copper Coronet: v3.5
~SETUP-D0QUESTPACK.TP2~ #0 #9 // Rahul Kanakia's Potion Quest: v3.5
~SETUP-D0QUESTPACK.TP2~ #0 #10 // Revised Hell Trials: v3.5
~SETUP-D0QUESTPACK.TP2~ #0 #11 // Improved Oasis II -> IO2 Dialogue & Combat Enhancement: v3.5
~SETUP-D0QUESTPACK.TP2~ #0 #13 // Saving Sanik In Brynnlaw: v3.5
~SETUP-D0QUESTPACK.TP2~ #0 #14 // Burglary Of The Bookkeeper: v3.5
~SETUP-D0QUESTPACK.TP2~ #0 #15 // New Fate For The Dryads' Acorns: v3.5
~SETUP-D0QUESTPACK.TP2~ #0 #16 // The Tragedy Of Besamen: v3.5
~SETUP-D0QUESTPACK.TP2~ #0 #17 // Further Slaver Involvement: v3.5
~SETUP-D0QUESTPACK.TP2~ #0 #18 // Sending The Solamnic Knights Home: v3.5
~SETUP-D0QUESTPACK.TP2~ #0 #19 // Nazariel The Lich: v3.5
~SETUP-D0QUESTPACK.TP2~ #0 #20 // Reward Negotiation: v3.5
~SETUP-D0QUESTPACK.TP2~ #0 #21 // Infernal Thievery: v3.5
~ALTERNATIVES/SETUP-ALTERNATIVES.TP2~ #0 #0 // Alternatives: v15
~IMOEN_FOREVER/IMOEN_FOREVER.TP2~ #0 #9 // Imoen 4 Ever in BGII: Compatibility with Alternatives and Saerileth: v11.4
~IMOEN_FOREVER/IMOEN_FOREVER.TP2~ #0 #11 // Imoen 4 Ever in SoD: Imoen Returns to PC in First Coalition Camp (bd1000): v11.4
~IMOEN_FOREVER/IMOEN_FOREVER.TP2~ #0 #12 // Imoen 4 Ever in SoD: Imoen Gives Better Reason to Stay Behind in Palace: v11.4
~IMOEN_FOREVER/IMOEN_FOREVER.TP2~ #0 #13 // Imoen 4 Ever in SoD: Play Cutscene With Imoen and Duke Jannath: v11.4
~IMOEN_FOREVER/IMOEN_FOREVER.TP2~ #0 #14 // Imoen 4 Ever in SoD: Give Imoen Dialogue Content in Chapters 8-12: v11.4
~IMOEN_FOREVER/IMOEN_FOREVER.TP2~ #0 #20 // Imoen's chest moves with the campaign, too: v11.4
~IMOEN_FOREVER/IMOEN_FOREVER.TP2~ #0 #25 // Imoen 4 Ever in SoD: Give Imoen PID during chapters 8 to 12: v11.4
~BG1NPC/BG1NPC.TP2~ #0 #0 // The BG1 NPC Project: Required Modifications: v32
~BG1NPC/BG1NPC.TP2~ #0 #10 // The BG1 NPC Project: Banters, Quests, and Interjections: v32
~BG1NPC/BG1NPC.TP2~ #0 #32 // The BG1 NPC Project: Branwen's Romance Core (teen content) -> Speed: 30 minutes real time minimum between LoveTalks: v32
~BG1NPC/BG1NPC.TP2~ #0 #52 // The BG1 NPC Project: Dynaheir's Romance Core (teen content) -> Speed: 30 minutes real time minimum between LoveTalks: v32
~BG1NPC/BG1NPC.TP2~ #0 #62 // The BG1 NPC Project: Shar-Teel Relationship Core (adult content) -> Speed: 30 minutes real time minimum between LoveTalks: v32
~BG1NPC/BG1NPC.TP2~ #0 #90 // The BG1 NPC Project: NPCs can be sent to wait in an inn: v32
~BG1NPC/BG1NPC.TP2~ #0 #111 // BGEE Banter Timing Tweak -> Banter Timing: Fast (about 20 minutes between banter dialogs): v32
~BG1NPC/BG1NPC.TP2~ #0 #120 // The BG1 NPC Project: Bardic Reputation Adjustment: v32
~BG1NPC/BG1NPC.TP2~ #0 #130 // The BG1 NPC Project: Sarevok's Diary Adjustments -> SixofSpades Extended Sarevok's Diary: v32
~BG1NPC/BG1NPC.TP2~ #0 #150 // The BG1 NPC Project: Kivan's "Kivan and Deheriana Companions" portrait: v32
~BG1NPC/BG1NPC.TP2~ #0 #155 // The BG1 NPC Project: Give Coran his "Murder in Baldur's Gate" portrait: v32
~BG1NPC/BG1NPC.TP2~ #0 #160 // The BG1 NPC Project: Add Non-Joinable NPC portraits to quests and dialogues: v32
~LUCY/LUCY.TP2~ #0 #0 // Lucy the Wyvern: v5.0
~TURNABOUT/SETUP-TURNABOUT.TP2~ #0 #0 // Ascension: Turnabout: v1.8
~TURNABOUT/SETUP-TURNABOUT.TP2~ #0 #1 // Balthazar Epilogue Portrait, by Cliffette: v1.8
~FRAMED/FRAMED.TP2~ #0 #1 // Framed: Provide multiple versions of chapter 6 -> Leave out the custom chapter voice-overs: v1.14
~WHINHILL/WHINHILL.TP2~ #0 #0 // The Journey to the Whin Hill - a Baldur's Gate 2: EE quest -> Yes, but don't patch existing save games: v1.3
~AJANTISBG1/SETUP-AJANTISBG1.TP2~ #0 #0 // Installs Ajantis BG1 Expansion Modification: 20
~AJANTISBG1/SETUP-AJANTISBG1.TP2~ #0 #1 // Install the unique BG:EE BAM for Ajantis' Family Shield: 20
~AJANTISBG1/SETUP-AJANTISBG1.TP2~ #0 #30 // Ajantis SoD NPC: Crossmod Content: 20
~YESLICKNPC/YESLICKNPC.TP2~ #0 #1 // Yeslick NPC for BGII: SoA & ToB -> Yeslick is a Fighter-Alaghor of Clangeddin (cleric kit): v5.0
~KIVAN/SETUP-KIVAN.TP2~ #0 #100 // Kivan of Shilmista: v18
~KIVAN/SETUP-KIVAN.TP2~ #0 #300 // Install Herd's Alternative Portrait for Kivan.: v18
~BRANWEN/BRANWEN.TP2~ #0 #0 // Branwen BG2 NPC mod for players and modders: v8pre
~XAN/XAN.TP2~ #0 #0 // Xan NPC MOD for Baldur's Gate II: v19
~CORAN/CORAN.TP2~ #0 #0 // Coran NPC MOD for Baldur's Gate II: v9
~CORAN/CORAN.TP2~ #0 #1 // Delete old Coran from the Forest of Tethyr (RECOMMENDED): v9
~C#SOLAUFEIN/C#SOLAUFEIN.TP2~ #1 #0 // Solaufein's Rescue: Jastey's Solaufein NPC for BGII: 5.0
~C#SOLAUFEIN/C#SOLAUFEIN.TP2~ #1 #1 // Give Solaufein in Ust Natha the Mod's Portrait: 5.0
~NEERABANTERS/NEERABANTERS.TP2~ #0 #10 // Neera Banters: Dialogue Banters and Interjections: v0.9.2
~NEERABANTERS/NEERABANTERS.TP2~ #0 #20 // Neera Banters: Interaction Banters: v0.9.2
~CORANBGFRIEND/CORANBGFRIEND.TP2~ #0 #0 // Coran's Extended BG Friendship Talks: v5.2
~SKIECOST/SKIECOST.TP2~ #0 #0 // Skie: The Cost of One Girl's Soul - New quest for Baldur's Gate 2 EE: v6.2
~SKIECOST/SKIECOST.TP2~ #0 #1 // Skie: The Cost of One Girl's Soul - Allow Skie to return as a joinable NPC: v6.2
~SKIECOST/SKIECOST.TP2~ #0 #3 // Skie: The Cost of One Girl's Soul - The Return of Eddard Silvershield (quest & a joinable NPC): v6.2
~SKIECOST/SKIECOST.TP2~ #0 #5 // Skie: The Cost of One Girl's Soul - Add brand new SoD-oriented items to BG2: v6.2
~LCA/LCA.TP2~ #0 #0 // Love Conquers All (LCA)
~DEARNISE/DEARNISE.TP2~ #0 #0 // de'Arnise Romance for Baldur's Gate II: v7
~YOSHIMOSREMORSE/YOSHIMOSREMORSE.TP2~ #0 #0 // Yoshimo's Remorse: v3.1.1
~NALIA_AT_LAST/SETUP-NALIA_AT_LAST.TP2~ #0 #0 // Nalia at Last: A ToB Romance MoD.: 1.11
~JANQUEST/SETUP-JANQUEST.TP2~ #1 #0 // Jan's Extended Quest
~HAERDALIS_FRIENDSHIP/HAERDALIS_FRIENDSHIP.TP2~ #0 #0 // Haer'Dalis Friendship for BG2: ToB: v1.2
~MAZZY/MAZZY.TP2~ #0 #0 // Mazzy Friendship: v3.5
~YOSHIMO/YOSHIMO.TP2~ #0 #0 // Yoshimo Friendship Mod for BGII: SoA: v5.0
~NEERA/NEERA.TP2~ #0 #0 // Neera Expansion: v1.3.1
~NEERA/NEERA.TP2~ #0 #2 // How much time would you like between talks (approximately)? -> 30 minutes: v1.3.1
~NEERA/NEERA.TP2~ #0 #6 // Make Neera romanceable by women: v1.3.1
~XANBG1FRIEND/SETUP-XANBG1FRIEND.TP2~ #0 #0 // Xan's friendship path for BG1: v11
~DORNFRIENDSHIP/DORNFRIENDSHIP.TP2~ #0 #0 // Dorn Friendship for BG2EE: 1.1
~IMOENFRIENDSHIP/IMOENFRIENDSHIP.TP2~ #0 #0 // Imoen Friendship: v3.6
~KORGAN/KORGAN.TP2~ #1 #0 // Korgan's Redemption: v10.0.1
~CORTHALAROMANTIQUE/CORTHALAROMANTIQUE.TP2~ #0 #2 // Install Leonora Content: A Guard for the Sphere: v5
~FALDORNBG2/FALDORNBG2.TP2~ #0 #0 // Faldorn NPC for BG2EE: 1.3
~FALDORNBG2/FALDORNBG2.TP2~ #0 #1 // Faldorn NPC for BG2EE: Player-Initiated Dialogues (PIDs): 1.3
~SAREVOKFRIENDSHIP/SAREVOKFRIENDSHIP.TP2~ #0 #0 // Sarevok Friendship for BGII: ToB: v2.7
~VALYGARFRIENDSHIP/VALYGARFRIENDSHIP.TP2~ #0 #0 // Valygar Corthala Friendship: v1.5
~WINGS/SETUP-WINGS.TP2~ #0 #0 // Wings for BG2:EE
~WINGS/SETUP-WINGS.TP2~ #0 #1 // Restore missing banters?
~WINGS/SETUP-WINGS.TP2~ #0 #2 // Remove conflict with Hexxat?
~CERND/CERND.TP2~ #0 #0 // Cernd Friendship for BG2: ToB: v1.4
~HEXXATFRIENDSHIP/HEXXATFRIENDSHIP.TP2~ #0 #0 // Hexxat Friendship for BG2EE: 1.2
~KORGANFRIENDSHIP/KORGANFRIENDSHIP.TP2~ #0 #0 // Korgan Friendship for BG2: ToB: v1.6
~MINSCFRIENDSHIP/MINSCFRIENDSHIP.TP2~ #0 #0 // Minsc Friendship for BG2 and ToB: v1.3
~HIDDENADVENTURE/HIDDENADVENTURE.TP2~ #1 #0 // Lady Elgea's extended plot: Beta_7
~HIDDENADVENTURE/HIDDENADVENTURE.TP2~ #1 #2 // Jerlia's Ore Shop: Beta_7
~HIDDENADVENTURE/HIDDENADVENTURE.TP2~ #1 #3 // Elven holy water in the Temple of Lathander: Beta_7
~HIDDENADVENTURE/HIDDENADVENTURE.TP2~ #1 #4 // Wave Blade in Treasury: Beta_7
~HIDDENADVENTURE/HIDDENADVENTURE.TP2~ #1 #5 // Silver Dagger in Irenicus Dungeon: Beta_7
~HIDDENADVENTURE/HIDDENADVENTURE.TP2~ #1 #8 // Silver Sword: Beta_7
~HIDDENADVENTURE/HIDDENADVENTURE.TP2~ #1 #9 // A Tunnel for Saradush: Beta_7
~HIDDENADVENTURE/HIDDENADVENTURE.TP2~ #1 #10 // Temple of Mask in Docks District: Beta_7
~AJANTISBG2/AJANTISBG2.TP2~ #1 #0 // Sir Ajantis NPC for BGII: 20
~AJANTISBG2/AJANTISBG2.TP2~ #1 #1 // Install the unique BG(II):EE BAM for Ajantis' Family Shield: 20
~AJANTISBG2/AJANTISBG2.TP2~ #1 #42 // Select Ajantis' Friendship Dialogues and Romance Speed: -> Speed: 30 minutes real time minimum between Dialogues: 20
~C#BRAGE/C#BRAGE.TP2~ #0 #0 // Brage's Redemption - Brage Joinable NPC for Baldur's Gate: 9.1
~C#BRAGE/C#BRAGE.TP2~ #0 #1 // Assign the mod's portrait and soundset to the original Brage in game.: 9.1
~EXTRAEXPANDEDENHANCEDENCOUNTERS/EXTRAEXPANDEDENHANCEDENCOUNTERS.TP2~ #0 #0 // EEEE: Melia Quicknight, Crossroads: 4.3
~EXTRAEXPANDEDENHANCEDENCOUNTERS/EXTRAEXPANDEDENHANCEDENCOUNTERS.TP2~ #0 #1 // EEEE: Bimmy's Badgering Bandits: 4.3
~EXTRAEXPANDEDENHANCEDENCOUNTERS/EXTRAEXPANDEDENHANCEDENCOUNTERS.TP2~ #0 #2 // EEEE: Reinforced Gnoll Stronghold: 4.3
~EXTRAEXPANDEDENHANCEDENCOUNTERS/EXTRAEXPANDEDENHANCEDENCOUNTERS.TP2~ #0 #3 // EEEE: Bear Encounter near the Gnoll Stronghold: 4.3
~EXTRAEXPANDEDENHANCEDENCOUNTERS/EXTRAEXPANDEDENHANCEDENCOUNTERS.TP2~ #0 #4 // EEEE: Xan's New Grove (new items in Mulahey's cave): 4.3
~EXTRAEXPANDEDENHANCEDENCOUNTERS/EXTRAEXPANDEDENHANCEDENCOUNTERS.TP2~ #0 #5 // EEEE: Daenni's Bridge Bandits: 4.3
~EXTRAEXPANDEDENHANCEDENCOUNTERS/EXTRAEXPANDEDENHANCEDENCOUNTERS.TP2~ #0 #6 // EEEE: The Fire Drake in the Wyvern Cave: 4.3
~EXTRAEXPANDEDENHANCEDENCOUNTERS/EXTRAEXPANDEDENHANCEDENCOUNTERS.TP2~ #0 #7 // EEEE: Undercity Magma Bulwark Encounter; Red Skeleton-(U.M.B.E.R.S.): 4.3
~C#GREYTHEDOG/SETUP-C#GREYTHEDOG.TP2~ #0 #0 // Grey The Dog NPC: 9
~C#GREYTHEDOG/SETUP-C#GREYTHEDOG.TP2~ #0 #10 // Grey the Dog: Crossmod Content: 9
~C#GREYTHEDOG/SETUP-C#GREYTHEDOG.TP2~ #0 #22 // Grey the Dog: Alternate Portrait -> Default Portrait: Newly Done with Collar, by Acifer (is included in the main component): 9
~BG1NPC/BG1NPC.TP2~ #0 #200 // The BG1 NPC Project: Player-Initiated Dialogues: v32
~SKIECOST/SKIECOST.TP2~ #0 #2 // Skie: The Cost of One Girl's Soul - Add Player-Initiated Dialogue (PID) for Skie: v6.2
~SKIECOST/SKIECOST.TP2~ #0 #4 // Skie: The Cost of One Girl's Soul - Add Player-Initiated Dialogue (PID) for Eddard: v6.2
~GARRICK-TT/SETUP-GARRICK-TT.TP2~ #1 #0 // Garrick: Tales of a Troubadour: 1.27
~HERTHIMONEY/HERTHIMONEY.TP2~ #1 #0 // Component 1. Interjections & Mini-quests (by Austin & Arcanecoast Team): 4.5
~HERTHIMONEY/HERTHIMONEY.TP2~ #1 #10 // Component 2. First Calimport Bank Pack (by Scheele & Austin & Arcanecoast Team): 4.5
~HERTHIMONEY/HERTHIMONEY.TP2~ #1 #20 // Component 3. Shadow-Covered Love & Death (by Alisia & Austin): 4.5
~HERTHIMONEY/HERTHIMONEY.TP2~ #1 #30 // Component 4. The Missing Troll Case (by Alisia & Austin): 4.5
~HERTHIMONEY/HERTHIMONEY.TP2~ #1 #40 // Component 5. Unlocked original dialogs of all NPC (by Tipun & Austin): 4.5
~SODRTD/SODRTD.TP2~ #0 #80 // SoD - Stat-based observations and quest options from Lauriel's Themed Tweaks Mod: 4.0
~SODRTD/SODRTD.TP2~ #0 #0 // Main Component: Tracking System: 4.0
~SODRTD/SODRTD.TP2~ #0 #10 // Consistency Changes to Game Dialogues: 4.0
~SODRTD/SODRTD.TP2~ #0 #20 // Officers Are Aware: 4.0
~SODRTD/SODRTD.TP2~ #0 #30 // Give PC Informed Reply Options: 4.0
~SODRTD/SODRTD.TP2~ #0 #40 // PC Can Tell the Officers: 4.0
~SODRTD/SODRTD.TP2~ #0 #50 // Add Officers Reactions: 4.0
~SODRTD/SODRTD.TP2~ #0 #60 // Additional Info Points: 4.0
~COWLEDMENACE/SETUP-COWLEDMENACE.TP2~ #0 #1000 // Main Component: 1.0.3
~COWLEDMENACE/SETUP-COWLEDMENACE.TP2~ #0 #2100 // Appropriate Items for High-Level Spellcasters: 1.0.3
~COWLEDMENACE/SETUP-COWLEDMENACE.TP2~ #0 #3000 // Mages cast Gate far from themselves: 1.0.3
~BANTERPACK/SETUP-BANTERPACK.TP2~ #0 #0 // Pocket Plane Banter Pack for BG2: Shadows of Amn: v18
~BANTERPACK/SETUP-BANTERPACK.TP2~ #0 #1 // Install SOA Banter Accelerator script? (Increases the frequency of interparty banter): v18
~BANTERPACK/SETUP-BANTERPACK.TP2~ #0 #2 // Pocket Plane Banter Pack for BG2: Throne of Bhaal: v18
~BANTERPACK/SETUP-BANTERPACK.TP2~ #0 #3 // Install TOB Banter Accelerator script? (Increases the frequency of interparty banter): v18
~IEPBANTERS/IEPBANTERS.TP2~ #0 #0 // Extended NPC-NPC Interaction SoA: v5.9
~IEPBANTERS/IEPBANTERS.TP2~ #0 #1 // Extended Minsc/Aerie Interaction ToB: v5.9
~IEPBANTERS/IEPBANTERS.TP2~ #0 #2 // Imoen "Retrospection" dialogue for BGII: ToB: v5.9
~IEPBANTERS/IEPBANTERS.TP2~ #0 #4 // NPC Conflict Revisions: v5.9
~IEPBANTERS/IEPBANTERS.TP2~ #0 #5 // Restored Aerie/Jaheira/Anomen interjection in Underdark: v5.9
~IEPBANTERS/IEPBANTERS.TP2~ #0 #9 // Install Banter Accelerator? How much time would you like in between NPC banters in-game? -> 30 Minutes: v5.9
~CROSSMODBG2/SETUP-CROSSMODBG2.TP2~ #0 #0 // Crossmod Banter Pack for Shadows of Amn: v24.1
~CROSSMODBG2/SETUP-CROSSMODBG2.TP2~ #0 #1 // Crossmod Banter Pack for Throne of Bhaal: v24.1
~ITEMUPGRADE/ITEMUPGRADE.TP2~ #0 #10 // Shadows Of Amn Item Upgrades -> Revised Version (new upgrades presented in the same style as existing upgrades): v52
~ITEMUPGRADE/ITEMUPGRADE.TP2~ #0 #11 // Throne Of Bhaal Item Upgrades -> Revised Version (new upgrades presented in the same style as existing upgrades): v52
~ITEMUPGRADE/ITEMUPGRADE.TP2~ #0 #12 // Install supplemental Cespenar audio for Item Upgrade: v52
~THALAN/THALAN.TP2~ #0 #0 // Thalantyr Item Upgrade: v4.5.1
~SOD2BG2_IU/SOD2BG2_IU.TP2~ #0 #0 // SoD to BG2:EE Item upgrade by Daeros_Trollkiller: v2.0.5
~SOD2BG2_IU/SOD2BG2_IU.TP2~ #0 #2 // Remove "Corny Jokes" effect from Jester's Bracers (BG2EE, BGEET): v2.0.5
~SOD2BG2_IU/SOD2BG2_IU.TP2~ #0 #5 // Update resist type for original Shadow Dragonscale Armor for consistency with new variants:  Acid -> Magic Damage): v2.0.5
~SOD2BG2_IU/SOD2BG2_IU.TP2~ #0 #7 // Force all import-able SoD items to be available in their normal locations ****Requires starting a new game**** -> All importable items with Voidhammer +3: v2.0.5
~SOD2BG2_IU/SOD2BG2_IU.TP2~ #0 #9 // Change Cromwell's equipment to be more in-line with his forging skills: v2.0.5
~SOD2BG2_IU/SOD2BG2_IU.TP2~ #0 #13 // Allow choice of weapon imported from Baldur's Gate into Irenecus' dungeon -> Bala's Axe, Wizard Slayer: v2.0.5
~SOD2BG2_IU/SOD2BG2_IU.TP2~ #0 #24 // Allow choice of armor imported from Baldur's Gate into Irenecus' dungeon -> Fallorain's Plate +1: v2.0.5
~SOD2BG2_IU/SOD2BG2_IU.TP2~ #0 #27 // Allow choice of item imported from Baldur's Gate into Irenecus' dungeon -> Helm of Balduran: v2.0.5
~ITEM_REV/ITEM_REV.TP2~ #0 #0 // Item Revisions by Demivrgvs: V4 Beta 10
~SOD2BG2_IU/SOD2BG2_IU.TP2~ #0 #4 // Update names, appearances, icons, and lore values of existing dragonscale-based items to be consistent across Baldur's Gate 1, 2, and with new items introduced by this mod.  ***These changes are cosmetic only***: v2.0.5
~SOD2BG2_IU/SOD2BG2_IU.TP2~ #0 #31 // Cosmetic Enhancements for Existing Items (does not affect function): v2.0.5
~C#BRAGE/C#BRAGE.TP2~ #0 #5 // Give Brage unique Two-Handed Sword +1: 9.1
~C#BRAGE/C#BRAGE.TP2~ #0 #10 // Brage's Redemption: Crossmod Content: 9.1
~HIDDENADVENTURE/HIDDENADVENTURE.TP2~ #1 #1 // Anomen's extended plot: Beta_7
~HIDDENADVENTURE/HIDDENADVENTURE.TP2~ #1 #6 // Bards can spend the night at their stronghold (Five Flagons): Beta_7
~OFHEIRLOOMSANDCLASSES/OFHEIRLOOMSANDCLASSES.TP2~ #0 #0 // Of Heirlooms and Classes - new forgeable artifacts for different classes: v2.2
~ITEM_REV/ITEM_REV.TP2~ #0 #1030 // Store Revisions: V4 Beta 10
~SPELL_REV/SETUP-SPELL_REV.TP2~ #0 #0 // Spell Revisions: v4.19
~SPELL_REV/SETUP-SPELL_REV.TP2~ #0 #20 // Mirror Image Fix: v4.19
~SPELL_REV/SETUP-SPELL_REV.TP2~ #0 #30 // Dispel Magic Fix: v4.19
~SPELL_REV/SETUP-SPELL_REV.TP2~ #0 #55 // Spell Deflection blocks AoE spells: v4.19
~SPELL_REV/SETUP-SPELL_REV.TP2~ #0 #60 // Update Spellbooks of Joinable NPCs: v4.19
~SUBTLED_SPELL_TWEAKS/SUBTLED_SPELL_TWEAKS.TP2~ #0 #10 // Rebalanced Spell Schools: 2.8.5
~SUBTLED_SPELL_TWEAKS/SUBTLED_SPELL_TWEAKS.TP2~ #0 #30 // High-Level Spells Penetrate Magic Resistance: 2.8.5
~SUBTLED_SPELL_TWEAKS/SUBTLED_SPELL_TWEAKS.TP2~ #0 #36 // Level Drain Effects -> Add a Saving Throw Against Level Drain: 2.8.5
~SUBTLED_SPELL_TWEAKS/SUBTLED_SPELL_TWEAKS.TP2~ #0 #40 // Revised Illusionary Clones: 2.8.5
~SUBTLED_SPELL_TWEAKS/SUBTLED_SPELL_TWEAKS.TP2~ #0 #45 // Revised Invisibility and True Seeing: 2.8.5
~SUBTLED_SPELL_TWEAKS/SUBTLED_SPELL_TWEAKS.TP2~ #0 #50 // Make Haste and Slow Properly Cancel Each Other: 2.8.5
~SUBTLED_SPELL_TWEAKS/SUBTLED_SPELL_TWEAKS.TP2~ #0 #55 // Cure Spells Bypass Spell Deflection: 2.8.5
~SUBTLED_SPELL_TWEAKS/SUBTLED_SPELL_TWEAKS.TP2~ #0 #61 // Cantrips -> Innate Cantrips: 2.8.5
~SUBTLED_SPELL_TWEAKS/SUBTLED_SPELL_TWEAKS.TP2~ #0 #81 // Choose-Your-Own Familiar: 2.8.5
~SUBTLED_SPELL_TWEAKS/SUBTLED_SPELL_TWEAKS.TP2~ #0 #82 // Pooky's Mod: Imbue Familiars: 2.8.5
~SUBTLED_SPELL_TWEAKS/SUBTLED_SPELL_TWEAKS.TP2~ #0 #83 // Give Innate Cantrips to Familiars: 2.8.5
~SUBTLED_SPELL_TWEAKS/SUBTLED_SPELL_TWEAKS.TP2~ #0 #1152 // Improve Faerie Fire: 2.8.5
~SUBTLED_SPELL_TWEAKS/SUBTLED_SPELL_TWEAKS.TP2~ #0 #1151 // Reduce Damage but Improve Blindness in SR's Sunscorch: 2.8.5
~SUBTLED_SPELL_TWEAKS/SUBTLED_SPELL_TWEAKS.TP2~ #0 #1202 // Make Barkskin Block One Attack Each Round: 2.8.5
~SUBTLED_SPELL_TWEAKS/SUBTLED_SPELL_TWEAKS.TP2~ #0 #1207 // Make Goodberry an Out-of-Combat Mass Regeneration: 2.8.5
~SUBTLED_SPELL_TWEAKS/SUBTLED_SPELL_TWEAKS.TP2~ #0 #1212 // Tweak Slow Poison: 2.8.5
~SUBTLED_SPELL_TWEAKS/SUBTLED_SPELL_TWEAKS.TP2~ #0 #1323 // Improve Casting Time of Exaltation and Spiritual Clarity: 2.8.5
~SUBTLED_SPELL_TWEAKS/SUBTLED_SPELL_TWEAKS.TP2~ #0 #1404 // Change Neutralize Poison into 'Remove Afflictions': 2.8.5
~SUBTLED_SPELL_TWEAKS/SUBTLED_SPELL_TWEAKS.TP2~ #0 #1505 // Make True Seeing Party-Wide: 2.8.5
~SUBTLED_SPELL_TWEAKS/SUBTLED_SPELL_TWEAKS.TP2~ #0 #1603 // Set Blade Barrier to be Breachable: 2.8.5
~SUBTLED_SPELL_TWEAKS/SUBTLED_SPELL_TWEAKS.TP2~ #0 #1609 // Make False Dawn Bypass Magic Resistance: 2.8.5
~SUBTLED_SPELL_TWEAKS/SUBTLED_SPELL_TWEAKS.TP2~ #0 #1611 // Make Wondrous Recall Restore all 1st- and 2nd-level Spells: 2.8.5
~SUBTLED_SPELL_TWEAKS/SUBTLED_SPELL_TWEAKS.TP2~ #0 #1613 // Make Physical Mirror Block 1 Attack Per Three Seconds: 2.8.5
~SUBTLED_SPELL_TWEAKS/SUBTLED_SPELL_TWEAKS.TP2~ #0 #1614 // Make Sol's Searing Orb Easier to Throw: 2.8.5
~SUBTLED_SPELL_TWEAKS/SUBTLED_SPELL_TWEAKS.TP2~ #0 #1707 // Make Sunray Bypass Magic Resistance: 2.8.5
~SUBTLED_SPELL_TWEAKS/SUBTLED_SPELL_TWEAKS.TP2~ #0 #1710 // Add Slow Effect to Holy Word: 2.8.5
~SUBTLED_SPELL_TWEAKS/SUBTLED_SPELL_TWEAKS.TP2~ #0 #2105 // Add 1-Round Blindness Effect to Color Spray: 2.8.5
~SUBTLED_SPELL_TWEAKS/SUBTLED_SPELL_TWEAKS.TP2~ #0 #2108 // Change Protection from Petrification into 'Mirrored Eyes': 2.8.5
~SUBTLED_SPELL_TWEAKS/SUBTLED_SPELL_TWEAKS.TP2~ #0 #2116 // Allow Targets of Sleep to Wake on Hit: 2.8.5
~SUBTLED_SPELL_TWEAKS/SUBTLED_SPELL_TWEAKS.TP2~ #0 #2151 // Change SR Expeditious Retreat into Chameleon: 2.8.5
~SUBTLED_SPELL_TWEAKS/SUBTLED_SPELL_TWEAKS.TP2~ #0 #2201 // Add Missile Avoidance to Blur: 2.8.5
~SUBTLED_SPELL_TWEAKS/SUBTLED_SPELL_TWEAKS.TP2~ #0 #2209 // Make Luck Affect Whole Party: 2.8.5
~SUBTLED_SPELL_TWEAKS/SUBTLED_SPELL_TWEAKS.TP2~ #0 #2212 // Move Mirror Image to 3rd Level: 2.8.5
~SUBTLED_SPELL_TWEAKS/SUBTLED_SPELL_TWEAKS.TP2~ #0 #2213 // Add Lingering Effects to SR's Stinking Cloud: 2.8.5
~SUBTLED_SPELL_TWEAKS/SUBTLED_SPELL_TWEAKS.TP2~ #0 #2217 // Change Agannazar's Scorcher to Melf's Fiery Missiles: 2.8.5
~SUBTLED_SPELL_TWEAKS/SUBTLED_SPELL_TWEAKS.TP2~ #0 #2224 // Improve Glitterdust: 2.8.5
~SUBTLED_SPELL_TWEAKS/SUBTLED_SPELL_TWEAKS.TP2~ #0 #2251 // Add Deafening Effect On Hit to Decastave: 2.8.5
~SUBTLED_SPELL_TWEAKS/SUBTLED_SPELL_TWEAKS.TP2~ #0 #2324 // Make Hold Undead and Control Undead Bypass MR: 2.8.5
~SUBTLED_SPELL_TWEAKS/SUBTLED_SPELL_TWEAKS.TP2~ #0 #2352 // Increase Range of Icelance: 2.8.5
~SUBTLED_SPELL_TWEAKS/SUBTLED_SPELL_TWEAKS.TP2~ #0 #2413 // Allow Target of Otiluke's Sphere to Use Inventory Screen: 2.8.5
~SUBTLED_SPELL_TWEAKS/SUBTLED_SPELL_TWEAKS.TP2~ #0 #2418 // Set Fire Shield and Acid Sheath Spells to be Breachable: 2.8.5
~SUBTLED_SPELL_TWEAKS/SUBTLED_SPELL_TWEAKS.TP2~ #0 #2508 // Improve Function of SR's Waves of Fatigue: 2.8.5
~SUBTLED_SPELL_TWEAKS/SUBTLED_SPELL_TWEAKS.TP2~ #0 #2514 // Give Lower Resistance an Area of Effect: 2.8.5
~SUBTLED_SPELL_TWEAKS/SUBTLED_SPELL_TWEAKS.TP2~ #0 #2518 // Change Damage Type and School of Phantom Blade: 2.8.5
~SUBTLED_SPELL_TWEAKS/SUBTLED_SPELL_TWEAKS.TP2~ #0 #25232 // Change Sunfire -> Change Sunfire into 'Scorcher Storm': 2.8.5
~SUBTLED_SPELL_TWEAKS/SUBTLED_SPELL_TWEAKS.TP2~ #0 #2708 // Change Mantle into 'Iron Skin': 2.8.5
~SUBTLED_SPELL_TWEAKS/SUBTLED_SPELL_TWEAKS.TP2~ #0 #2711 // Adjust the Effects of Chaos: 2.8.5
~SUBTLED_SPELL_TWEAKS/SUBTLED_SPELL_TWEAKS.TP2~ #0 #2714 // Change the Effects of Prismatic Spray: 2.8.5
~SUBTLED_SPELL_TWEAKS/SUBTLED_SPELL_TWEAKS.TP2~ #0 #2808 // Set Moment of Prescience to Not Breachable: 2.8.5
~SUBTLED_SPELL_TWEAKS/SUBTLED_SPELL_TWEAKS.TP2~ #0 #2811 // Move Symbol: Fear to 7th Level: 2.8.5
~SUBTLED_SPELL_TWEAKS/SUBTLED_SPELL_TWEAKS.TP2~ #0 #2916 // Move Shapechange to 8th Level: 2.8.5
~SUBTLED_SPELL_TWEAKS/SUBTLED_SPELL_TWEAKS.TP2~ #0 #2915 // Move Black Blade of Disaster to 8th level: 2.8.5
~STRATAGEMS/SETUP-STRATAGEMS.TP2~ #0 #2000 // Install all spell tweaks (if you don't select this, you will be given a chance to choose by category): 35.20
~STRATAGEMS/SETUP-STRATAGEMS.TP2~ #0 #2500 // Add 9 new arcane spells: 35.20
~STRATAGEMS/SETUP-STRATAGEMS.TP2~ #0 #2510 // Add 6 new divine spells (some borrowed from Divine Remix): 35.20
~A7-TOTLM-BG2EE/A7-TOTLM-BG2EE.TP2~ #0 #0 // Trials of the Luremaster for Baldur's Gate: 4.3
~A7-TOTLM-BG2EE/A7-TOTLM-BG2EE.TP2~ #0 #20 // Rebalance weapons and equipment: 4.3
~A7-TOTLM-BG2EE/A7-TOTLM-BG2EE.TP2~ #0 #31 // Reduce experience from monsters and quests -> Reduce by 50 percent: 4.3
~A7-TOTLM-BG2EE/A7-TOTLM-BG2EE.TP2~ #0 #40 // Allow to trade with Hobart before starting the adventure: 4.3
~CRUCIBLE/CRUCIBLE.TP2~ #0 #1 // Install Crucible -> Fully Voiced NPCs using AI: v2.4
~TOTEMICCERND/SETUP-TOTEMICCERND.TP2~ #0 #0 // Totemic Cernd: v3
~CELESTIALS/SETUP-CELESTIALS.TP2~ #0 #0 // PnP Celestials: v10
~CELESTIALS/SETUP-CELESTIALS.TP2~ #0 #1 // Deva and Planetar Animations: v10
~A7-CHAOSSORCERER/A7-CHAOSSORCERER.TP2~ #0 #0 // "Chaos Sorcerer" kit: 2.10
~A7-CHAOSSORCERER/A7-CHAOSSORCERER.TP2~ #0 #30 // Add "Primordial Artifacts": 2.10
~NPCKIT/NPCKIT.TP2~ #0 #30 // Improved Specialist Mage Descriptions: v5
~NPCKIT/NPCKIT.TP2~ #0 #31 // Replace Berserker Kit with Battlerager for Dwarves: v5
~NPCKIT/NPCKIT.TP2~ #0 #900 // Add Red Wizard to Edwin's Kit Description: v5
~NPCKIT/NPCKIT.TP2~ #0 #2100 // Change Korgan's Kit to Battlerager: v5
~NPCKIT/NPCKIT.TP2~ #0 #2200 // Give Mazzy a Proper Truesword of Arvoreen Kit: v5
~NPCKIT/NPCKIT.TP2~ #0 #2300 // Change Minsc's Title to Rashemaar Ranger: v5
~NPCKIT/NPCKIT.TP2~ #0 #2800 // Give Sarevok a Proper Deathbringer Kit: v5
~SONG_AND_SILENCE/SETUP-SONG_AND_SILENCE.TP2~ #0 #0 // Changes to trueclass bards and thieves, and unmodded game kits (required for other components): v18
~SONG_AND_SILENCE/SETUP-SONG_AND_SILENCE.TP2~ #0 #1 // Add new bardic store and thief items: v18
~SONG_AND_SILENCE/SETUP-SONG_AND_SILENCE.TP2~ #0 #2 // Install Acrobat bard kit: v18
~SONG_AND_SILENCE/SETUP-SONG_AND_SILENCE.TP2~ #0 #4 // Install Dirgesinger bard kit: v18
~SONG_AND_SILENCE/SETUP-SONG_AND_SILENCE.TP2~ #0 #6 // Install Adventurer thief kit: v18
~SONG_AND_SILENCE/SETUP-SONG_AND_SILENCE.TP2~ #0 #7 // Install Burglar thief kit: v18
~SONG_AND_SILENCE/SETUP-SONG_AND_SILENCE.TP2~ #0 #9 // Install Sharpshooter thief kit: v18
~SWORD_AND_FIST/SETUP-SWORD_AND_FIST.TP2~ #0 #30 // Install Hexblade fighter kit: v9
~SWORD_AND_FIST/SETUP-SWORD_AND_FIST.TP2~ #0 #31 // Install Duelist fighter kit: v9
~SWORD_AND_FIST/SETUP-SWORD_AND_FIST.TP2~ #0 #32 // Install Fist of Order fighter kit: v9
~SWORD_AND_FIST/SETUP-SWORD_AND_FIST.TP2~ #0 #34 // Install Duskblade fighter kit (by ronin69hof, ronin69hof@gmail.com: v9
~BARDICWONDERS/BARDICWONDERS.TP2~ #0 #7 // Bardic Wonders: Troubadour Kit
~BARDICWONDERS/BARDICWONDERS.TP2~ #0 #11 // Bardic Wonders: Items
~MONASTICORDERS/SETUP-MONASTICORDERS.TP2~ #0 #0 // Core Revisions: 0.0
~MONASTICORDERS/SETUP-MONASTICORDERS.TP2~ #0 #1 // Expanded Races for Monks: 0.0
~MONASTICORDERS/SETUP-MONASTICORDERS.TP2~ #0 #2 // Multiclassing for Monks: 0.0
~MONASTICORDERS/SETUP-MONASTICORDERS.TP2~ #0 #3 // New Kits for Monks: 0.0
~MONASTICORDERS/SETUP-MONASTICORDERS.TP2~ #0 #4 // Item Restriction Patch: 0.0
~CDTWEAKS/SETUP-CDTWEAKS.TP2~ #0 #1160 // Multiple Strongholds [Sabre, Baldurdash, Weimer] -> No restrictions: v16
~CDTWEAKS/SETUP-CDTWEAKS.TP2~ #0 #2140 // Expanded Dual-Class Options: v16
~CDTWEAKS/SETUP-CDTWEAKS.TP2~ #0 #2250 // Un-Nerfed Sorcerer Spell Progression Table: v16
~CDTWEAKS/SETUP-CDTWEAKS.TP2~ #0 #2261 // Alter Mage Spell Progression Table -> PnP table: v16
~CDTWEAKS/SETUP-CDTWEAKS.TP2~ #0 #2271 // Alter Bard Spell Progression Table -> PnP table: v16
~CDTWEAKS/SETUP-CDTWEAKS.TP2~ #0 #2281 // Alter Cleric Spell Progression Table -> PnP table: v16
~CDTWEAKS/SETUP-CDTWEAKS.TP2~ #0 #2294 // Alter Druid Spell and Level Progression Tables -> Use cleric level progression changes with pnp druid/cleric spell table: v16
~CDTWEAKS/SETUP-CDTWEAKS.TP2~ #0 #2580 // Alter Wisdom-Based Divine Bonus Spell Table -> Use PnP/PsT Table: v16
~CDTWEAKS/SETUP-CDTWEAKS.TP2~ #0 #2360 // Remove Racial Restrictions for Single-Classes: v16
~CDTWEAKS/SETUP-CDTWEAKS.TP2~ #0 #2380 // Remove Racial Restrictions for Kits: v16
~CDTWEAKS/SETUP-CDTWEAKS.TP2~ #0 #2371 // Alter Dual-Class Restrictions -> Allow non-humans to dual-class: v16
~CDTWEAKS/SETUP-CDTWEAKS.TP2~ #0 #2357 // Alter Multi-Class Restrictions -> Install options one and two (everyone can multi-class anything): v16
~CDTWEAKS/SETUP-CDTWEAKS.TP2~ #0 #2550 // Alter Gnome Mage Kit/Multi-Class Options -> Keep gnome illusionist multi-class, enable all kits for single-class: v16
~CDTWEAKS/SETUP-CDTWEAKS.TP2~ #0 #2391 // Alter Paladin Spell Progression Table -> BG2-Style Progression (Up To Level Six Spells) [TotoR]: v16
~CDTWEAKS/SETUP-CDTWEAKS.TP2~ #0 #2401 // Alter Ranger Spell Progression Table -> BG2-Style Progression (Up To Level Five Spells) [TotoR]: v16
~CDTWEAKS/SETUP-CDTWEAKS.TP2~ #0 #2420 // Loosen Equipment Restrictions for Cleric Multi- and Dual-Classes: v16
~CDTWEAKS/SETUP-CDTWEAKS.TP2~ #0 #2430 // Change Equipment Restrictions for Druid Multi- and Dual-Classes -> Loosen equipment restrictions for druid multi- and dual-classes: v16
~C0WARLOCK/C0WARLOCK.TP2~ #0 #0 // Warlock Kit: 2.5
~TOMEANDBLOOD/TOMEANDBLOOD.TP2~ #0 #20 // Revised Dragon Disciples: 1.0.1
~TOMEANDBLOOD/TOMEANDBLOOD.TP2~ #0 #25 // Sorcerer: Magus: 1.0.1
~TOMEANDBLOOD/TOMEANDBLOOD.TP2~ #0 #31 // Sorcerer: Favored Soul: 1.0.1
~TOMEANDBLOOD/TOMEANDBLOOD.TP2~ #0 #33 // Sorcerer: Sylvan Disciple: 1.0.1
~TOMEANDBLOOD/TOMEANDBLOOD.TP2~ #0 #35 // Sorcerer: Revenant Disciple: 1.0.1
~TOMEANDBLOOD/TOMEANDBLOOD.TP2~ #0 #40 // Revised Specialists: 1.0.1
~TOMEANDBLOOD/TOMEANDBLOOD.TP2~ #0 #51 // Revised Metamagic -> Innate metamagic, learned automatically by everyone: 1.0.1
~TOMEANDBLOOD/TOMEANDBLOOD.TP2~ #0 #66 // Innate Find Familiar: 1.0.1
~TOMEANDBLOOD/TOMEANDBLOOD.TP2~ #0 #80 // Multiclass Sorcerers: 1.0.1
~TOMEANDBLOOD/TOMEANDBLOOD.TP2~ #0 #92 // Make +Spell Slot Items work with MultiSorcerers/Arcanists -> Bonuses for both memorization and casting slots: 1.0.1
~A7-GOLEMCONSTRUCTION/A7-GOLEMCONSTRUCTION.TP2~ #0 #0 // Golem Construction Ability for Spellcasters: 6.4
~A7-GOLEMCONSTRUCTION/A7-GOLEMCONSTRUCTION.TP2~ #0 #10 // Replace original Golem Manual: 6.4
~A7-GOLEMCONSTRUCTION/A7-GOLEMCONSTRUCTION.TP2~ #0 #20 // Golems for enemy spellcasters: 6.4
~A7-GOLEMCONSTRUCTION/A7-GOLEMCONSTRUCTION.TP2~ #0 #25 // Greater variety of enemy golem types: 6.4
~A7-GOLEMCONSTRUCTION/A7-GOLEMCONSTRUCTION.TP2~ #0 #30 // Fighter Stronghold golems may continue to serve you: 6.4
~A7-GOLEMCONSTRUCTION/A7-GOLEMCONSTRUCTION.TP2~ #0 #35 // Make golems vulnerable to specific spell effects: 6.4
~A7-GOLEMCONSTRUCTION/A7-GOLEMCONSTRUCTION.TP2~ #0 #40 // Reduce weapon immunities and resistances for constructed golems: 6.4
~A7-GOLEMCONSTRUCTION/A7-GOLEMCONSTRUCTION.TP2~ #0 #45 // Identify all mod items: 6.4
~A7-GOLEMCONSTRUCTION/A7-GOLEMCONSTRUCTION.TP2~ #0 #50 // Add "Teleport" ability to golems: 6.4
~IHATEUNDEAD/IHATEUNDEAD.TP2~ #0 #1 // Holy Redeemer (Cleric Kit): 3.8.3
~IHATEUNDEAD/IHATEUNDEAD.TP2~ #0 #3 // Undead Hunter Revision (Paladin Kit): 3.8.3
~IHATEUNDEAD/IHATEUNDEAD.TP2~ #0 #4 // Death Tricker (Thief Kit): 3.8.3
~IHATEUNDEAD/IHATEUNDEAD.TP2~ #0 #7 // Circle Enforcer (Druid Kit): 3.8.3
~IHATEUNDEAD/IHATEUNDEAD.TP2~ #0 #10 // Dreadful Witch (Shaman Kit): 3.8.3
~IHATEUNDEAD/IHATEUNDEAD.TP2~ #0 #11 // Imprisoned Soul (Sorcerer Kit): 3.8.3
~A7#IMPROVEDARCHER/A7#IMPROVEDARCHER.TP2~ #0 #0 // Improved Archer Kit: v4.3
~A7#IMPROVEDARCHER/A7#IMPROVEDARCHER.TP2~ #0 #10 // Add fighter kit: Marksman: v4.3
~A7#IMPROVEDARCHER/A7#IMPROVEDARCHER.TP2~ #0 #20 // Add paladin kit: Bow Knight: v4.3
~A7#IMPROVEDARCHER/A7#IMPROVEDARCHER.TP2~ #0 #100 // Add +4 arrows, bolts and powerful bows to the game: v4.3
~ARTISANSKITPACK/ARTISANSKITPACK.TP2~ #0 #8001 // Artisan's Kitpack: Pale Master Sorcerer Kit: 4.8
~ARTISANSKITPACK/ARTISANSKITPACK.TP2~ #0 #8102 // Artisan's Kitpack: Pale Master Spells -> All Necromancy Divine Spells (including Cure Wounds, Neutralize Poison, etc.): 4.8
~ARTISANSKITPACK/ARTISANSKITPACK.TP2~ #0 #1003 // Artisan's Kitpack: Berserker Overhaul: 4.8
~ARTISANSKITPACK/ARTISANSKITPACK.TP2~ #0 #1006 // Artisan's Kitpack: Wizard Slayer Overhaul: 4.8
~ARTISANSKITPACK/ARTISANSKITPACK.TP2~ #0 #1004 // Artisan's Kitpack: Kensai Overhaul: 4.8
~ARTISANSKITPACK/ARTISANSKITPACK.TP2~ #0 #1005 // Artisan's Kitpack: Barbarian Overhaul: 4.8
~ARTISANSKITPACK/ARTISANSKITPACK.TP2~ #0 #1007 // Artisan's Kitpack: Dwarven Defender Overhaul + Vanguard Fighter Kit: 4.8
~ARTISANSKITPACK/ARTISANSKITPACK.TP2~ #0 #1000 // Artisan's Kitpack: Arcane Archer Fighter Kit: 4.8
~ARTISANSKITPACK/ARTISANSKITPACK.TP2~ #0 #1001 // Artisan's Kitpack: Arcane Archer (Fighter/Mage): 4.8
~ARTISANSKITPACK/ARTISANSKITPACK.TP2~ #0 #1009 // Artisan's Kitpack: Dreadnought Fighter Kit: 4.8
~ARTISANSKITPACK/ARTISANSKITPACK.TP2~ #0 #7001 // Artisan's Kitpack: Rogue Archer Thief Kit: 4.8
~ARTISANSKITPACK/ARTISANSKITPACK.TP2~ #0 #7003 // Artisan's Kitpack: Trickster Thief Kit: 4.8
~ARTISANSKITPACK/ARTISANSKITPACK.TP2~ #0 #7005 // Artisan's Kitpack: Invisible Blade Thief Kit: 4.8
~ARTISANSKITPACK/ARTISANSKITPACK.TP2~ #0 #9001 // Artisan's Kitpack: Warhorn Shaman Kit: 4.8
~ARTISANSKITPACK/ARTISANSKITPACK.TP2~ #0 #20001 // Artisan's Kitpack: Arcane Trickster (Mage / Thief Kit): 4.8
~CHARLATAN/CHARLATAN.TP2~ #0 #0 // Install Charlatan kit for Bards: 2.7
~CHARLATAN/CHARLATAN.TP2~ #0 #1 // Eldoth, the Charlatan.: 2.7
~MIGHT_AND_GUILE/MIGHT_AND_GUILE.TP2~ #0 #65 // Add the Ironsmith (fighter kit): 5.8.2
~MIGHT_AND_GUILE/MIGHT_AND_GUILE.TP2~ #0 #75 // Add the Barbarian/Thief (fighter/thief kit): 5.8.2
~MIGHT_AND_GUILE/MIGHT_AND_GUILE.TP2~ #0 #80 // Add the Tomb Runner (fighter/thief kit): 5.8.2
~MIGHT_AND_GUILE/MIGHT_AND_GUILE.TP2~ #0 #85 // Add the Thug (fighter/thief kit): 5.8.2
~MIGHT_AND_GUILE/MIGHT_AND_GUILE.TP2~ #0 #90 // Add the Rake (thief kit) and revise the Swashbuckler: 5.8.2
~MIGHT_AND_GUILE/MIGHT_AND_GUILE.TP2~ #0 #96 // Add the Ninja (thief kit): 5.8.2
~MIGHT_AND_GUILE/MIGHT_AND_GUILE.TP2~ #0 #97 // Add the Ninja (fighter/thief kit): 5.8.2
~MIGHT_AND_GUILE/MIGHT_AND_GUILE.TP2~ #0 #105 // Add the Spellfilcher (mage/thief kit): 5.8.2
~MIGHT_AND_GUILE/MIGHT_AND_GUILE.TP2~ #0 #110 // Add the Loremaster (mage/thief kit): 5.8.2
~MIGHT_AND_GUILE/MIGHT_AND_GUILE.TP2~ #0 #120 // Add Regional Ranger kits: 5.8.2
~MIGHT_AND_GUILE/MIGHT_AND_GUILE.TP2~ #0 #125 // Add the Mage Hunter (ranger kit): 5.8.2
~MIGHT_AND_GUILE/MIGHT_AND_GUILE.TP2~ #0 #130 // Add the Barbarian Ranger (ranger kit): 5.8.2
~MIGHT_AND_GUILE/MIGHT_AND_GUILE.TP2~ #0 #155 // Add the Elven Archer (ranger kit): 5.8.2
~MIGHT_AND_GUILE/MIGHT_AND_GUILE.TP2~ #0 #160 // Add the Halfling Slinger (fighter/thief kit): 5.8.2
~MIGHT_AND_GUILE/MIGHT_AND_GUILE.TP2~ #0 #201 // Improved Rangers: 5.8.2
~MIGHT_AND_GUILE/MIGHT_AND_GUILE.TP2~ #0 #210 // Revised Movement Bonuses (Quickstride): 5.8.2
~MIGHT_AND_GUILE/MIGHT_AND_GUILE.TP2~ #0 #220 // Revised Ranger Spell Table: 5.8.2
~MIGHT_AND_GUILE/MIGHT_AND_GUILE.TP2~ #0 #230 // Revised Stalker: 5.8.2
~MIGHT_AND_GUILE/MIGHT_AND_GUILE.TP2~ #0 #235 // Revised Beastmaster: 5.8.2
~MIGHT_AND_GUILE/MIGHT_AND_GUILE.TP2~ #0 #265 // Revised Monk Fists: 5.8.2
~MIGHT_AND_GUILE/MIGHT_AND_GUILE.TP2~ #0 #280 // Revised Backstabbing: 5.8.2
~MIGHT_AND_GUILE/MIGHT_AND_GUILE.TP2~ #0 #290 // Revised THAC0 Progression: 5.8.2
~MIGHT_AND_GUILE/MIGHT_AND_GUILE.TP2~ #0 #400 // Bard Overhaul: Multiclass Bards: 5.8.2
~MIGHT_AND_GUILE/MIGHT_AND_GUILE.TP2~ #0 #450 // Add the Jongleur (bard kit): 5.8.2
~MIGHT_AND_GUILE/MIGHT_AND_GUILE.TP2~ #0 #460 // Add the Loremaster (bard kit): 5.8.2
~MIGHT_AND_GUILE/MIGHT_AND_GUILE.TP2~ #0 #470 // Add the Gallant (bard kit): 5.8.2
~MIGHT_AND_GUILE/MIGHT_AND_GUILE.TP2~ #0 #490 // Add the Loresinger (bard kit): 5.8.2
~ITEM_REV/ITEM_REV.TP2~ #0 #17 // Weapon Changes: V4 Beta 10
~ITEM_REV/ITEM_REV.TP2~ #0 #1080 // Enchantment Doesn't Affect Speed Factor of Weapons: V4 Beta 10
~ITEM_REV/ITEM_REV.TP2~ #0 #1200 // Revised Critical Hit Aversion: V4 Beta 10
~ITEM_REV/ITEM_REV.TP2~ #0 #15 // PnP Equipment for Druids -> Druids Only: V4 Beta 10
~ITEM_REV/ITEM_REV.TP2~ #0 #1060 // Kensai Can Wear Bracers: V4 Beta 10
~ITEM_REV/ITEM_REV.TP2~ #0 #1070 // Thieves Can Use Wands: V4 Beta 10
~FAITHS_AND_POWERS/FAITHS_AND_POWERS.TP2~ #0 #12 // Revised Cleric Spell Table -> Faiths & Powers Table: 0.91.1
~FAITHS_AND_POWERS/FAITHS_AND_POWERS.TP2~ #0 #15 // Druids Use Cleric Spell Table and XP Table: 0.91.1
~FAITHS_AND_POWERS/FAITHS_AND_POWERS.TP2~ #0 #25 // Choose a Sphere System -> nuFnP: a new sphere system (fewer spheres, more balanced, closer to PnP): 0.91.1
~FAITHS_AND_POWERS/FAITHS_AND_POWERS.TP2~ #0 #31 // Install Cleric kits: 0.91.1
~FAITHS_AND_POWERS/FAITHS_AND_POWERS.TP2~ #0 #33 // Install Druid kits: 0.91.1
~FAITHS_AND_POWERS/FAITHS_AND_POWERS.TP2~ #0 #36 // Install Paladin kits -> ...for all those, PLUS Neutral/Evil/demihuman deities: 0.91.1
~FAITHS_AND_POWERS/FAITHS_AND_POWERS.TP2~ #0 #45 // Revised Paladin Spell Table: 0.91.1
~FAITHS_AND_POWERS/FAITHS_AND_POWERS.TP2~ #0 #75 // Alter Priests' Weapon/Armor Usability: 0.91.1
~FAITHS_AND_POWERS/FAITHS_AND_POWERS.TP2~ #0 #80 // Apply Sphere System (REQUIRED for the sphere system to work): 0.91.1
~FAITHS_AND_POWERS/FAITHS_AND_POWERS.TP2~ #0 #91 // Multiclass Druids: 0.91.1
~FAITHS_AND_POWERS/FAITHS_AND_POWERS.TP2~ #0 #92 // Multiclass Shamans: 0.91.1
~FAITHS_AND_POWERS/FAITHS_AND_POWERS.TP2~ #0 #95 // Multiclass Cleric kits (install AFTER all other kit mods!!): 0.91.1
~FAITHS_AND_POWERS/FAITHS_AND_POWERS.TP2~ #0 #99 // Apply FnP Multiclass Kits to NPCs: 0.91.1
~VICONIAREVAMPED/SETUP-VICONIAREVAMPED.TP2~ #0 #60 // Add special ability: Embrace of Shar: v7.2
~VICONIAREVAMPED/SETUP-VICONIAREVAMPED.TP2~ #0 #70 // Apply drow penalty: Day Blindness: v7.2
~TNT/TNT.TP2~ #0 #0 // Smarter familiars: v8.33
~TNT/TNT.TP2~ #0 #1 // More resilient familiars: v8.33
~TNT/TNT.TP2~ #0 #2 // Improved trap detection: instant detection: v8.33
~TNT/TNT.TP2~ #0 #3 // Improved trap detection: increase trap sense range: v8.33
~TNT/TNT.TP2~ #0 #4 // Trap reminders -> disclose trap type: v8.33
~TNT/TNT.TP2~ #0 #7 // Trap intuition -> works in combat: v8.33
~TNT/TNT.TP2~ #0 #10 // Trap intuition: toggle Find Traps automatically: v8.33
~TNT/TNT.TP2~ #0 #12 // Trap intuition: center screen -> on the supposed trap: v8.33
~TNT/TNT.TP2~ #0 #14 // Improved trap detection: core (REQUIRED for any of previous traps components to work): v8.33
~TNT/TNT.TP2~ #0 #16 // Extended soundsets for joinable NPCs -> Additions only: v8.33
~TNT/TNT.TP2~ #0 #19 // Compliments and insults -> Reintroduce and adjust to framerate: v8.33
~TNT/TNT.TP2~ #0 #22 // No talking when hiding in shadows: v8.33
~TNT/TNT.TP2~ #0 #24 // Hassle-free ammo: v8.33
~TNT/TNT.TP2~ #0 #27 // Throwing weapons damage type -> Both of the above options: v8.33
~TNT/TNT.TP2~ #0 #30 // Effects of scrolls and potions do not stack with themselves: v8.33
~TNT/TNT.TP2~ #0 #32 // Sensible wand of frost -> AoE: v8.33
~TNT/TNT.TP2~ #0 #33 // Potion of Really Mirrored Eyes: v8.33
~TNT/TNT.TP2~ #0 #37 // Improved Equalizer: v8.33
~TNT/TNT.TP2~ #0 #38 // Distinct quest items: v8.33
~TNT/TNT.TP2~ #0 #42 // Spider form ignores web: v8.33
~TNT/TNT.TP2~ #0 #43 // Cheesy Slayer: full heal on change: v8.33
~TNT/TNT.TP2~ #0 #46 // True True Sight: v8.33
~TNT/TNT.TP2~ #0 #48 // Greater Command AoE: v8.33
~TNT/TNT.TP2~ #0 #49 // Working Non-Detection: v8.33
~TNT/TNT.TP2~ #0 #50 // Unstack Chaos Shield: v8.33
~TNT/TNT.TP2~ #0 #53 // Sensible Blade spins: v8.33
~TNT/TNT.TP2~ #0 #54 // PnP Protection from Evil: v8.33
~TNT/TNT.TP2~ #0 #55 // Non-hostile Grease: v8.33
~TNT/TNT.TP2~ #0 #56 // Tracking!: v8.33
~TNT/TNT.TP2~ #0 #59 // Close shop steal exploit -> Can't steal from any stores: v8.33
~TNT/TNT.TP2~ #0 #61 // Cleanup stores: v8.33
~TNT/TNT.TP2~ #0 #66 // Can't steal Carsomyr: v8.33
~TNT/TNT.TP2~ #0 #70 // Improved strongholds: v8.33
~TNT/TNT.TP2~ #0 #71 // Save Melicamp: v8.33
~TNT/TNT.TP2~ #0 #75 // Mod romance cheats | POWER USER component, consult readme: v8.33
~TNT/TNT.TP2~ #0 #83 // More mage fencing scrolls in BG1: v8.33
~JTWEAKS/SETUP-JTWEAKS.TP2~ #0 #10 // Wilson's strength doesn't stack indefinitely: 3.1
~JTWEAKS/SETUP-JTWEAKS.TP2~ #0 #20 // Vernus can be raised: 3.1
~JTWEAKS/SETUP-JTWEAKS.TP2~ #0 #30 // Fix Black Pits oversights: 3.1
~JTWEAKS/SETUP-JTWEAKS.TP2~ #0 #40 // Enchant Weapon works in contingencies: 3.1
~JTWEAKS/SETUP-JTWEAKS.TP2~ #0 #60 // NPCs don't go in inaccessible locations: 3.1
~JTWEAKS/SETUP-JTWEAKS.TP2~ #0 #70 // Close polymorph immunity loopholes: 3.1
~JTWEAKS/SETUP-JTWEAKS.TP2~ #0 #90 // Wish Hardiness doesn't stack with itself: 3.1
~JTWEAKS/SETUP-JTWEAKS.TP2~ #0 #100 // Hold Person doesn't display multiple strings: 3.1
~JTWEAKS/SETUP-JTWEAKS.TP2~ #0 #120 // Dueling fireshields don't go infinite: 3.1
~JTWEAKS/SETUP-JTWEAKS.TP2~ #0 #130 // Standardize Wand of Missiles: 3.1
~JTWEAKS/SETUP-JTWEAKS.TP2~ #0 #150 // Temple cures work better: 3.1
~JTWEAKS/SETUP-JTWEAKS.TP2~ #0 #160 // Bala's Axe dispels reasonably well: 3.1
~JTWEAKS/SETUP-JTWEAKS.TP2~ #0 #190 // Death Ward protects against Aec'Letec's Death Gaze: 3.1
~JTWEAKS/SETUP-JTWEAKS.TP2~ #0 #210 // Vorpal weapons don't chunk: 3.1
~JTWEAKS/SETUP-JTWEAKS.TP2~ #0 #220 // Resurrection can heal the living: 3.1
~JTWEAKS/SETUP-JTWEAKS.TP2~ #0 #260 // Green Slime poison can be cured: 3.1
~JTWEAKS/SETUP-JTWEAKS.TP2~ #0 #280 // Allies against Bodhi are better prepared for vampires: 3.1
~JTWEAKS/SETUP-JTWEAKS.TP2~ #0 #320 // Standardize inn and tavern music: 3.1
~JTWEAKS/SETUP-JTWEAKS.TP2~ #0 #330 // Randomize battle music: 3.1
~JTWEAKS/SETUP-JTWEAKS.TP2~ #0 #340 // Potion effects don't stack with themselves: 3.1
~JTWEAKS/SETUP-JTWEAKS.TP2~ #0 #360 // Nature's Beauty blindness can be cured: 3.1
~JTWEAKS/SETUP-JTWEAKS.TP2~ #0 #380 // Prevent characters from acting uncontrollably when under Project Image: 3.1
~JTWEAKS/SETUP-JTWEAKS.TP2~ #0 #402 // Alternate targeting for Potions of Fire Breath -> Potions of Fire Breath use Breath Weapon targeting: 3.1
~JTWEAKS/SETUP-JTWEAKS.TP2~ #0 #422 // Less reputation loss for killing Phandalyn -> Lose 3 rep or innocent penalty, whichever is less: 3.1
~JTWEAKS/SETUP-JTWEAKS.TP2~ #0 #430 // Kondar works against more kinds of shapeshifters: 3.1
~JTWEAKS/SETUP-JTWEAKS.TP2~ #0 #463 // Variable drow MR (core component): 3.1
~JTWEAKS/SETUP-JTWEAKS.TP2~ #0 #467 // Choose base drow MR (required) -> Medium (50): 3.1
~JTWEAKS/SETUP-JTWEAKS.TP2~ #0 #471 // Choose MR progression rate (required) -> No level-based change: 3.1
~JTWEAKS/SETUP-JTWEAKS.TP2~ #0 #475 // Choose sunlight penalties (required) -> Dazzled (-2 to hit, -2 AC versus missiles): 3.1
~JTWEAKS/SETUP-JTWEAKS.TP2~ #0 #480 // Alternate Adoy's Belt: 3.1
~JTWEAKS/SETUP-JTWEAKS.TP2~ #0 #490 // Liia knows how to cast her spells: 3.1
~JTWEAKS/SETUP-JTWEAKS.TP2~ #0 #520 // Warrior and rogue HLAs can't be removed by spell-breakers: 3.1
~JTWEAKS/SETUP-JTWEAKS.TP2~ #0 #530 // Deactivate Spellhold picture monsters until their doors are opened: 3.1
~SUBTLED_ITEM_TWEAKS/SUBTLED_ITEM_TWEAKS.TP2~ #0 #100 // YARAS Yet Another Revised Armor System: v1.3.4
~SUBTLED_ITEM_TWEAKS/SUBTLED_ITEM_TWEAKS.TP2~ #0 #160 // All Potions Usable by Any Class: v1.3.4
~SUBTLED_ITEM_TWEAKS/SUBTLED_ITEM_TWEAKS.TP2~ #0 #1000 // Set Spell Weapon APR to 2: v1.3.4
~SUBTLED_ITEM_TWEAKS/SUBTLED_ITEM_TWEAKS.TP2~ #0 #1010 // Add Backstab Immunity to the Ring of Danger Sense: v1.3.4
~SUBTLED_ITEM_TWEAKS/SUBTLED_ITEM_TWEAKS.TP2~ #0 #1020 // Proper Missile Deflection for the Gloves of Missile Snaring: v1.3.4
~SUBTLED_ITEM_TWEAKS/SUBTLED_ITEM_TWEAKS.TP2~ #0 #1030 // Improve Detonating Weapons: v1.3.4
~SUBTLED_ITEM_TWEAKS/SUBTLED_ITEM_TWEAKS.TP2~ #0 #1040 // Add Revised Barkskin to 'Skin of the Forest' Armor: v1.3.4
~SUBTLED_ITEM_TWEAKS/SUBTLED_ITEM_TWEAKS.TP2~ #0 #1052 // Change IR's Rod of Absorption -> ...Longer Protection: v1.3.4
~SUBTLED_ITEM_TWEAKS/SUBTLED_ITEM_TWEAKS.TP2~ #0 #1060 // Make the Gargoyle Cloak Apply Stoneskin Instead of an AC Bonus: v1.3.4
~SUBTLED_ITEM_TWEAKS/SUBTLED_ITEM_TWEAKS.TP2~ #0 #1080 // Improve Azlaer's Harp and Methild's Harp: v1.3.4
~SUBTLED_ITEM_TWEAKS/SUBTLED_ITEM_TWEAKS.TP2~ #0 #1100 // Metamagic Instead of MR for Cloak of the Weave: v1.3.4
~A7-CONVENIENTEENPCS/A7-CONVENIENTEENPCS.TP2~ #0 #311 // Allied Caelar Argent in Avernus boss battle -> Joins as controllable follower if no free party slots available: v4.6
~A7-CONVENIENTEENPCS/A7-CONVENIENTEENPCS.TP2~ #0 #400 // Change portrait: Baeloth -> Alternate version: v4.6
~A7-CONVENIENTEENPCS/A7-CONVENIENTEENPCS.TP2~ #0 #410 // Change portrait: Dorn -> BG2 style: v4.6
~A7-CONVENIENTEENPCS/A7-CONVENIENTEENPCS.TP2~ #0 #420 // Change portrait: Hexxat (BG2 style): v4.6
~A7-CONVENIENTEENPCS/A7-CONVENIENTEENPCS.TP2~ #0 #430 // Change portrait: Neera -> BG2 style: v4.6
~A7-CONVENIENTEENPCS/A7-CONVENIENTEENPCS.TP2~ #0 #440 // Change portrait: Rasaad -> BG2 style: v4.6
~A7-CONVENIENTEENPCS/A7-CONVENIENTEENPCS.TP2~ #0 #450 // Improved portrait: Wilson: v4.6
~A7-CONVENIENTEENPCS/A7-CONVENIENTEENPCS.TP2~ #0 #512 // Change class/kit: Baeloth -> Dragon Disciple: v4.6
~A7-CONVENIENTEENPCS/A7-CONVENIENTEENPCS.TP2~ #0 #542 // Change class/kit: Neera -> Chaos Sorcerer: v4.6
~A7-CONVENIENTEENPCS/A7-CONVENIENTEENPCS.TP2~ #0 #670 // Change class/kit: Hexxat -> Fighter/Shadowdancer: v4.6
~STRATAGEMS/SETUP-STRATAGEMS.TP2~ #0 #3010 // Replace +1 arrows and other projectiles with nonmagical "fine" ones: 35.20
~STRATAGEMS/SETUP-STRATAGEMS.TP2~ #0 #3015 // Re-introduce potions of extra-healing: 35.20
~STRATAGEMS/SETUP-STRATAGEMS.TP2~ #0 #3505 // Wider selection of random scrolls: 35.20
~STRATAGEMS/SETUP-STRATAGEMS.TP2~ #0 #3540 // Reduce the power of Inquisitors' Dispel Magic -> Inquisitors dispel at 1.5 x their level (not twice their level): 35.20
~STRATAGEMS/SETUP-STRATAGEMS.TP2~ #0 #4000 // More Appropriate-Speed Bears: 35.20
~STRATAGEMS/SETUP-STRATAGEMS.TP2~ #0 #4020 // More realistic wolves and wild dogs: 35.20
~STRATAGEMS/SETUP-STRATAGEMS.TP2~ #0 #4030 // Improved shapeshifting: 35.20
~STRATAGEMS/SETUP-STRATAGEMS.TP2~ #0 #4051 // Decrease the rate at which reputation improves -> Reputation increases at about 1/2 the normal rate: 35.20
~STRATAGEMS/SETUP-STRATAGEMS.TP2~ #0 #4115 // Thieves assign skill points in multiples of five: 35.20
~STRATAGEMS/SETUP-STRATAGEMS.TP2~ #0 #4140 // Revised inn rooms: more expensive, more benefits: 35.20
~STRATAGEMS/SETUP-STRATAGEMS.TP2~ #0 #4150 // Allow the Cowled Wizards to detect spellcasting in most indoor, above-ground areas in Athkatla: 35.20
~STRATAGEMS/SETUP-STRATAGEMS.TP2~ #0 #4160 // Increase the price of a license to practise magic in Athkatla -> License costs 10,000 gp: 35.20
~STRATAGEMS/SETUP-STRATAGEMS.TP2~ #0 #4172 // Increase the price asked by Gaelan Bayle -> Gaelan wants 80,000 gold pieces: 35.20
~STRATAGEMS/SETUP-STRATAGEMS.TP2~ #0 #4190 // Make Watchers' Keep accessible between SoA and ToB (warning: this will make it inaccessible until the end of SoA): 35.20
~STRATAGEMS/SETUP-STRATAGEMS.TP2~ #0 #4215 // Remove unrealistically helpful items from certain areas: 35.20
~STRATAGEMS/SETUP-STRATAGEMS.TP2~ #0 #4216 // Remove unrealistically convenient ammunition from the game -> Only remove nonmagical ammo from random containers: 35.20
~STRATAGEMS/SETUP-STRATAGEMS.TP2~ #0 #5000 // Ease-of-use party AI: 35.20
~STRATAGEMS/SETUP-STRATAGEMS.TP2~ #0 #5080 // Improved BG Textscreens: 35.20
~STRATAGEMS/SETUP-STRATAGEMS.TP2~ #0 #5900 // Initialise AI components (required for all tactical and AI components): 35.20
~STRATAGEMS/SETUP-STRATAGEMS.TP2~ #0 #6000 // Smarter general AI: 35.20
~STRATAGEMS/SETUP-STRATAGEMS.TP2~ #0 #6010 // Better calls for help: 35.20
~STRATAGEMS/SETUP-STRATAGEMS.TP2~ #0 #6030 // Smarter Mages: 35.20
~STRATAGEMS/SETUP-STRATAGEMS.TP2~ #0 #6040 // Smarter Priests: 35.20
~STRATAGEMS/SETUP-STRATAGEMS.TP2~ #0 #6100 // Potions for NPCs: 35.20
~STRATAGEMS/SETUP-STRATAGEMS.TP2~ #0 #6200 // Improved Spiders: 35.20
~STRATAGEMS/SETUP-STRATAGEMS.TP2~ #0 #6300 // Smarter sirines and dryads: 35.20
~STRATAGEMS/SETUP-STRATAGEMS.TP2~ #0 #6310 // Slightly smarter carrion crawlers: 35.20
~STRATAGEMS/SETUP-STRATAGEMS.TP2~ #0 #6320 // Smarter basilisks: 35.20
~STRATAGEMS/SETUP-STRATAGEMS.TP2~ #0 #6500 // Improved golems: 35.20
~STRATAGEMS/SETUP-STRATAGEMS.TP2~ #0 #6510 // Improved fiends and celestials: 35.20
~STRATAGEMS/SETUP-STRATAGEMS.TP2~ #0 #6520 // Smarter genies: 35.20
~STRATAGEMS/SETUP-STRATAGEMS.TP2~ #0 #6540 // Smarter dragons: 35.20
~STRATAGEMS/SETUP-STRATAGEMS.TP2~ #0 #6550 // Smarter beholders: 35.20
~STRATAGEMS/SETUP-STRATAGEMS.TP2~ #0 #6560 // Smarter mind flayers: 35.20
~STRATAGEMS/SETUP-STRATAGEMS.TP2~ #0 #6570 // Smarter githyanki: 35.20
~STRATAGEMS/SETUP-STRATAGEMS.TP2~ #0 #6580 // Improved Vampires: 35.20
~STRATAGEMS/SETUP-STRATAGEMS.TP2~ #0 #6590 // Smarter Throne of Bhaal final villain: 35.20
~STRATAGEMS/SETUP-STRATAGEMS.TP2~ #0 #6800 // Smarter Illasera: 35.20
~STRATAGEMS/SETUP-STRATAGEMS.TP2~ #0 #6810 // Smarter Gromnir: 35.20
~STRATAGEMS/SETUP-STRATAGEMS.TP2~ #0 #6820 // Smarter Yaga-Shura: 35.20
~STRATAGEMS/SETUP-STRATAGEMS.TP2~ #0 #6830 // Smarter Abazigal: 35.20
~STRATAGEMS/SETUP-STRATAGEMS.TP2~ #0 #6840 // Ascension versions of Irenicus and Sendai use SCS abilities and AI: 35.20
~STRATAGEMS/SETUP-STRATAGEMS.TP2~ #0 #6850 // Ascension demons use SCS abilities and AI: 35.20
~STRATAGEMS/SETUP-STRATAGEMS.TP2~ #0 #7000 // Improved doppelgangers: 35.20
~STRATAGEMS/SETUP-STRATAGEMS.TP2~ #0 #7010 // Tougher Black Talons and Iron Throne guards: 35.20
~STRATAGEMS/SETUP-STRATAGEMS.TP2~ #0 #7020 // Improved deployment for parties of assassins: 35.20
~STRATAGEMS/SETUP-STRATAGEMS.TP2~ #0 #7030 // Improved kobolds: 35.20
~STRATAGEMS/SETUP-STRATAGEMS.TP2~ #0 #7040 // Relocated bounty hunters: 35.20
~STRATAGEMS/SETUP-STRATAGEMS.TP2~ #0 #7050 // Improved Ulcaster: 35.20
~STRATAGEMS/SETUP-STRATAGEMS.TP2~ #0 #7060 // Improved Balduran's Isle: 35.20
~STRATAGEMS/SETUP-STRATAGEMS.TP2~ #0 #7070 // Improved Durlag's Tower: 35.20
~STRATAGEMS/SETUP-STRATAGEMS.TP2~ #0 #7080 // Improved Demon Cultists: 35.20
~STRATAGEMS/SETUP-STRATAGEMS.TP2~ #0 #7090 // Improved Cloakwood Druids: 35.20
~STRATAGEMS/SETUP-STRATAGEMS.TP2~ #0 #7100 // Improved Bassilus: 35.20
~STRATAGEMS/SETUP-STRATAGEMS.TP2~ #0 #7110 // Improved Drasus party: 35.20
~STRATAGEMS/SETUP-STRATAGEMS.TP2~ #0 #7130 // Improved Red Wizards: 35.20
~STRATAGEMS/SETUP-STRATAGEMS.TP2~ #0 #7140 // Improved Undercity assassins: 35.20
~STRATAGEMS/SETUP-STRATAGEMS.TP2~ #0 #7150 // Improved Carsa/Kahrk interaction: 35.20
~STRATAGEMS/SETUP-STRATAGEMS.TP2~ #0 #7200 // Tougher chapter-two end battle: 35.20
~STRATAGEMS/SETUP-STRATAGEMS.TP2~ #0 #7210 // Tougher chapter-three end battle: 35.20
~STRATAGEMS/SETUP-STRATAGEMS.TP2~ #0 #7220 // Tougher chapter-four end battle: 35.20
~STRATAGEMS/SETUP-STRATAGEMS.TP2~ #0 #7230 // Tougher chapter-five end battle: 35.20
~STRATAGEMS/SETUP-STRATAGEMS.TP2~ #0 #7250 // Improved final battle: 35.20
~STRATAGEMS/SETUP-STRATAGEMS.TP2~ #0 #7900 // Improved minor encounters: 35.20
~STRATAGEMS/SETUP-STRATAGEMS.TP2~ #0 #8000 // Make the starting dungeon slightly harder: 35.20
~STRATAGEMS/SETUP-STRATAGEMS.TP2~ #0 #8010 // Improved Shade Lord: 35.20
~STRATAGEMS/SETUP-STRATAGEMS.TP2~ #0 #8020 // Spellcasting Demiliches: 35.20
~STRATAGEMS/SETUP-STRATAGEMS.TP2~ #0 #8040 // Tie difficulty of level-dependent monster groupings to the difficulty slider: 35.20
~STRATAGEMS/SETUP-STRATAGEMS.TP2~ #0 #8050 // Improved Random Encounters: 35.20
~STRATAGEMS/SETUP-STRATAGEMS.TP2~ #0 #8060 // Improved de'Arnise Keep ("Tactics Remix"): 35.20
~STRATAGEMS/SETUP-STRATAGEMS.TP2~ #0 #8070 // Improved Unseeing Eye: 35.20
~STRATAGEMS/SETUP-STRATAGEMS.TP2~ #0 #8080 // Improved Bodhi: 35.20
~STRATAGEMS/SETUP-STRATAGEMS.TP2~ #0 #8100 // Improved battle with Irenicus in Spellhold: 35.20
~STRATAGEMS/SETUP-STRATAGEMS.TP2~ #0 #8110 // Improved Sahuagin: 35.20
~STRATAGEMS/SETUP-STRATAGEMS.TP2~ #0 #8120 // Improved Beholder hive: 35.20
~STRATAGEMS/SETUP-STRATAGEMS.TP2~ #0 #8130 // Rebalanced troll regeneration: 35.20
~STRATAGEMS/SETUP-STRATAGEMS.TP2~ #0 #8140 // Improved Drow: 35.20
~STRATAGEMS/SETUP-STRATAGEMS.TP2~ #0 #8150 // Improved Watcher's Keep: 35.20
~STRATAGEMS/SETUP-STRATAGEMS.TP2~ #0 #8160 // Improved Fire Giant temple: 35.20
~STRATAGEMS/SETUP-STRATAGEMS.TP2~ #0 #8170 // Improved Sendai's Enclave: 35.20
~STRATAGEMS/SETUP-STRATAGEMS.TP2~ #0 #8180 // Improved Abazigal's Lair: 35.20
~STRATAGEMS/SETUP-STRATAGEMS.TP2~ #0 #8190 // Improved Minor Encounters: 35.20
~CDTWEAKS/SETUP-CDTWEAKS.TP2~ #0 #20 // Change Imoen's Avatar to Mage: v16
~CDTWEAKS/SETUP-CDTWEAKS.TP2~ #0 #40 // Change Viconia's Skin Color to Dark Blue: v16
~CDTWEAKS/SETUP-CDTWEAKS.TP2~ #0 #60 // Weapon Animation Tweaks: v16
~CDTWEAKS/SETUP-CDTWEAKS.TP2~ #0 #110 // Icon Improvements: v16
~CDTWEAKS/SETUP-CDTWEAKS.TP2~ #0 #130 // Force All Dialogue to Pause Game: v16
~CDTWEAKS/SETUP-CDTWEAKS.TP2~ #0 #140 // Fix Boo's Squeak: v16
~CDTWEAKS/SETUP-CDTWEAKS.TP2~ #0 #160 // Make Magic Shields Glow [plainab/grogerson]: v16
~CDTWEAKS/SETUP-CDTWEAKS.TP2~ #0 #170 // Unique Icons [Lava] -> Only replace icons that aren't already unique: v16
~CDTWEAKS/SETUP-CDTWEAKS.TP2~ #0 #182 // Unique Containers [Miloch] -> Unique icons and names: v16
~CDTWEAKS/SETUP-CDTWEAKS.TP2~ #0 #3151 // Remove Annoying Visual Effects from Equipped Items -> Remove all of the above: v16
~CDTWEAKS/SETUP-CDTWEAKS.TP2~ #0 #2010 // Separate Resist Fire/Cold Icon into Separate Icons [Angel]: v16
~CDTWEAKS/SETUP-CDTWEAKS.TP2~ #0 #1010 // More Interjections: v16
~CDTWEAKS/SETUP-CDTWEAKS.TP2~ #0 #1020 // Alter HP Triggers for NPC Wounded Dialogues: v16
~CDTWEAKS/SETUP-CDTWEAKS.TP2~ #0 #1030 // Reveal Wilderness Areas Before Chapter Six: v16
~CDTWEAKS/SETUP-CDTWEAKS.TP2~ #0 #1036 // Make Cloakwood Areas Available Before Completing the Bandit Camp -> All of Cloakwood except the mines: v16
~CDTWEAKS/SETUP-CDTWEAKS.TP2~ #0 #1040 // Improved Athkatlan City Guard: v16
~CDTWEAKS/SETUP-CDTWEAKS.TP2~ #0 #1060 // Breakable Iron Non-Magical Shields, Helms, and Armor: v16
~CDTWEAKS/SETUP-CDTWEAKS.TP2~ #0 #1075 // Send BioWare NPCs to an Inn [DavidW/Zed Nocear]: v16
~CDTWEAKS/SETUP-CDTWEAKS.TP2~ #0 #1080 // Add Bags of Holding: v16
~CDTWEAKS/SETUP-CDTWEAKS.TP2~ #0 #1101 // Do Not Reveal City Maps When Entering Area: v16
~CDTWEAKS/SETUP-CDTWEAKS.TP2~ #0 #1120 // Stores Sell Higher Stacks of Items: v16
~CDTWEAKS/SETUP-CDTWEAKS.TP2~ #0 #1180 // Female Edwina [Davide Carte, Wendy Yung, Weimer]: v16
~CDTWEAKS/SETUP-CDTWEAKS.TP2~ #0 #1220 // Allow Cromwell to Upgrade Watcher's Keep Items: v16
~CDTWEAKS/SETUP-CDTWEAKS.TP2~ #0 #1225 // Adjust Cromwell's Forging Time -> Instant forging (original BG2 default): v16
~CDTWEAKS/SETUP-CDTWEAKS.TP2~ #0 #1230 // Allow Cespenar to Use Cromwell Recipes: v16
~CDTWEAKS/SETUP-CDTWEAKS.TP2~ #0 #1251 // Move NPCs to Convenient Locations: Move Alora to Gullykin: v16
~CDTWEAKS/SETUP-CDTWEAKS.TP2~ #0 #1253 // Move NPCs to Convenient Locations: Move Quayle to the Nashkel Carnival: v16
~CDTWEAKS/SETUP-CDTWEAKS.TP2~ #0 #1254 // Move NPCs to Convenient Locations: Move Shar-Teel to North Nashkel Road: v16
~CDTWEAKS/SETUP-CDTWEAKS.TP2~ #0 #1255 // Move NPCs to Convenient Locations: Move Tiax to Beregost: v16
~CDTWEAKS/SETUP-CDTWEAKS.TP2~ #0 #1256 // Move NPCs to Convenient Locations: Move Viconia to South Beregost Road: v16
~CDTWEAKS/SETUP-CDTWEAKS.TP2~ #0 #1270 // Change Cloakwood Mine Chapter End Change Trigger to Non-TotSC Behavior [plainab]: v16
~CDTWEAKS/SETUP-CDTWEAKS.TP2~ #0 #2090 // Change Experience Point Cap -> Remove experience cap: v16
~CDTWEAKS/SETUP-CDTWEAKS.TP2~ #0 #2151 // Wear Multiple Protection Items -> No restrictions: v16
~CDTWEAKS/SETUP-CDTWEAKS.TP2~ #0 #2170 // Cast Spells from Scrolls (and Other Items) at Character Level: v16
~CDTWEAKS/SETUP-CDTWEAKS.TP2~ #0 #2220 // Change Magically Created Weapons to Zero Weight: v16
~CDTWEAKS/SETUP-CDTWEAKS.TP2~ #0 #2300 // Triple-Class HLA Tables: v16
~CDTWEAKS/SETUP-CDTWEAKS.TP2~ #0 #2312 // Add Save Penalties for Spells Cast by High-Level Casters -> Arcane and divine magic: v16
~CDTWEAKS/SETUP-CDTWEAKS.TP2~ #0 #2320 // Trap Cap Removal [Ardanis/GeN1e]: v16
~CDTWEAKS/SETUP-CDTWEAKS.TP2~ #0 #2330 // Remove Delay for Magical Traps [Ardanis/GeN1e]: v16
~CDTWEAKS/SETUP-CDTWEAKS.TP2~ #0 #2339 // Remove Summoning Cap for Regular Summons: v16
~CDTWEAKS/SETUP-CDTWEAKS.TP2~ #0 #2340 // Remove Summoning Cap for Celestials [Ardanis/GeN1e]: v16
~CDTWEAKS/SETUP-CDTWEAKS.TP2~ #0 #2410 // Druids Use 3E Alignment Restrictions: v16
~CDTWEAKS/SETUP-CDTWEAKS.TP2~ #0 #2500 // Exceptional Strength Weight Limit Changes [sarevok57]: v16
~CDTWEAKS/SETUP-CDTWEAKS.TP2~ #0 #2510 // Level-Lock Spell Scrolls [Angel]: v16
~CDTWEAKS/SETUP-CDTWEAKS.TP2~ #0 #2520 // Allow Mages to Use Bucklers and Thieves to Use Small Shields [Angel]: v16
~CDTWEAKS/SETUP-CDTWEAKS.TP2~ #0 #2530 // Lightning Bolts Don't Bounce [Angel]: v16
~CDTWEAKS/SETUP-CDTWEAKS.TP2~ #0 #2540 // Speed Up de'Arnise Keep Stronghold Quests: v16
~CDTWEAKS/SETUP-CDTWEAKS.TP2~ #0 #2560 // Allow Monks to Wear Helmets: v16
~CDTWEAKS/SETUP-CDTWEAKS.TP2~ #0 #2590 // Thieves Can Backstab With More Weapons With "Use Any Item" or as Dual- and Multi-Classes: v16
~CDTWEAKS/SETUP-CDTWEAKS.TP2~ #0 #2620 // Make Certain Creatures Immune to Backstab/Sneak Attack [Luke]: v16
~CDTWEAKS/SETUP-CDTWEAKS.TP2~ #0 #2999 // Max HP at Level One: v16
~CDTWEAKS/SETUP-CDTWEAKS.TP2~ #0 #3020 // Identify All Items: v16
~CDTWEAKS/SETUP-CDTWEAKS.TP2~ #0 #3031 // Easy Spell Learning -> 100% learn spells and no maximum cap: v16
~CDTWEAKS/SETUP-CDTWEAKS.TP2~ #0 #3040 // Make Bags of Holding Bottomless: v16
~CDTWEAKS/SETUP-CDTWEAKS.TP2~ #0 #3050 // Remove Fatigue from Restoration Spells: v16
~CDTWEAKS/SETUP-CDTWEAKS.TP2~ #0 #3060 // Remove "You Must Gather Your Party..." Sound [Weimer]: v16
~CDTWEAKS/SETUP-CDTWEAKS.TP2~ #0 #3071 // Change Effect of Reputation on Store Prices -> Reputation has no effect, stores price fixed at 100% [Luiz]: v16
~CDTWEAKS/SETUP-CDTWEAKS.TP2~ #0 #3083 // Increase Ammo Stack Size -> Stacks of 120: v16
~CDTWEAKS/SETUP-CDTWEAKS.TP2~ #0 #3091 // Increase Jewelry, Gem, and Miscellaneous Item Stacks -> Stacks of 40: v16
~CDTWEAKS/SETUP-CDTWEAKS.TP2~ #0 #3101 // Increase Potion Stacking -> Stacks of 40: v16
~CDTWEAKS/SETUP-CDTWEAKS.TP2~ #0 #3111 // Increase Scroll Stacking -> Stacks of 40: v16
~CDTWEAKS/SETUP-CDTWEAKS.TP2~ #0 #3121 // Happy Patch - Alter How Party NPCs Complain About Reputation -> NPCs can be angry about reputation but never leave [Salk]: v16
~CDTWEAKS/SETUP-CDTWEAKS.TP2~ #0 #3125 // Neutral Characters Make Happy Comments at Mid-Range Reputation [Luiz]: v16
~CDTWEAKS/SETUP-CDTWEAKS.TP2~ #0 #3170 // No Drow Avatars On Party In Underdark [Weimer]: v16
~CDTWEAKS/SETUP-CDTWEAKS.TP2~ #0 #3176 // Accelerate/Decelerate Romances: v16
~CDTWEAKS/SETUP-CDTWEAKS.TP2~ #0 #3183 // Romance Cheats [Sabre, Richardson, Weimer]: v16
~CDTWEAKS/SETUP-CDTWEAKS.TP2~ #0 #3190 // Rest Anywhere [japheth]: v16
~CDTWEAKS/SETUP-CDTWEAKS.TP2~ #0 #3194 // Alter Hostile Rest Spawns -> Disable completely: v16
~CDTWEAKS/SETUP-CDTWEAKS.TP2~ #0 #3200 // Sellable Items [icelus]: v16
~CDTWEAKS/SETUP-CDTWEAKS.TP2~ #0 #3205 // Stores Purchase All Item Types: v16
~CDTWEAKS/SETUP-CDTWEAKS.TP2~ #0 #3230 // Taerom Makes Additional Ankheg Armor [Icendoan/grogerson]: v16
~CDTWEAKS/SETUP-CDTWEAKS.TP2~ #0 #3280 // Give Every Class/Kit Four Weapon Slots: v16
~CDTWEAKS/SETUP-CDTWEAKS.TP2~ #0 #3320 // No Depreciation in Stores: v16
~CDTWEAKS/SETUP-CDTWEAKS.TP2~ #0 #3330 // Make Party Members Less Likely to Die Irreversibly: v16
~CDTWEAKS/SETUP-CDTWEAKS.TP2~ #0 #3340 // Increase Party Movement Speed and/or Casting Speed Outside of Combat [argent77] -> Movement speed by 50 percent: v16
~CDTWEAKS/SETUP-CDTWEAKS.TP2~ #0 #3355 // Create Interval Saves [argent77] -> Every 30 minutes (cycle through four saves): v16
~CDTWEAKS/SETUP-CDTWEAKS.TP2~ #0 #4000 // Adjust Evil Joinable NPC Reaction Rolls: v16
~CDTWEAKS/SETUP-CDTWEAKS.TP2~ #0 #4020 // ToB-Style NPCs: v16
~CDTWEAKS/SETUP-CDTWEAKS.TP2~ #0 #4025 // Allow NPC Pairs to Separate: v16
~CDTWEAKS/SETUP-CDTWEAKS.TP2~ #0 #4031 // Consistent Stats: Edwin -> Use BG2 values: v16
~CDTWEAKS/SETUP-CDTWEAKS.TP2~ #0 #4041 // Consistent Stats: Jaheira -> Use BG2 values: v16
~CDTWEAKS/SETUP-CDTWEAKS.TP2~ #0 #4050 // Change Jaheira to Neutral Good Alignment: v16
~CDTWEAKS/SETUP-CDTWEAKS.TP2~ #0 #4061 // Consistent Stats: Minsc -> Use BG2 values: v16
~CDTWEAKS/SETUP-CDTWEAKS.TP2~ #0 #4071 // Consistent Stats: Viconia -> Use BG2 values: v16
~CDTWEAKS/SETUP-CDTWEAKS.TP2~ #0 #4080 // Make Khalid a Fighter-Mage [Domi]: v16
~CDTWEAKS/SETUP-CDTWEAKS.TP2~ #0 #4100 // Change Korgan to Neutral Evil Alignment: v16
~CDTWEAKS/SETUP-CDTWEAKS.TP2~ #0 #4110 // Give Kagain a Legal Constitution Score of 19: v16
~CDTWEAKS/SETUP-CDTWEAKS.TP2~ #0 #4120 // Give Coran a Legal Dexterity Score of 19: v16
~CDTWEAKS/SETUP-CDTWEAKS.TP2~ #0 #4150 // Move Boo Into Minsc's Pack: v16
~CDTWEAKS/SETUP-CDTWEAKS.TP2~ #0 #4160 // Allow Yeslick to Use Axes: v16
~CDTWEAKS/SETUP-CDTWEAKS.TP2~ #0 #4170 // Ensure Shar-Teel Doesn't Die in the Original Challenge: v16
~COMBAT_SKILL_PROFICIENCIES/COMBAT_SKILL_PROFICIENCIES.TP2~ #0 #10 // Revised Proficiency System: v1.4.6
~SUBTLED_STAT_OVERHAULS/SUBTLED_STAT_OVERHAULS.TP2~ #0 #100 // Ability Score Overhaul: v1.6.2
~SUBTLED_STAT_OVERHAULS/SUBTLED_STAT_OVERHAULS.TP2~ #0 #110 // Stat-based Bonus Spell Slots: v1.6.2
~SUBTLED_STAT_OVERHAULS/SUBTLED_STAT_OVERHAULS.TP2~ #0 #121 // Stat-based Bonus Spells for 5E Casters -> bonuses for memorization slots AND casting slots: v1.6.2
~SUBTLED_STAT_OVERHAULS/SUBTLED_STAT_OVERHAULS.TP2~ #0 #130 // Full Strength for 2-Hand Weapons Only: v1.6.2
~SUBTLED_STAT_OVERHAULS/SUBTLED_STAT_OVERHAULS.TP2~ #0 #152 // Hit Dice Overhaul -> Closer to average hit points: v1.6.2
~SUBTLED_STAT_OVERHAULS/SUBTLED_STAT_OVERHAULS.TP2~ #0 #160 // Saving Throw Overhaul: v1.6.2
~SUBTLED_STAT_OVERHAULS/SUBTLED_STAT_OVERHAULS.TP2~ #0 #180 // Lower Dual-Class Requirements: v1.6.2
~SUBTLED_STAT_OVERHAULS/SUBTLED_STAT_OVERHAULS.TP2~ #0 #200 // Slower, Standardized XP Tables: v1.6.2
~COMBAT_SKILL_PROFICIENCIES/COMBAT_SKILL_PROFICIENCIES.TP2~ #0 #30 // Combat Skill Points: v1.4.6
~COMBAT_SKILL_PROFICIENCIES/COMBAT_SKILL_PROFICIENCIES.TP2~ #0 #70 // Fighting Style Changes: v1.4.6
~COMBAT_SKILL_PROFICIENCIES/COMBAT_SKILL_PROFICIENCIES.TP2~ #0 #90 // APR on Spec: v1.4.6
~EET_TWEAKS/EET_TWEAKS.TP2~ #0 #1000 // Edwin appearance -> BG1: 1.12
~EET_TWEAKS/EET_TWEAKS.TP2~ #0 #1011 // Imoen appearance -> BG2: 1.12
~EET_TWEAKS/EET_TWEAKS.TP2~ #0 #1020 // Jaheira appearance -> BG1: 1.12
~EET_TWEAKS/EET_TWEAKS.TP2~ #0 #1031 // Minsc appearance -> BG2: 1.12
~EET_TWEAKS/EET_TWEAKS.TP2~ #0 #1041 // Viconia appearance -> BG2: 1.12
~EET_TWEAKS/EET_TWEAKS.TP2~ #0 #1050 // Cameo NPCs appearance: 1.12
~EET_TWEAKS/EET_TWEAKS.TP2~ #0 #2051 // XP for killing creatures -> Decrease to 75%: 1.12
~EET_TWEAKS/EET_TWEAKS.TP2~ #0 #2061 // XP for quests -> Decrease to 75%: 1.12
~EET_TWEAKS/EET_TWEAKS.TP2~ #0 #2070 // Party XP for quests distributed individually: 1.12
~EET_TWEAKS/EET_TWEAKS.TP2~ #0 #3000 // Disable hostile reaction after charm: 1.12
~EET_TWEAKS/EET_TWEAKS.TP2~ #0 #3020 // Familiar death consequences -> Constitution loss & blocked summoning for 1 week: 1.12
~EET_TWEAKS/EET_TWEAKS.TP2~ #0 #3050 // One time area spawn points (no respawning): 1.12
~EET_TWEAKS/EET_TWEAKS.TP2~ #0 #4020 // Higher framerates support: 1.12
~EET_TWEAKS/EET_TWEAKS.TP2~ #0 #4050 // Books/Scrolls categorization: 1.12
~EET_TWEAKS/EET_TWEAKS.TP2~ #0 #4060 // Wand Case: 1.12
~EET_TWEAKS/EET_TWEAKS.TP2~ #0 #4070 // Key Ring: 1.12
~NPC_EE/NPC_EE.TP2~ #0 #1010 // Remove dual-class flag from Imoen (warning, see Readme): 6.5.2
~NPC_EE/NPC_EE.TP2~ #0 #1020 // Remove dual-class flag from Nalia (warning, see Readme): 6.5.2
~NPC_EE/NPC_EE.TP2~ #0 #1030 // Remove dual-class flag from Anomen (warning, see Readme): 6.5.2
~NPC_EE/NPC_EE.TP2~ #0 #1200 // Remove dual-class flag from all other NPCs (warning, see Readme): 6.5.2
~NPC_EE/NPC_EE.TP2~ #0 #2000 // NPC class/stat/kit choices: 6.5.2
~DRUIDGROVEMAKEOVER/SETUP-DRUIDGROVEMAKEOVER.TP2~ #0 #0 // Druid Grove Area Visual Makeover
~BGGO/BGGO.TP2~ #0 #0 // BGGO for EET, BGT, BGEE, BG2EE, ToB and Tutu: v3.1
~HQ_SOUNDCLIPS_BG2EE/HQ_SOUNDCLIPS_BG2EE.TP2~ #0 #0 // Install high quality soundclips for new BG2EE content: 1.3
~JAHEIRARECAST/JAHEIRARECAST.TP2~ #0 #1 // Jaheira Recast: Character Sounds -> Use BG1+BG2 Character Sounds: v3.2
~JAHEIRARECAST/JAHEIRARECAST.TP2~ #0 #2 // Jaheira Recast: Dialog Voiceover: v3.2
~PLASMOBG1BG2/PLASMOBG1BG2.TP2~ #0 #1000 // Make all portraits available for use by the PC: v5
~PICKS_OF_THE_LITTER/PICKS_OF_THE_LITTER.TP2~ #0 #0 // Plasmocat's Picks of the Litter Portrait Pack: v4
~PPE/SETUP-PPE.TP2~ #0 #0 // Portraits Portraits Everywhere (PPE) - core component: 1.02
~PPE/SETUP-PPE.TP2~ #0 #100 // Category Portraits (Recommended) -> Sequenced: 1.02
~PPE/SETUP-PPE.TP2~ #0 #10 // Isandir's CHARNAME Portraits: 1.02
~LIGHTINGPACK/LIGHTINGPACK.TP2~ #0 #2 // Shader script files for lighting control -> Moderately increased contrast, brightness and gamma (recommended): v3.1
~LIGHTINGPACK/LIGHTINGPACK.TP2~ #0 #102 // Modify Color Temperature -> Apply preset "Daylight (neutral)" (6,500 Kelvin): v3.1
~BP-BGT-WORLDMAP/SETUP-BP-BGT-WORLDMAP.TP2~ #0 #0 // Worldmap for Baldur's Gate - including colored Baldur's Gate map icons: v13.1.1
~BP-BGT-WORLDMAP/SETUP-BP-BGT-WORLDMAP.TP2~ #0 #4 // Larger worldmap screen window for the worldmap menu.ui -> BG2 style: v13.1.1
~EET_END/EET_END.TP2~ #0 #0 // EET end (last mod in install order) -> Standard installation
